Archive member included to satisfy reference by file (symbol)

C:/ST/STM32CubeIDE_2.0.0/STM32CubeIDE/plugins/com.st.stm32cube.ide.mcu.externaltools.gnu-tools-for-stm32.13.3.rel1.win32_1.0.100.202509120712/tools/bin/../lib/gcc/arm-none-eabi/13.3.1/thumb/v6-m/nofp\libgcc.a(_udivsi3.o)
                              C:/Users/Esther/Desktop/tpNoyauTempsReel/tp_syst_contro/config_default/cmake/stm32cubemx/CMakeFiles/STM32_Drivers.dir/__/__/Core/Src/system_stm32g0xx.c.obj (__aeabi_uidiv)
C:/ST/STM32CubeIDE_2.0.0/STM32CubeIDE/plugins/com.st.stm32cube.ide.mcu.externaltools.gnu-tools-for-stm32.13.3.rel1.win32_1.0.100.202509120712/tools/bin/../lib/gcc/arm-none-eabi/13.3.1/thumb/v6-m/nofp\libgcc.a(_dvmd_tls.o)
                              C:/ST/STM32CubeIDE_2.0.0/STM32CubeIDE/plugins/com.st.stm32cube.ide.mcu.externaltools.gnu-tools-for-stm32.13.3.rel1.win32_1.0.100.202509120712/tools/bin/../lib/gcc/arm-none-eabi/13.3.1/thumb/v6-m/nofp\libgcc.a(_udivsi3.o) (__aeabi_idiv0)
C:/ST/STM32CubeIDE_2.0.0/STM32CubeIDE/plugins/com.st.stm32cube.ide.mcu.externaltools.gnu-tools-for-stm32.13.3.rel1.win32_1.0.100.202509120712/tools/bin/../lib/gcc/arm-none-eabi/13.3.1/../../../../arm-none-eabi/lib/thumb/v6-m/nofp\libg_nano.a(libc_a-exit.o)
                              C:/ST/STM32CubeIDE_2.0.0/STM32CubeIDE/plugins/com.st.stm32cube.ide.mcu.externaltools.gnu-tools-for-stm32.13.3.rel1.win32_1.0.100.202509120712/tools/bin/../lib/gcc/arm-none-eabi/13.3.1/../../../../arm-none-eabi/lib/thumb/v6-m/nofp/crt0.o (exit)
C:/ST/STM32CubeIDE_2.0.0/STM32CubeIDE/plugins/com.st.stm32cube.ide.mcu.externaltools.gnu-tools-for-stm32.13.3.rel1.win32_1.0.100.202509120712/tools/bin/../lib/gcc/arm-none-eabi/13.3.1/../../../../arm-none-eabi/lib/thumb/v6-m/nofp\libg_nano.a(libc_a-findfp.o)
                              C:/ST/STM32CubeIDE_2.0.0/STM32CubeIDE/plugins/com.st.stm32cube.ide.mcu.externaltools.gnu-tools-for-stm32.13.3.rel1.win32_1.0.100.202509120712/tools/bin/../lib/gcc/arm-none-eabi/13.3.1/../../../../arm-none-eabi/lib/thumb/v6-m/nofp\libg_nano.a(libc_a-exit.o) (__stdio_exit_handler)
C:/ST/STM32CubeIDE_2.0.0/STM32CubeIDE/plugins/com.st.stm32cube.ide.mcu.externaltools.gnu-tools-for-stm32.13.3.rel1.win32_1.0.100.202509120712/tools/bin/../lib/gcc/arm-none-eabi/13.3.1/../../../../arm-none-eabi/lib/thumb/v6-m/nofp\libg_nano.a(libc_a-fwalk.o)
                              C:/ST/STM32CubeIDE_2.0.0/STM32CubeIDE/plugins/com.st.stm32cube.ide.mcu.externaltools.gnu-tools-for-stm32.13.3.rel1.win32_1.0.100.202509120712/tools/bin/../lib/gcc/arm-none-eabi/13.3.1/../../../../arm-none-eabi/lib/thumb/v6-m/nofp\libg_nano.a(libc_a-findfp.o) (_fwalk_sglue)
C:/ST/STM32CubeIDE_2.0.0/STM32CubeIDE/plugins/com.st.stm32cube.ide.mcu.externaltools.gnu-tools-for-stm32.13.3.rel1.win32_1.0.100.202509120712/tools/bin/../lib/gcc/arm-none-eabi/13.3.1/../../../../arm-none-eabi/lib/thumb/v6-m/nofp\libg_nano.a(libc_a-stdio.o)
                              C:/ST/STM32CubeIDE_2.0.0/STM32CubeIDE/plugins/com.st.stm32cube.ide.mcu.externaltools.gnu-tools-for-stm32.13.3.rel1.win32_1.0.100.202509120712/tools/bin/../lib/gcc/arm-none-eabi/13.3.1/../../../../arm-none-eabi/lib/thumb/v6-m/nofp\libg_nano.a(libc_a-findfp.o) (__sread)
C:/ST/STM32CubeIDE_2.0.0/STM32CubeIDE/plugins/com.st.stm32cube.ide.mcu.externaltools.gnu-tools-for-stm32.13.3.rel1.win32_1.0.100.202509120712/tools/bin/../lib/gcc/arm-none-eabi/13.3.1/../../../../arm-none-eabi/lib/thumb/v6-m/nofp\libg_nano.a(libc_a-memset.o)
                              C:/ST/STM32CubeIDE_2.0.0/STM32CubeIDE/plugins/com.st.stm32cube.ide.mcu.externaltools.gnu-tools-for-stm32.13.3.rel1.win32_1.0.100.202509120712/tools/bin/../lib/gcc/arm-none-eabi/13.3.1/../../../../arm-none-eabi/lib/thumb/v6-m/nofp/crt0.o (memset)
C:/ST/STM32CubeIDE_2.0.0/STM32CubeIDE/plugins/com.st.stm32cube.ide.mcu.externaltools.gnu-tools-for-stm32.13.3.rel1.win32_1.0.100.202509120712/tools/bin/../lib/gcc/arm-none-eabi/13.3.1/../../../../arm-none-eabi/lib/thumb/v6-m/nofp\libg_nano.a(libc_a-closer.o)
                              C:/ST/STM32CubeIDE_2.0.0/STM32CubeIDE/plugins/com.st.stm32cube.ide.mcu.externaltools.gnu-tools-for-stm32.13.3.rel1.win32_1.0.100.202509120712/tools/bin/../lib/gcc/arm-none-eabi/13.3.1/../../../../arm-none-eabi/lib/thumb/v6-m/nofp\libg_nano.a(libc_a-stdio.o) (_close_r)
C:/ST/STM32CubeIDE_2.0.0/STM32CubeIDE/plugins/com.st.stm32cube.ide.mcu.externaltools.gnu-tools-for-stm32.13.3.rel1.win32_1.0.100.202509120712/tools/bin/../lib/gcc/arm-none-eabi/13.3.1/../../../../arm-none-eabi/lib/thumb/v6-m/nofp\libg_nano.a(libc_a-reent.o)
                              C:/ST/STM32CubeIDE_2.0.0/STM32CubeIDE/plugins/com.st.stm32cube.ide.mcu.externaltools.gnu-tools-for-stm32.13.3.rel1.win32_1.0.100.202509120712/tools/bin/../lib/gcc/arm-none-eabi/13.3.1/../../../../arm-none-eabi/lib/thumb/v6-m/nofp\libg_nano.a(libc_a-closer.o) (errno)
[...]
Memory Configuration

Name             Origin             Length             Attributes
RAM              0x20000000         0x00002000         xrw
FLASH            0x08000000         0x00010000         xr
*default*        0x00000000         0xffffffff

Linker script and memory map

LOAD C:/ST/STM32CubeIDE_2.0.0/STM32CubeIDE/plugins/com.st.stm32cube.ide.mcu.externaltools.gnu-tools-for-stm32.13.3.rel1.win32_1.0.100.202509120712/tools/bin/../lib/gcc/arm-none-eabi/13.3.1/thumb/v6-m/nofp/crti.o
LOAD C:/ST/STM32CubeIDE_2.0.0/STM32CubeIDE/plugins/com.st.stm32cube.ide.mcu.externaltools.gnu-tools-for-stm32.13.3.rel1.win32_1.0.100.202509120712/tools/bin/../lib/gcc/arm-none-eabi/13.3.1/thumb/v6-m/nofp/crtbegin.o
LOAD C:/ST/STM32CubeIDE_2.0.0/STM32CubeIDE/plugins/com.st.stm32cube.ide.mcu.externaltools.gnu-tools-for-stm32.13.3.rel1.win32_1.0.100.202509120712/tools/bin/../lib/gcc/arm-none-eabi/13.3.1/../../../../arm-none-eabi/lib/thumb/v6-m/nofp/crt0.o
LOAD CMakeFiles/tp_syst_contro.dir/Core/Src/main.c.obj
LOAD CMakeFiles/tp_syst_contro.dir/Core/Src/stm32g0xx_it.c.obj
LOAD CMakeFiles/tp_syst_contro.dir/Core/Src/stm32g0xx_hal_msp.c.obj
LOAD CMakeFiles/tp_syst_contro.dir/Core/Src/sysmem.c.obj
LOAD CMakeFiles/tp_syst_contro.dir/Core/Src/syscalls.c.obj
LOAD CMakeFiles/tp_syst_contro.dir/startup_stm32g031xx.s.obj
LOAD C:/Users/Esther/Desktop/tpNoyauTempsReel/tp_syst_contro/config_default/cmake/stm32cubemx/CMakeFiles/STM32_Drivers.dir/__/__/Core/Src/system_stm32g0xx.c.obj
LOAD C:/Users/Esther/Desktop/tpNoyauTempsReel/tp_syst_contro/config_default/cmake/stm32cubemx/CMakeFiles/STM32_Drivers.dir/__/__/Drivers/STM32G0xx_HAL_Driver/Src/stm32g0xx_hal_adc.c.obj
LOAD C:/Users/Esther/Desktop/tpNoyauTempsReel/tp_syst_contro/config_default/cmake/stm32cubemx/CMakeFiles/STM32_Drivers.dir/__/__/Drivers/STM32G0xx_HAL_Driver/Src/stm32g0xx_hal_adc_ex.c.obj
LOAD C:/Users/Esther/Desktop/tpNoyauTempsReel/tp_syst_contro/config_default/cmake/stm32cubemx/CMakeFiles/STM32_Drivers.dir/__/__/Drivers/STM32G0xx_HAL_Driver/Src/stm32g0xx_ll_adc.c.obj
LOAD C:/Users/Esther/Desktop/tpNoyauTempsReel/tp_syst_contro/config_default/cmake/stm32cubemx/CMakeFiles/STM32_Drivers.dir/__/__/Drivers/STM32G0xx_HAL_Driver/Src/stm32g0xx_hal_rcc.c.obj
LOAD C:/Users/Esther/Desktop/tpNoyauTempsReel/tp_syst_contro/config_default/cmake/stm32cubemx/CMakeFiles/STM32_Drivers.dir/__/__/Drivers/STM32G0xx_HAL_Driver/Src/stm32g0xx_hal_rcc_ex.c.obj
LOAD C:/Users/Esther/Desktop/tpNoyauTempsReel/tp_syst_contro/config_default/cmake/stm32cubemx/CMakeFiles/STM32_Drivers.dir/__/__/Drivers/STM32G0xx_HAL_Driver/Src/stm32g0xx_ll_rcc.c.obj
LOAD C:/Users/Esther/Desktop/tpNoyauTempsReel/tp_syst_contro/config_default/cmake/stm32cubemx/CMakeFiles/STM32_Drivers.dir/__/__/Drivers/STM32G0xx_HAL_Driver/Src/stm32g0xx_hal_flash.c.obj
LOAD C:/Users/Esther/Desktop/tpNoyauTempsReel/tp_syst_contro/config_default/cmake/stm32cubemx/CMakeFiles/STM32_Drivers.dir/__/__/Drivers/STM32G0xx_HAL_Driver/Src/stm32g0xx_hal_flash_ex.c.obj
LOAD C:/Users/Esther/Desktop/tpNoyauTempsReel/tp_syst_contro/config_default/cmake/stm32cubemx/CMakeFiles/STM32_Drivers.dir/__/__/Drivers/STM32G0xx_HAL_Driver/Src/stm32g0xx_hal_gpio.c.obj
LOAD C:/Users/Esther/Desktop/tpNoyauTempsReel/tp_syst_contro/config_default/cmake/stm32cubemx/CMakeFiles/STM32_Drivers.dir/__/__/Drivers/STM32G0xx_HAL_Driver/Src/stm32g0xx_hal_dma.c.obj
LOAD C:/Users/Esther/Desktop/tpNoyauTempsReel/tp_syst_contro/config_default/cmake/stm32cubemx/CMakeFiles/STM32_Drivers.dir/__/__/Drivers/STM32G0xx_HAL_Driver/Src/stm32g0xx_hal_dma_ex.c.obj
LOAD C:/Users/Esther/Desktop/tpNoyauTempsReel/tp_syst_contro/config_default/cmake/stm32cubemx/CMakeFiles/STM32_Drivers.dir/__/__/Drivers/STM32G0xx_HAL_Driver/Src/stm32g0xx_hal_pwr.c.obj
LOAD C:/Users/Esther/Desktop/tpNoyauTempsReel/tp_syst_contro/config_default/cmake/stm32cubemx/CMakeFiles/STM32_Drivers.dir/__/__/Drivers/STM32G0xx_HAL_Driver/Src/stm32g0xx_hal_pwr_ex.c.obj
LOAD C:/Users/Esther/Desktop/tpNoyauTempsReel/tp_syst_contro/config_default/cmake/stm32cubemx/CMakeFiles/STM32_Drivers.dir/__/__/Drivers/STM32G0xx_HAL_Driver/Src/stm32g0xx_hal_cortex.c.obj
LOAD C:/Users/Esther/Desktop/tpNoyauTempsReel/tp_syst_contro/config_default/cmake/stm32cubemx/CMakeFiles/STM32_Drivers.dir/__/__/Drivers/STM32G0xx_HAL_Driver/Src/stm32g0xx_hal.c.obj
LOAD C:/Users/Esther/Desktop/tpNoyauTempsReel/tp_syst_contro/config_default/cmake/stm32cubemx/CMakeFiles/STM32_Drivers.dir/__/__/Drivers/STM32G0xx_HAL_Driver/Src/stm32g0xx_hal_exti.c.obj
LOAD C:/Users/Esther/Desktop/tpNoyauTempsReel/tp_syst_contro/config_default/cmake/stm32cubemx/CMakeFiles/STM32_Drivers.dir/__/__/Drivers/STM32G0xx_HAL_Driver/Src/stm32g0xx_hal_tim.c.obj
LOAD C:/Users/Esther/Desktop/tpNoyauTempsReel/tp_syst_contro/config_default/cmake/stm32cubemx/CMakeFiles/STM32_Drivers.dir/__/__/Drivers/STM32G0xx_HAL_Driver/Src/stm32g0xx_hal_tim_ex.c.obj
LOAD C:/ST/STM32CubeIDE_2.0.0/STM32CubeIDE/plugins/com.st.stm32cube.ide.mcu.externaltools.gnu-tools-for-stm32.13.3.rel1.win32_1.0.100.202509120712/tools/bin/../lib/gcc/arm-none-eabi/13.3.1/../../../../arm-none-eabi/lib/thumb/v6-m/nofp\libm.a
START GROUP
LOAD C:/ST/STM32CubeIDE_2.0.0/STM32CubeIDE/plugins/com.st.stm32cube.ide.mcu.externaltools.gnu-tools-for-stm32.13.3.rel1.win32_1.0.100.202509120712/tools/bin/../lib/gcc/arm-none-eabi/13.3.1/thumb/v6-m/nofp\libgcc.a
LOAD C:/ST/STM32CubeIDE_2.0.0/STM32CubeIDE/plugins/com.st.stm32cube.ide.mcu.externaltools.gnu-tools-for-stm32.13.3.rel1.win32_1.0.100.202509120712/tools/bin/../lib/gcc/arm-none-eabi/13.3.1/../../../../arm-none-eabi/lib/thumb/v6-m/nofp\libg_nano.a
LOAD C:/ST/STM32CubeIDE_2.0.0/STM32CubeIDE/plugins/com.st.stm32cube.ide.mcu.externaltools.gnu-tools-for-stm32.13.3.rel1.win32_1.0.100.202509120712/tools/bin/../lib/gcc/arm-none-eabi/13.3.1/../../../../arm-none-eabi/lib/thumb/v6-m/nofp\libc_nano.a
END GROUP
START GROUP
LOAD C:/ST/STM32CubeIDE_2.0.0/STM32CubeIDE/plugins/com.st.stm32cube.ide.mcu.externaltools.gnu-tools-for-stm32.13.3.rel1.win32_1.0.100.202509120712/tools/bin/../lib/gcc/arm-none-eabi/13.3.1/thumb/v6-m/nofp\libgcc.a
LOAD C:/ST/STM32CubeIDE_2.0.0/STM32CubeIDE/plugins/com.st.stm32cube.ide.mcu.externaltools.gnu-tools-for-stm32.13.3.rel1.win32_1.0.100.202509120712/tools/bin/../lib/gcc/arm-none-eabi/13.3.1/../../../../arm-none-eabi/lib/thumb/v6-m/nofp\libc_nano.a
END GROUP
LOAD C:/ST/STM32CubeIDE_2.0.0/STM32CubeIDE/plugins/com.st.stm32cube.ide.mcu.externaltools.gnu-tools-for-stm32.13.3.rel1.win32_1.0.100.202509120712/tools/bin/../lib/gcc/arm-none-eabi/13.3.1/thumb/v6-m/nofp/crtend.o
LOAD C:/ST/STM32CubeIDE_2.0.0/STM32CubeIDE/plugins/com.st.stm32cube.ide.mcu.externaltools.gnu-tools-for-stm32.13.3.rel1.win32_1.0.100.202509120712/tools/bin/../lib/gcc/arm-none-eabi/13.3.1/thumb/v6-m/nofp/crtn.o
                0x20002000                        _estack = (ORIGIN (RAM) + LENGTH (RAM))
                0x00000200                        _Min_Heap_Size = 0x200
                0x00000400                        _Min_Stack_Size = 0x400

.isr_vector     0x08000000       0xbc
                0x08000000                        . = ALIGN (0x4)
 *(.isr_vector)
 .isr_vector    0x08000000       0xbc CMakeFiles/tp_syst_contro.dir/startup_stm32g031xx.s.obj
                0x08000000                g_pfnVectors
                0x080000bc                        . = ALIGN (0x4)

.text           0x080000bc     0x2b90
                0x080000bc                        . = ALIGN (0x4)
 *(.text)
 .text          0x080000bc       0x48 C:/ST/STM32CubeIDE_2.0.0/STM32CubeIDE/plugins/com.st.stm32cube.ide.mcu.externaltools.gnu-tools-for-stm32.13.3.rel1.win32_1.0.100.202509120712/tools/bin/../lib/gcc/arm-none-eabi/13.3.1/thumb/v6-m/nofp/crtbegin.o
 .text          0x08000104      0x114 C:/ST/STM32CubeIDE_2.0.0/STM32CubeIDE/plugins/com.st.stm32cube.ide.mcu.externaltools.gnu-tools-for-stm32.13.3.rel1.win32_1.0.100.202509120712/tools/bin/../lib/gcc/arm-none-eabi/13.3.1/thumb/v6-m/nofp\libgcc.a(_udivsi3.o)
                0x08000104                __aeabi_uidiv
                0x08000104                __udivsi3
                0x08000210                __aeabi_uidivmod
 .text          0x08000218        0x4 C:/ST/STM32CubeIDE_2.0.0/STM32CubeIDE/plugins/com.st.stm32cube.ide.mcu.externaltools.gnu-tools-for-stm32.13.3.rel1.win32_1.0.100.202509120712/tools/bin/../lib/gcc/arm-none-eabi/13.3.1/thumb/v6-m/nofp\libgcc.a(_dvmd_tls.o)
                0x08000218                __aeabi_idiv0
                0x08000218                __aeabi_ldiv0
 *(.text*)
 .text.main     0x0800021c       0x28 CMakeFiles/tp_syst_contro.dir/Core/Src/main.c.obj
                0x0800021c                main
 .text.SystemClock_Config
                0x08000244       0x90 CMakeFiles/tp_syst_contro.dir/Core/Src/main.c.obj
                0x08000244                SystemClock_Config
 .text.MX_ADC1_Init
                0x080002d4       0xd8 CMakeFiles/tp_syst_contro.dir/Core/Src/main.c.obj
 .text.MX_TIM3_Init
                0x080003ac       0xa8 CMakeFiles/tp_syst_contro.dir/Core/Src/main.c.obj
 .text.MX_GPIO_Init
                0x08000454      0x13c CMakeFiles/tp_syst_contro.dir/Core/Src/main.c.obj
 .text.Error_Handler
                0x08000590        0xc CMakeFiles/tp_syst_contro.dir/Core/Src/main.c.obj
                0x08000590                Error_Handler
 .text.NMI_Handler
                0x0800059c        0x8 CMakeFiles/tp_syst_contro.dir/Core/Src/stm32g0xx_it.c.obj
                0x0800059c                NMI_Handler
 .text.HardFault_Handler
                0x080005a4        0x8 CMakeFiles/tp_syst_contro.dir/Core/Src/stm32g0xx_it.c.obj
                0x080005a4                HardFault_Handler
 .text.SVC_Handler
                0x080005ac        0xa CMakeFiles/tp_syst_contro.dir/Core/Src/stm32g0xx_it.c.obj
                0x080005ac                SVC_Handler
 .text.PendSV_Handler
                0x080005b6        0xa CMakeFiles/tp_syst_contro.dir/Core/Src/stm32g0xx_it.c.obj
                0x080005b6                PendSV_Handler
 .text.SysTick_Handler
                0x080005c0        0xe CMakeFiles/tp_syst_contro.dir/Core/Src/stm32g0xx_it.c.obj
                0x080005c0                SysTick_Handler
 *fill*         0x080005ce        0x2 
 .text.ADC1_IRQHandler
                0x080005d0       0x18 CMakeFiles/tp_syst_contro.dir/Core/Src/stm32g0xx_it.c.obj
                0x080005d0                ADC1_IRQHandler
 .text.TIM3_IRQHandler
                0x080005e8       0x18 CMakeFiles/tp_syst_contro.dir/Core/Src/stm32g0xx_it.c.obj
                0x080005e8                TIM3_IRQHandler
 .text.HAL_MspInit
                0x08000600       0x48 CMakeFiles/tp_syst_contro.dir/Core/Src/stm32g0xx_hal_msp.c.obj
                0x08000600                HAL_MspInit
 .text.HAL_ADC_MspInit
                0x08000648       0x98 CMakeFiles/tp_syst_contro.dir/Core/Src/stm32g0xx_hal_msp.c.obj
                0x08000648                HAL_ADC_MspInit
 .text.HAL_TIM_Base_MspInit
                0x080006e0       0x4c CMakeFiles/tp_syst_contro.dir/Core/Src/stm32g0xx_hal_msp.c.obj
                0x080006e0                HAL_TIM_Base_MspInit
 .text.Reset_Handler
                0x0800072c       0x50 CMakeFiles/tp_syst_contro.dir/startup_stm32g031xx.s.obj
                0x0800072c                Reset_Handler
 .text.Default_Handler
                0x0800077c        0x2 CMakeFiles/tp_syst_contro.dir/startup_stm32g031xx.s.obj
                0x0800077c                TIM1_CC_IRQHandler
                0x0800077c                PVD_IRQHandler
                0x0800077c                I2C1_IRQHandler
                0x0800077c                LPTIM2_IRQHandler
                0x0800077c                RTC_TAMP_IRQHandler
                0x0800077c                SPI1_IRQHandler
                0x0800077c                DMA1_Ch4_5_DMAMUX1_OVR_IRQHandler
                0x0800077c                EXTI2_3_IRQHandler
                0x0800077c                I2C2_IRQHandler
                0x0800077c                TIM17_IRQHandler
                0x0800077c                TIM16_IRQHandler
                0x0800077c                EXTI4_15_IRQHandler
                0x0800077c                RCC_IRQHandler
                0x0800077c                DMA1_Channel1_IRQHandler
                0x0800077c                Default_Handler
                0x0800077c                TIM14_IRQHandler
                0x0800077c                EXTI0_1_IRQHandler
                0x0800077c                SPI2_IRQHandler
                0x0800077c                WWDG_IRQHandler
                0x0800077c                LPUART1_IRQHandler
                0x0800077c                TIM2_IRQHandler
                0x0800077c                DMA1_Channel2_3_IRQHandler
                0x0800077c                USART2_IRQHandler
                0x0800077c                FLASH_IRQHandler
                0x0800077c                USART1_IRQHandler
                0x0800077c                TIM1_BRK_UP_TRG_COM_IRQHandler
                0x0800077c                LPTIM1_IRQHandler
 .text.SystemInit
                0x0800077e        0xa C:/Users/Esther/Desktop/tpNoyauTempsReel/tp_syst_contro/config_default/cmake/stm32cubemx/CMakeFiles/STM32_Drivers.dir/__/__/Core/Src/system_stm32g0xx.c.obj
                0x0800077e                SystemInit
 .text.LL_ADC_SetCommonPathInternalCh
                0x08000788       0x28 C:/Users/Esther/Desktop/tpNoyauTempsReel/tp_syst_contro/config_default/cmake/stm32cubemx/CMakeFiles/STM32_Drivers.dir/__/__/Drivers/STM32G0xx_HAL_Driver/Src/stm32g0xx_hal_adc.c.obj
 .text.LL_ADC_GetCommonPathInternalCh
                0x080007b0       0x1a C:/Users/Esther/Desktop/tpNoyauTempsReel/tp_syst_contro/config_default/cmake/stm32cubemx/CMakeFiles/STM32_Drivers.dir/__/__/Drivers/STM32G0xx_HAL_Driver/Src/stm32g0xx_hal_adc.c.obj
 .text.LL_ADC_SetSamplingTimeCommonChannels
                0x080007ca       0x3a C:/Users/Esther/Desktop/tpNoyauTempsReel/tp_syst_contro/config_default/cmake/stm32cubemx/CMakeFiles/STM32_Drivers.dir/__/__/Drivers/STM32G0xx_HAL_Driver/Src/stm32g0xx_hal_adc.c.obj
 .text.LL_ADC_GetSamplingTimeCommonChannels
                0x08000804       0x2e C:/Users/Esther/Desktop/tpNoyauTempsReel/tp_syst_contro/config_default/cmake/stm32cubemx/CMakeFiles/STM32_Drivers.dir/__/__/Drivers/STM32G0xx_HAL_Driver/Src/stm32g0xx_hal_adc.c.obj
 .text.LL_ADC_REG_IsTriggerSourceSWStart
                0x08000832       0x22 C:/Users/Esther/Desktop/tpNoyauTempsReel/tp_syst_contro/config_default/cmake/stm32cubemx/CMakeFiles/STM32_Drivers.dir/__/__/Drivers/STM32G0xx_HAL_Driver/Src/stm32g0xx_hal_adc.c.obj
 .text.LL_ADC_REG_SetSequencerRanks
                0x08000854       0x40 C:/Users/Esther/Desktop/tpNoyauTempsReel/tp_syst_contro/config_default/cmake/stm32cubemx/CMakeFiles/STM32_Drivers.dir/__/__/Drivers/STM32G0xx_HAL_Driver/Src/stm32g0xx_hal_adc.c.obj
 .text.LL_ADC_REG_SetSequencerChAdd
                0x08000894       0x22 C:/Users/Esther/Desktop/tpNoyauTempsReel/tp_syst_contro/config_default/cmake/stm32cubemx/CMakeFiles/STM32_Drivers.dir/__/__/Drivers/STM32G0xx_HAL_Driver/Src/stm32g0xx_hal_adc.c.obj
 .text.LL_ADC_REG_SetSequencerChRem
                0x080008b6       0x24 C:/Users/Esther/Desktop/tpNoyauTempsReel/tp_syst_contro/config_default/cmake/stm32cubemx/CMakeFiles/STM32_Drivers.dir/__/__/Drivers/STM32G0xx_HAL_Driver/Src/stm32g0xx_hal_adc.c.obj
 .text.LL_ADC_REG_GetDMATransfer
                0x080008da       0x18 C:/Users/Esther/Desktop/tpNoyauTempsReel/tp_syst_contro/config_default/cmake/stm32cubemx/CMakeFiles/STM32_Drivers.dir/__/__/Drivers/STM32G0xx_HAL_Driver/Src/stm32g0xx_hal_adc.c.obj
 *fill*         0x080008f2        0x2 
 .text.LL_ADC_SetChannelSamplingTime
                0x080008f4       0x38 C:/Users/Esther/Desktop/tpNoyauTempsReel/tp_syst_contro/config_default/cmake/stm32cubemx/CMakeFiles/STM32_Drivers.dir/__/__/Drivers/STM32G0xx_HAL_Driver/Src/stm32g0xx_hal_adc.c.obj
 .text.LL_ADC_EnableInternalRegulator
                0x0800092c       0x28 C:/Users/Esther/Desktop/tpNoyauTempsReel/tp_syst_contro/config_default/cmake/stm32cubemx/CMakeFiles/STM32_Drivers.dir/__/__/Drivers/STM32G0xx_HAL_Driver/Src/stm32g0xx_hal_adc.c.obj
 .text.LL_ADC_IsInternalRegulatorEnabled
                0x08000954       0x28 C:/Users/Esther/Desktop/tpNoyauTempsReel/tp_syst_contro/config_default/cmake/stm32cubemx/CMakeFiles/STM32_Drivers.dir/__/__/Drivers/STM32G0xx_HAL_Driver/Src/stm32g0xx_hal_adc.c.obj
 .text.LL_ADC_IsEnabled
                0x0800097c       0x22 C:/Users/Esther/Desktop/tpNoyauTempsReel/tp_syst_contro/config_default/cmake/stm32cubemx/CMakeFiles/STM32_Drivers.dir/__/__/Drivers/STM32G0xx_HAL_Driver/Src/stm32g0xx_hal_adc.c.obj
 .text.LL_ADC_REG_IsConversionOngoing
                0x0800099e       0x22 C:/Users/Esther/Desktop/tpNoyauTempsReel/tp_syst_contro/config_default/cmake/stm32cubemx/CMakeFiles/STM32_Drivers.dir/__/__/Drivers/STM32G0xx_HAL_Driver/Src/stm32g0xx_hal_adc.c.obj
 .text.HAL_ADC_Init
                0x080009c0      0x350 C:/Users/Esther/Desktop/tpNoyauTempsReel/tp_syst_contro/config_default/cmake/stm32cubemx/CMakeFiles/STM32_Drivers.dir/__/__/Drivers/STM32G0xx_HAL_Driver/Src/stm32g0xx_hal_adc.c.obj
                0x080009c0                HAL_ADC_Init
 .text.HAL_ADC_IRQHandler
                0x08000d10      0x230 C:/Users/Esther/Desktop/tpNoyauTempsReel/tp_syst_contro/config_default/cmake/stm32cubemx/CMakeFiles/STM32_Drivers.dir/__/__/Drivers/STM32G0xx_HAL_Driver/Src/stm32g0xx_hal_adc.c.obj
                0x08000d10                HAL_ADC_IRQHandler
 .text.HAL_ADC_ConvCpltCallback
                0x08000f40       0x10 C:/Users/Esther/Desktop/tpNoyauTempsReel/tp_syst_contro/config_default/cmake/stm32cubemx/CMakeFiles/STM32_Drivers.dir/__/__/Drivers/STM32G0xx_HAL_Driver/Src/stm32g0xx_hal_adc.c.obj
                0x08000f40                HAL_ADC_ConvCpltCallback
 .text.HAL_ADC_LevelOutOfWindowCallback
                0x08000f50       0x10 C:/Users/Esther/Desktop/tpNoyauTempsReel/tp_syst_contro/config_default/cmake/stm32cubemx/CMakeFiles/STM32_Drivers.dir/__/__/Drivers/STM32G0xx_HAL_Driver/Src/stm32g0xx_hal_adc.c.obj
                0x08000f50                HAL_ADC_LevelOutOfWindowCallback
 .text.HAL_ADC_ErrorCallback
                0x08000f60       0x10 C:/Users/Esther/Desktop/tpNoyauTempsReel/tp_syst_contro/config_default/cmake/stm32cubemx/CMakeFiles/STM32_Drivers.dir/__/__/Drivers/STM32G0xx_HAL_Driver/Src/stm32g0xx_hal_adc.c.obj
                0x08000f60                HAL_ADC_ErrorCallback
 .text.HAL_ADC_ConfigChannel
                0x08000f70      0x3b0 C:/Users/Esther/Desktop/tpNoyauTempsReel/tp_syst_contro/config_default/cmake/stm32cubemx/CMakeFiles/STM32_Drivers.dir/__/__/Drivers/STM32G0xx_HAL_Driver/Src/stm32g0xx_hal_adc.c.obj
                0x08000f70                HAL_ADC_ConfigChannel
 .text.HAL_ADCEx_LevelOutOfWindow2Callback
                0x08001320       0x10 C:/Users/Esther/Desktop/tpNoyauTempsReel/tp_syst_contro/config_default/cmake/stm32cubemx/CMakeFiles/STM32_Drivers.dir/__/__/Drivers/STM32G0xx_HAL_Driver/Src/stm32g0xx_hal_adc_ex.c.obj
                0x08001320                HAL_ADCEx_LevelOutOfWindow2Callback
 .text.HAL_ADCEx_LevelOutOfWindow3Callback
                0x08001330       0x10 C:/Users/Esther/Desktop/tpNoyauTempsReel/tp_syst_contro/config_default/cmake/stm32cubemx/CMakeFiles/STM32_Drivers.dir/__/__/Drivers/STM32G0xx_HAL_Driver/Src/stm32g0xx_hal_adc_ex.c.obj
                0x08001330                HAL_ADCEx_LevelOutOfWindow3Callback
 .text.HAL_ADCEx_EndOfSamplingCallback
                0x08001340       0x10 C:/Users/Esther/Desktop/tpNoyauTempsReel/tp_syst_contro/config_default/cmake/stm32cubemx/CMakeFiles/STM32_Drivers.dir/__/__/Drivers/STM32G0xx_HAL_Driver/Src/stm32g0xx_hal_adc_ex.c.obj
                0x08001340                HAL_ADCEx_EndOfSamplingCallback
 .text.HAL_ADCEx_ChannelConfigReadyCallback
                0x08001350       0x10 C:/Users/Esther/Desktop/tpNoyauTempsReel/tp_syst_contro/config_default/cmake/stm32cubemx/CMakeFiles/STM32_Drivers.dir/__/__/Drivers/STM32G0xx_HAL_Driver/Src/stm32g0xx_hal_adc_ex.c.obj
                0x08001350                HAL_ADCEx_ChannelConfigReadyCallback
 .text.HAL_RCC_OscConfig
                0x08001360      0x634 C:/Users/Esther/Desktop/tpNoyauTempsReel/tp_syst_contro/config_default/cmake/stm32cubemx/CMakeFiles/STM32_Drivers.dir/__/__/Drivers/STM32G0xx_HAL_Driver/Src/stm32g0xx_hal_rcc.c.obj
                0x08001360                HAL_RCC_OscConfig
 .text.HAL_RCC_ClockConfig
                0x08001994      0x210 C:/Users/Esther/Desktop/tpNoyauTempsReel/tp_syst_contro/config_default/cmake/stm32cubemx/CMakeFiles/STM32_Drivers.dir/__/__/Drivers/STM32G0xx_HAL_Driver/Src/stm32g0xx_hal_rcc.c.obj
                0x08001994                HAL_RCC_ClockConfig
 .text.HAL_RCC_GetSysClockFreq
                0x08001ba4      0x104 C:/Users/Esther/Desktop/tpNoyauTempsReel/tp_syst_contro/config_default/cmake/stm32cubemx/CMakeFiles/STM32_Drivers.dir/__/__/Drivers/STM32G0xx_HAL_Driver/Src/stm32g0xx_hal_rcc.c.obj
                0x08001ba4                HAL_RCC_GetSysClockFreq
 .text.HAL_GPIO_Init
                0x08001ca8      0x2c8 C:/Users/Esther/Desktop/tpNoyauTempsReel/tp_syst_contro/config_default/cmake/stm32cubemx/CMakeFiles/STM32_Drivers.dir/__/__/Drivers/STM32G0xx_HAL_Driver/Src/stm32g0xx_hal_gpio.c.obj
                0x08001ca8                HAL_GPIO_Init
 .text.HAL_GPIO_WritePin
                0x08001f70       0x3a C:/Users/Esther/Desktop/tpNoyauTempsReel/tp_syst_contro/config_default/cmake/stm32cubemx/CMakeFiles/STM32_Drivers.dir/__/__/Drivers/STM32G0xx_HAL_Driver/Src/stm32g0xx_hal_gpio.c.obj
                0x08001f70                HAL_GPIO_WritePin
 *fill*         0x08001faa        0x2 
 .text.HAL_PWREx_ControlVoltageScaling
                0x08001fac       0x80 C:/Users/Esther/Desktop/tpNoyauTempsReel/tp_syst_contro/config_default/cmake/stm32cubemx/CMakeFiles/STM32_Drivers.dir/__/__/Drivers/STM32G0xx_HAL_Driver/Src/stm32g0xx_hal_pwr_ex.c.obj
                0x08001fac                HAL_PWREx_ControlVoltageScaling
 .text.__NVIC_EnableIRQ
                0x0800202c       0x34 C:/Users/Esther/Desktop/tpNoyauTempsReel/tp_syst_contro/config_default/cmake/stm32cubemx/CMakeFiles/STM32_Drivers.dir/__/__/Drivers/STM32G0xx_HAL_Driver/Src/stm32g0xx_hal_cortex.c.obj
 .text.__NVIC_SetPriority
                0x08002060       0xdc C:/Users/Esther/Desktop/tpNoyauTempsReel/tp_syst_contro/config_default/cmake/stm32cubemx/CMakeFiles/STM32_Drivers.dir/__/__/Drivers/STM32G0xx_HAL_Driver/Src/stm32g0xx_hal_cortex.c.obj
 .text.SysTick_Config
                0x0800213c       0x48 C:/Users/Esther/Desktop/tpNoyauTempsReel/tp_syst_contro/config_default/cmake/stm32cubemx/CMakeFiles/STM32_Drivers.dir/__/__/Drivers/STM32G0xx_HAL_Driver/Src/stm32g0xx_hal_cortex.c.obj
 .text.HAL_NVIC_SetPriority
                0x08002184       0x2a C:/Users/Esther/Desktop/tpNoyauTempsReel/tp_syst_contro/config_default/cmake/stm32cubemx/CMakeFiles/STM32_Drivers.dir/__/__/Drivers/STM32G0xx_HAL_Driver/Src/stm32g0xx_hal_cortex.c.obj
                0x08002184                HAL_NVIC_SetPriority
 .text.HAL_NVIC_EnableIRQ
                0x080021ae       0x20 C:/Users/Esther/Desktop/tpNoyauTempsReel/tp_syst_contro/config_default/cmake/stm32cubemx/CMakeFiles/STM32_Drivers.dir/__/__/Drivers/STM32G0xx_HAL_Driver/Src/stm32g0xx_hal_cortex.c.obj
                0x080021ae                HAL_NVIC_EnableIRQ
 .text.HAL_SYSTICK_Config
                0x080021ce       0x1a C:/Users/Esther/Desktop/tpNoyauTempsReel/tp_syst_contro/config_default/cmake/stm32cubemx/CMakeFiles/STM32_Drivers.dir/__/__/Drivers/STM32G0xx_HAL_Driver/Src/stm32g0xx_hal_cortex.c.obj
                0x080021ce                HAL_SYSTICK_Config
 .text.HAL_Init
                0x080021e8       0x40 C:/Users/Esther/Desktop/tpNoyauTempsReel/tp_syst_contro/config_default/cmake/stm32cubemx/CMakeFiles/STM32_Drivers.dir/__/__/Drivers/STM32G0xx_HAL_Driver/Src/stm32g0xx_hal.c.obj
                0x080021e8                HAL_Init
 .text.HAL_InitTick
                0x08002228       0x94 C:/Users/Esther/Desktop/tpNoyauTempsReel/tp_syst_contro/config_default/cmake/stm32cubemx/CMakeFiles/STM32_Drivers.dir/__/__/Drivers/STM32G0xx_HAL_Driver/Src/stm32g0xx_hal.c.obj
                0x08002228                HAL_InitTick
 .text.HAL_IncTick
                0x080022bc       0x24 C:/Users/Esther/Desktop/tpNoyauTempsReel/tp_syst_contro/config_default/cmake/stm32cubemx/CMakeFiles/STM32_Drivers.dir/__/__/Drivers/STM32G0xx_HAL_Driver/Src/stm32g0xx_hal.c.obj
                0x080022bc                HAL_IncTick
 .text.HAL_GetTick
                0x080022e0       0x14 C:/Users/Esther/Desktop/tpNoyauTempsReel/tp_syst_contro/config_default/cmake/stm32cubemx/CMakeFiles/STM32_Drivers.dir/__/__/Drivers/STM32G0xx_HAL_Driver/Src/stm32g0xx_hal.c.obj
                0x080022e0                HAL_GetTick
 .text.HAL_TIM_Base_Init
                0x080022f4       0xb0 C:/Users/Esther/Desktop/tpNoyauTempsReel/tp_syst_contro/config_default/cmake/stm32cubemx/CMakeFiles/STM32_Drivers.dir/__/__/Drivers/STM32G0xx_HAL_Driver/Src/stm32g0xx_hal_tim.c.obj
                0x080022f4                HAL_TIM_Base_Init
 .text.HAL_TIM_Base_Start_IT
                0x080023a4       0xa8 C:/Users/Esther/Desktop/tpNoyauTempsReel/tp_syst_contro/config_default/cmake/stm32cubemx/CMakeFiles/STM32_Drivers.dir/__/__/Drivers/STM32G0xx_HAL_Driver/Src/stm32g0xx_hal_tim.c.obj
                0x080023a4                HAL_TIM_Base_Start_IT
 .text.HAL_TIM_IRQHandler
                0x0800244c      0x210 C:/Users/Esther/Desktop/tpNoyauTempsReel/tp_syst_contro/config_default/cmake/stm32cubemx/CMakeFiles/STM32_Drivers.dir/__/__/Drivers/STM32G0xx_HAL_Driver/Src/stm32g0xx_hal_tim.c.obj
                0x0800244c                HAL_TIM_IRQHandler
 .text.HAL_TIM_ConfigClockSource
                0x0800265c      0x1ac C:/Users/Esther/Desktop/tpNoyauTempsReel/tp_syst_contro/config_default/cmake/stm32cubemx/CMakeFiles/STM32_Drivers.dir/__/__/Drivers/STM32G0xx_HAL_Driver/Src/stm32g0xx_hal_tim.c.obj
                0x0800265c                HAL_TIM_ConfigClockSource
 .text.HAL_TIM_PeriodElapsedCallback
                0x08002808       0x10 C:/Users/Esther/Desktop/tpNoyauTempsReel/tp_syst_contro/config_default/cmake/stm32cubemx/CMakeFiles/STM32_Drivers.dir/__/__/Drivers/STM32G0xx_HAL_Driver/Src/stm32g0xx_hal_tim.c.obj
                0x08002808                HAL_TIM_PeriodElapsedCallback
 .text.HAL_TIM_OC_DelayElapsedCallback
                0x08002818       0x10 C:/Users/Esther/Desktop/tpNoyauTempsReel/tp_syst_contro/config_default/cmake/stm32cubemx/CMakeFiles/STM32_Drivers.dir/__/__/Drivers/STM32G0xx_HAL_Driver/Src/stm32g0xx_hal_tim.c.obj
                0x08002818                HAL_TIM_OC_DelayElapsedCallback
 .text.HAL_TIM_IC_CaptureCallback
                0x08002828       0x10 C:/Users/Esther/Desktop/tpNoyauTempsReel/tp_syst_contro/config_default/cmake/stm32cubemx/CMakeFiles/STM32_Drivers.dir/__/__/Drivers/STM32G0xx_HAL_Driver/Src/stm32g0xx_hal_tim.c.obj
                0x08002828                HAL_TIM_IC_CaptureCallback
 .text.HAL_TIM_PWM_PulseFinishedCallback
                0x08002838       0x10 C:/Users/Esther/Desktop/tpNoyauTempsReel/tp_syst_contro/config_default/cmake/stm32cubemx/CMakeFiles/STM32_Drivers.dir/__/__/Drivers/STM32G0xx_HAL_Driver/Src/stm32g0xx_hal_tim.c.obj
                0x08002838                HAL_TIM_PWM_PulseFinishedCallback
 .text.HAL_TIM_TriggerCallback
                0x08002848       0x10 C:/Users/Esther/Desktop/tpNoyauTempsReel/tp_syst_contro/config_default/cmake/stm32cubemx/CMakeFiles/STM32_Drivers.dir/__/__/Drivers/STM32G0xx_HAL_Driver/Src/stm32g0xx_hal_tim.c.obj
                0x08002848                HAL_TIM_TriggerCallback
 .text.TIM_Base_SetConfig
                0x08002858      0x100 C:/Users/Esther/Desktop/tpNoyauTempsReel/tp_syst_contro/config_default/cmake/stm32cubemx/CMakeFiles/STM32_Drivers.dir/__/__/Drivers/STM32G0xx_HAL_Driver/Src/stm32g0xx_hal_tim.c.obj
                0x08002858                TIM_Base_SetConfig
 .text.TIM_TI1_ConfigInputStage
                0x08002958       0x90 C:/Users/Esther/Desktop/tpNoyauTempsReel/tp_syst_contro/config_default/cmake/stm32cubemx/CMakeFiles/STM32_Drivers.dir/__/__/Drivers/STM32G0xx_HAL_Driver/Src/stm32g0xx_hal_tim.c.obj
 .text.TIM_TI2_ConfigInputStage
                0x080029e8       0x7c C:/Users/Esther/Desktop/tpNoyauTempsReel/tp_syst_contro/config_default/cmake/stm32cubemx/CMakeFiles/STM32_Drivers.dir/__/__/Drivers/STM32G0xx_HAL_Driver/Src/stm32g0xx_hal_tim.c.obj
 .text.TIM_ITRx_SetConfig
                0x08002a64       0x38 C:/Users/Esther/Desktop/tpNoyauTempsReel/tp_syst_contro/config_default/cmake/stm32cubemx/CMakeFiles/STM32_Drivers.dir/__/__/Drivers/STM32G0xx_HAL_Driver/Src/stm32g0xx_hal_tim.c.obj
 .text.TIM_ETR_SetConfig
                0x08002a9c       0x40 C:/Users/Esther/Desktop/tpNoyauTempsReel/tp_syst_contro/config_default/cmake/stm32cubemx/CMakeFiles/STM32_Drivers.dir/__/__/Drivers/STM32G0xx_HAL_Driver/Src/stm32g0xx_hal_tim.c.obj
                0x08002a9c                TIM_ETR_SetConfig
 .text.HAL_TIMEx_MasterConfigSynchronization
                0x08002adc       0xd0 C:/Users/Esther/Desktop/tpNoyauTempsReel/tp_syst_contro/config_default/cmake/stm32cubemx/CMakeFiles/STM32_Drivers.dir/__/__/Drivers/STM32G0xx_HAL_Driver/Src/stm32g0xx_hal_tim_ex.c.obj
                0x08002adc                HAL_TIMEx_MasterConfigSynchronization
 .text.HAL_TIMEx_CommutCallback
                0x08002bac       0x10 C:/Users/Esther/Desktop/tpNoyauTempsReel/tp_syst_contro/config_default/cmake/stm32cubemx/CMakeFiles/STM32_Drivers.dir/__/__/Drivers/STM32G0xx_HAL_Driver/Src/stm32g0xx_hal_tim_ex.c.obj
                0x08002bac                HAL_TIMEx_CommutCallback
 .text.HAL_TIMEx_BreakCallback
                0x08002bbc       0x10 C:/Users/Esther/Desktop/tpNoyauTempsReel/tp_syst_contro/config_default/cmake/stm32cubemx/CMakeFiles/STM32_Drivers.dir/__/__/Drivers/STM32G0xx_HAL_Driver/Src/stm32g0xx_hal_tim_ex.c.obj
                0x08002bbc                HAL_TIMEx_BreakCallback
 .text.HAL_TIMEx_Break2Callback
                0x08002bcc       0x10 C:/Users/Esther/Desktop/tpNoyauTempsReel/tp_syst_contro/config_default/cmake/stm32cubemx/CMakeFiles/STM32_Drivers.dir/__/__/Drivers/STM32G0xx_HAL_Driver/Src/stm32g0xx_hal_tim_ex.c.obj
                0x08002bcc                HAL_TIMEx_Break2Callback
 .text.memset   0x08002bdc       0x10 C:/ST/STM32CubeIDE_2.0.0/STM32CubeIDE/plugins/com.st.stm32cube.ide.mcu.externaltools.gnu-tools-for-stm32.13.3.rel1.win32_1.0.100.202509120712/tools/bin/../lib/gcc/arm-none-eabi/13.3.1/../../../../arm-none-eabi/lib/thumb/v6-m/nofp\libg_nano.a(libc_a-memset.o)
                0x08002bdc                memset
 .text.__libc_init_array
                0x08002bec       0x48 C:/ST/STM32CubeIDE_2.0.0/STM32CubeIDE/plugins/com.st.stm32cube.ide.mcu.externaltools.gnu-tools-for-stm32.13.3.rel1.win32_1.0.100.202509120712/tools/bin/../lib/gcc/arm-none-eabi/13.3.1/../../../../arm-none-eabi/lib/thumb/v6-m/nofp\libg_nano.a(libc_a-init.o)
                0x08002bec                __libc_init_array
 *(.glue_7)
 .glue_7        0x08002c34        0x0 linker stubs
 *(.glue_7t)
 .glue_7t       0x08002c34        0x0 linker stubs
 *(.eh_frame)
 .eh_frame      0x08002c34        0x0 C:/ST/STM32CubeIDE_2.0.0/STM32CubeIDE/plugins/com.st.stm32cube.ide.mcu.externaltools.gnu-tools-for-stm32.13.3.rel1.win32_1.0.100.202509120712/tools/bin/../lib/gcc/arm-none-eabi/13.3.1/thumb/v6-m/nofp/crtbegin.o
 *(.init)
 .init          0x08002c34        0x4 C:/ST/STM32CubeIDE_2.0.0/STM32CubeIDE/plugins/com.st.stm32cube.ide.mcu.externaltools.gnu-tools-for-stm32.13.3.rel1.win32_1.0.100.202509120712/tools/bin/../lib/gcc/arm-none-eabi/13.3.1/thumb/v6-m/nofp/crti.o
                0x08002c34                _init
 .init          0x08002c38        0x8 C:/ST/STM32CubeIDE_2.0.0/STM32CubeIDE/plugins/com.st.stm32cube.ide.mcu.externaltools.gnu-tools-for-stm32.13.3.rel1.win32_1.0.100.202509120712/tools/bin/../lib/gcc/arm-none-eabi/13.3.1/thumb/v6-m/nofp/crtn.o
 *(.fini)
 .fini          0x08002c40        0x4 C:/ST/STM32CubeIDE_2.0.0/STM32CubeIDE/plugins/com.st.stm32cube.ide.mcu.externaltools.gnu-tools-for-stm32.13.3.rel1.win32_1.0.100.202509120712/tools/bin/../lib/gcc/arm-none-eabi/13.3.1/thumb/v6-m/nofp/crti.o
                0x08002c40                _fini
 .fini          0x08002c44        0x8 C:/ST/STM32CubeIDE_2.0.0/STM32CubeIDE/plugins/com.st.stm32cube.ide.mcu.externaltools.gnu-tools-for-stm32.13.3.rel1.win32_1.0.100.202509120712/tools/bin/../lib/gcc/arm-none-eabi/13.3.1/thumb/v6-m/nofp/crtn.o
                0x08002c4c                        . = ALIGN (0x4)
                0x08002c4c                        _etext = .

.vfp11_veneer   0x08002c4c        0x0
 .vfp11_veneer  0x08002c4c        0x0 linker stubs

.v4_bx          0x08002c4c        0x0
 .v4_bx         0x08002c4c        0x0 linker stubs

.iplt           0x08002c4c        0x0
 .iplt          0x08002c4c        0x0 C:/ST/STM32CubeIDE_2.0.0/STM32CubeIDE/plugins/com.st.stm32cube.ide.mcu.externaltools.gnu-tools-for-stm32.13.3.rel1.win32_1.0.100.202509120712/tools/bin/../lib/gcc/arm-none-eabi/13.3.1/thumb/v6-m/nofp/crtbegin.o

.rodata         0x08002c4c       0x40
                0x08002c4c                        . = ALIGN (0x4)
 *(.rodata)
 *(.rodata*)
 .rodata.AHBPrescTable
                0x08002c4c       0x40 C:/Users/Esther/Desktop/tpNoyauTempsReel/tp_syst_contro/config_default/cmake/stm32cubemx/CMakeFiles/STM32_Drivers.dir/__/__/Core/Src/system_stm32g0xx.c.obj
                0x08002c4c                AHBPrescTable
                0x08002c8c                        . = ALIGN (0x4)

.ARM.extab      0x08002c8c        0x0
                0x08002c8c                        . = ALIGN (0x4)
 *(.ARM.extab* .gnu.linkonce.armextab.*)
                0x08002c8c                        . = ALIGN (0x4)

.ARM            0x08002c8c        0x0
                0x08002c8c                        . = ALIGN (0x4)
                0x08002c8c                        __exidx_start = .
 *(.ARM.exidx*)
                0x08002c8c                        __exidx_end = .
                0x08002c8c                        . = ALIGN (0x4)

.preinit_array  0x08002c8c        0x0
                0x08002c8c                        . = ALIGN (0x4)
                0x08002c8c                        PROVIDE (__preinit_array_start = .)
 *(.preinit_array*)
                0x08002c8c                        PROVIDE (__preinit_array_end = .)
                0x08002c8c                        . = ALIGN (0x4)

.init_array     0x08002c8c        0x4
                0x08002c8c                        . = ALIGN (0x4)
                0x08002c8c                        PROVIDE (__init_array_start = .)
 *(SORT_BY_NAME(.init_array.*))
 *(.init_array*)
 .init_array    0x08002c8c        0x4 C:/ST/STM32CubeIDE_2.0.0/STM32CubeIDE/plugins/com.st.stm32cube.ide.mcu.externaltools.gnu-tools-for-stm32.13.3.rel1.win32_1.0.100.202509120712/tools/bin/../lib/gcc/arm-none-eabi/13.3.1/thumb/v6-m/nofp/crtbegin.o
                0x08002c90                        PROVIDE (__init_array_end = .)
                0x08002c90                        . = ALIGN (0x4)

.fini_array     0x08002c90        0x4
                0x08002c90                        . = ALIGN (0x4)
                [!provide]                        PROVIDE (__fini_array_start = .)
 *(SORT_BY_NAME(.fini_array.*))
 *(.fini_array*)
 .fini_array    0x08002c90        0x4 C:/ST/STM32CubeIDE_2.0.0/STM32CubeIDE/plugins/com.st.stm32cube.ide.mcu.externaltools.gnu-tools-for-stm32.13.3.rel1.win32_1.0.100.202509120712/tools/bin/../lib/gcc/arm-none-eabi/13.3.1/thumb/v6-m/nofp/crtbegin.o
                [!provide]                        PROVIDE (__fini_array_end = .)
                0x08002c94                        . = ALIGN (0x4)
                0x08002c94                        _sidata = LOADADDR (.data)

.rel.dyn        0x08002c94        0x0
 .rel.iplt      0x08002c94        0x0 C:/ST/STM32CubeIDE_2.0.0/STM32CubeIDE/plugins/com.st.stm32cube.ide.mcu.externaltools.gnu-tools-for-stm32.13.3.rel1.win32_1.0.100.202509120712/tools/bin/../lib/gcc/arm-none-eabi/13.3.1/thumb/v6-m/nofp/crtbegin.o

.data           0x20000000        0xc load address 0x08002c94
                0x20000000                        . = ALIGN (0x4)
                0x20000000                        _sdata = .
 *(.data)
 *(.data*)
 .data.SystemCoreClock
                0x20000000        0x4 C:/Users/Esther/Desktop/tpNoyauTempsReel/tp_syst_contro/config_default/cmake/stm32cubemx/CMakeFiles/STM32_Drivers.dir/__/__/Core/Src/system_stm32g0xx.c.obj
                0x20000000                SystemCoreClock
 .data.uwTickPrio
                0x20000004        0x4 C:/Users/Esther/Desktop/tpNoyauTempsReel/tp_syst_contro/config_default/cmake/stm32cubemx/CMakeFiles/STM32_Drivers.dir/__/__/Drivers/STM32G0xx_HAL_Driver/Src/stm32g0xx_hal.c.obj
                0x20000004                uwTickPrio
 .data.uwTickFreq
                0x20000008        0x1 C:/Users/Esther/Desktop/tpNoyauTempsReel/tp_syst_contro/config_default/cmake/stm32cubemx/CMakeFiles/STM32_Drivers.dir/__/__/Drivers/STM32G0xx_HAL_Driver/Src/stm32g0xx_hal.c.obj
                0x20000008                uwTickFreq
 *(.RamFunc)
 *(.RamFunc*)
                0x2000000c                        . = ALIGN (0x4)
 *fill*         0x20000009        0x3 

.igot.plt       0x2000000c        0x0 load address 0x08002ca0
 .igot.plt      0x2000000c        0x0 C:/ST/STM32CubeIDE_2.0.0/STM32CubeIDE/plugins/com.st.stm32cube.ide.mcu.externaltools.gnu-tools-for-stm32.13.3.rel1.win32_1.0.100.202509120712/tools/bin/../lib/gcc/arm-none-eabi/13.3.1/thumb/v6-m/nofp/crtbegin.o

.tdata          0x2000000c        0x0 load address 0x08002ca0
 *(.tdata .tdata.* .gnu.linkonce.td.*)
                0x2000000c                        . = ALIGN (0x4)
                0x2000000c                        _edata = .
                [!provide]                        PROVIDE (__data_end = .)
                [!provide]                        PROVIDE (__tdata_end = .)
                [!provide]                        PROVIDE (__tdata_start = ADDR (.tdata))
                [!provide]                        PROVIDE (__tdata_size = (__tdata_end - __tdata_start))
                [!provide]                        PROVIDE (__data_start = ADDR (.data))
                [!provide]                        PROVIDE (__data_size = (__data_end - __data_start))
                [!provide]                        PROVIDE (__tdata_source = LOADADDR (.tdata))
                [!provide]                        PROVIDE (__tdata_source_end = (LOADADDR (.tdata) + SIZEOF (.tdata)))
                [!provide]                        PROVIDE (__tdata_source_size = (__tdata_source_end - __tdata_source))
                [!provide]                        PROVIDE (__data_source = LOADADDR (.data))
                [!provide]                        PROVIDE (__data_source_end = __tdata_source_end)
                [!provide]                        PROVIDE (__data_source_size = (__data_source_end - __data_source))

.tbss           0x2000000c        0x0 load address 0x08002ca0
                0x2000000c                        _sbss = .
                0x2000000c                        __bss_start__ = _sbss
 *(.tbss .tbss.*)
                0x2000000c                        . = ALIGN (0x4)
                [!provide]                        PROVIDE (__tbss_end = .)
                [!provide]                        PROVIDE (__tbss_start = ADDR (.tbss))
                [!provide]                        PROVIDE (__tbss_size = (__tbss_end - __tbss_start))
                [!provide]                        PROVIDE (__tbss_offset = (ADDR (.tbss) - ADDR (.tdata)))
                [!provide]                        PROVIDE (__tls_base = __tdata_start)
                [!provide]                        PROVIDE (__tls_end = __tbss_end)
                [!provide]                        PROVIDE (__tls_size = (__tls_end - __tls_base))
                [!provide]                        PROVIDE (__tls_align = MAX (ALIGNOF (.tdata), ALIGNOF (.tbss)))
                [!provide]                        PROVIDE (__tls_size_align = (((__tls_size + __tls_align) - 0x1) & ~ ((__tls_align - 0x1))))
                [!provide]                        PROVIDE (__arm32_tls_tcb_offset = MAX (0x8, __tls_align))
                [!provide]                        PROVIDE (__arm64_tls_tcb_offset = MAX (0x10, __tls_align))

.bss            0x2000000c       0xd0 load address 0x08002ca0
 *(.bss)
 .bss           0x2000000c       0x1c C:/ST/STM32CubeIDE_2.0.0/STM32CubeIDE/plugins/com.st.stm32cube.ide.mcu.externaltools.gnu-tools-for-stm32.13.3.rel1.win32_1.0.100.202509120712/tools/bin/../lib/gcc/arm-none-eabi/13.3.1/thumb/v6-m/nofp/crtbegin.o
 *(.bss*)
 .bss.hadc1     0x20000028       0x64 CMakeFiles/tp_syst_contro.dir/Core/Src/main.c.obj
                0x20000028                hadc1
 .bss.htim3     0x2000008c       0x4c CMakeFiles/tp_syst_contro.dir/Core/Src/main.c.obj
                0x2000008c                htim3
 .bss.uwTick    0x200000d8        0x4 C:/Users/Esther/Desktop/tpNoyauTempsReel/tp_syst_contro/config_default/cmake/stm32cubemx/CMakeFiles/STM32_Drivers.dir/__/__/Drivers/STM32G0xx_HAL_Driver/Src/stm32g0xx_hal.c.obj
                0x200000d8                uwTick
 *(COMMON)
                0x200000dc                        . = ALIGN (0x4)
                0x200000dc                        _ebss = .
                0x200000dc                        __bss_end__ = _ebss
                [!provide]                        PROVIDE (__bss_end = .)
                [!provide]                        PROVIDE (__non_tls_bss_start = ADDR (.bss))
                [!provide]                        PROVIDE (__bss_start = __tbss_start)
                [!provide]                        PROVIDE (__bss_size = (__bss_end - __bss_start))

._user_heap_stack
                0x200000dc      0x604 load address 0x08002ca0
                0x200000e0                        . = ALIGN (0x8)
 *fill*         0x200000dc        0x4 
                [!provide]                        PROVIDE (end = .)
                0x200000e0                        PROVIDE (_end = .)
                0x200002e0                        . = (. + _Min_Heap_Size)
 *fill*         0x200000e0      0x200 
                0x200006e0                        . = (. + _Min_Stack_Size)
 *fill*         0x200002e0      0x400 
                0x200006e0                        . = ALIGN (0x8)

/DISCARD/
 libc.a:*(*)
 libm.a:*(*)
 libgcc.a:*(*)
OUTPUT(tp_syst_contro.elf elf32-littlearm)
LOAD linker stubs

.ARM.attributes
                0x00000000       0x28
 .ARM.attributes
                0x00000000       0x1e C:/ST/STM32CubeIDE_2.0.0/STM32CubeIDE/plugins/com.st.stm32cube.ide.mcu.externaltools.gnu-tools-for-stm32.13.3.rel1.win32_1.0.100.202509120712/tools/bin/../lib/gcc/arm-none-eabi/13.3.1/thumb/v6-m/nofp/crti.o
 .ARM.attributes
                0x0000001e       0x2c C:/ST/STM32CubeIDE_2.0.0/STM32CubeIDE/plugins/com.st.stm32cube.ide.mcu.externaltools.gnu-tools-for-stm32.13.3.rel1.win32_1.0.100.202509120712/tools/bin/../lib/gcc/arm-none-eabi/13.3.1/thumb/v6-m/nofp/crtbegin.o
 .ARM.attributes
                0x0000004a       0x2c CMakeFiles/tp_syst_contro.dir/Core/Src/main.c.obj
 .ARM.attributes
                0x00000076       0x2c CMakeFiles/tp_syst_contro.dir/Core/Src/stm32g0xx_it.c.obj
 .ARM.attributes
                0x000000a2       0x2c CMakeFiles/tp_syst_contro.dir/Core/Src/stm32g0xx_hal_msp.c.obj
 .ARM.attributes
                0x000000ce       0x22 CMakeFiles/tp_syst_contro.dir/startup_stm32g031xx.s.obj
 .ARM.attributes
                0x000000f0       0x2c C:/Users/Esther/Desktop/tpNoyauTempsReel/tp_syst_contro/config_default/cmake/stm32cubemx/CMakeFiles/STM32_Drivers.dir/__/__/Core/Src/system_stm32g0xx.c.obj
 .ARM.attributes
                0x0000011c       0x2c C:/Users/Esther/Desktop/tpNoyauTempsReel/tp_syst_contro/config_default/cmake/stm32cubemx/CMakeFiles/STM32_Drivers.dir/__/__/Drivers/STM32G0xx_HAL_Driver/Src/stm32g0xx_hal_adc.c.obj
 .ARM.attributes
                0x00000148       0x2c C:/Users/Esther/Desktop/tpNoyauTempsReel/tp_syst_contro/config_default/cmake/stm32cubemx/CMakeFiles/STM32_Drivers.dir/__/__/Drivers/STM32G0xx_HAL_Driver/Src/stm32g0xx_hal_adc_ex.c.obj
 .ARM.attributes
                0x00000174       0x2c C:/Users/Esther/Desktop/tpNoyauTempsReel/tp_syst_contro/config_default/cmake/stm32cubemx/CMakeFiles/STM32_Drivers.dir/__/__/Drivers/STM32G0xx_HAL_Driver/Src/stm32g0xx_hal_rcc.c.obj
 .ARM.attributes
                0x000001a0       0x2c C:/Users/Esther/Desktop/tpNoyauTempsReel/tp_syst_contro/config_default/cmake/stm32cubemx/CMakeFiles/STM32_Drivers.dir/__/__/Drivers/STM32G0xx_HAL_Driver/Src/stm32g0xx_hal_gpio.c.obj
 .ARM.attributes
                0x000001cc       0x2c C:/Users/Esther/Desktop/tpNoyauTempsReel/tp_syst_contro/config_default/cmake/stm32cubemx/CMakeFiles/STM32_Drivers.dir/__/__/Drivers/STM32G0xx_HAL_Driver/Src/stm32g0xx_hal_pwr_ex.c.obj
 .ARM.attributes
                0x000001f8       0x2c C:/Users/Esther/Desktop/tpNoyauTempsReel/tp_syst_contro/config_default/cmake/stm32cubemx/CMakeFiles/STM32_Drivers.dir/__/__/Drivers/STM32G0xx_HAL_Driver/Src/stm32g0xx_hal_cortex.c.obj
 .ARM.attributes
                0x00000224       0x2c C:/Users/Esther/Desktop/tpNoyauTempsReel/tp_syst_contro/config_default/cmake/stm32cubemx/CMakeFiles/STM32_Drivers.dir/__/__/Drivers/STM32G0xx_HAL_Driver/Src/stm32g0xx_hal.c.obj
 .ARM.attributes
                0x00000250       0x2c C:/Users/Esther/Desktop/tpNoyauTempsReel/tp_syst_contro/config_default/cmake/stm32cubemx/CMakeFiles/STM32_Drivers.dir/__/__/Drivers/STM32G0xx_HAL_Driver/Src/stm32g0xx_hal_tim.c.obj
 .ARM.attributes
                0x0000027c       0x2c C:/Users/Esther/Desktop/tpNoyauTempsReel/tp_syst_contro/config_default/cmake/stm32cubemx/CMakeFiles/STM32_Drivers.dir/__/__/Drivers/STM32G0xx_HAL_Driver/Src/stm32g0xx_hal_tim_ex.c.obj
 .ARM.attributes
                0x000002a8       0x1e C:/ST/STM32CubeIDE_2.0.0/STM32CubeIDE/plugins/com.st.stm32cube.ide.mcu.externaltools.gnu-tools-for-stm32.13.3.rel1.win32_1.0.100.202509120712/tools/bin/../lib/gcc/arm-none-eabi/13.3.1/thumb/v6-m/nofp\libgcc.a(_udivsi3.o)
 .ARM.attributes
                0x000002c6       0x1e C:/ST/STM32CubeIDE_2.0.0/STM32CubeIDE/plugins/com.st.stm32cube.ide.mcu.externaltools.gnu-tools-for-stm32.13.3.rel1.win32_1.0.100.202509120712/tools/bin/../lib/gcc/arm-none-eabi/13.3.1/thumb/v6-m/nofp\libgcc.a(_dvmd_tls.o)
 .ARM.attributes
                0x000002e4       0x2c C:/ST/STM32CubeIDE_2.0.0/STM32CubeIDE/plugins/com.st.stm32cube.ide.mcu.externaltools.gnu-tools-for-stm32.13.3.rel1.win32_1.0.100.202509120712/tools/bin/../lib/gcc/arm-none-eabi/13.3.1/../../../../arm-none-eabi/lib/thumb/v6-m/nofp\libg_nano.a(libc_a-memset.o)
 .ARM.attributes
                0x00000310       0x2c C:/ST/STM32CubeIDE_2.0.0/STM32CubeIDE/plugins/com.st.stm32cube.ide.mcu.externaltools.gnu-tools-for-stm32.13.3.rel1.win32_1.0.100.202509120712/tools/bin/../lib/gcc/arm-none-eabi/13.3.1/../../../../arm-none-eabi/lib/thumb/v6-m/nofp\libg_nano.a(libc_a-init.o)
 .ARM.attributes
                0x0000033c       0x1e C:/ST/STM32CubeIDE_2.0.0/STM32CubeIDE/plugins/com.st.stm32cube.ide.mcu.externaltools.gnu-tools-for-stm32.13.3.rel1.win32_1.0.100.202509120712/tools/bin/../lib/gcc/arm-none-eabi/13.3.1/thumb/v6-m/nofp/crtn.o

.comment        0x00000000       0x43
 .comment       0x00000000       0x43 CMakeFiles/tp_syst_contro.dir/Core/Src/main.c.obj
                                 0x44 (size before relaxing)
 .comment       0x00000043        0x0 CMakeFiles/tp_syst_contro.dir/Core/Src/stm32g0xx_it.c.obj
                                 0x44 (size before relaxing)
 .comment       0x00000043        0x0 CMakeFiles/tp_syst_contro.dir/Core/Src/stm32g0xx_hal_msp.c.obj
                                 0x44 (size before relaxing)
 .comment       0x00000043        0x0 C:/Users/Esther/Desktop/tpNoyauTempsReel/tp_syst_contro/config_default/cmake/stm32cubemx/CMakeFiles/STM32_Drivers.dir/__/__/Core/Src/system_stm32g0xx.c.obj
                                 0x44 (size before relaxing)
 .comment       0x00000043        0x0 C:/Users/Esther/Desktop/tpNoyauTempsReel/tp_syst_contro/config_default/cmake/stm32cubemx/CMakeFiles/STM32_Drivers.dir/__/__/Drivers/STM32G0xx_HAL_Driver/Src/stm32g0xx_hal_adc.c.obj
                                 0x44 (size before relaxing)
 .comment       0x00000043        0x0 C:/Users/Esther/Desktop/tpNoyauTempsReel/tp_syst_contro/config_default/cmake/stm32cubemx/CMakeFiles/STM32_Drivers.dir/__/__/Drivers/STM32G0xx_HAL_Driver/Src/stm32g0xx_hal_adc_ex.c.obj
                                 0x44 (size before relaxing)
 .comment       0x00000043        0x0 C:/Users/Esther/Desktop/tpNoyauTempsReel/tp_syst_contro/config_default/cmake/stm32cubemx/CMakeFiles/STM32_Drivers.dir/__/__/Drivers/STM32G0xx_HAL_Driver/Src/stm32g0xx_hal_rcc.c.obj
                                 0x44 (size before relaxing)
 .comment       0x00000043        0x0 C:/Users/Esther/Desktop/tpNoyauTempsReel/tp_syst_contro/config_default/cmake/stm32cubemx/CMakeFiles/STM32_Drivers.dir/__/__/Drivers/STM32G0xx_HAL_Driver/Src/stm32g0xx_hal_gpio.c.obj
                                 0x44 (size before relaxing)
 .comment       0x00000043        0x0 C:/Users/Esther/Desktop/tpNoyauTempsReel/tp_syst_contro/config_default/cmake/stm32cubemx/CMakeFiles/STM32_Drivers.dir/__/__/Drivers/STM32G0xx_HAL_Driver/Src/stm32g0xx_hal_pwr_ex.c.obj
                                 0x44 (size before relaxing)
 .comment       0x00000043        0x0 C:/Users/Esther/Desktop/tpNoyauTempsReel/tp_syst_contro/config_default/cmake/stm32cubemx/CMakeFiles/STM32_Drivers.dir/__/__/Drivers/STM32G0xx_HAL_Driver/Src/stm32g0xx_hal_cortex.c.obj
                                 0x44 (size before relaxing)
 .comment       0x00000043        0x0 C:/Users/Esther/Desktop/tpNoyauTempsReel/tp_syst_contro/config_default/cmake/stm32cubemx/CMakeFiles/STM32_Drivers.dir/__/__/Drivers/STM32G0xx_HAL_Driver/Src/stm32g0xx_hal.c.obj
                                 0x44 (size before relaxing)
 .comment       0x00000043        0x0 C:/Users/Esther/Desktop/tpNoyauTempsReel/tp_syst_contro/config_default/cmake/stm32cubemx/CMakeFiles/STM32_Drivers.dir/__/__/Drivers/STM32G0xx_HAL_Driver/Src/stm32g0xx_hal_tim.c.obj
                                 0x44 (size before relaxing)
 .comment       0x00000043        0x0 C:/Users/Esther/Desktop/tpNoyauTempsReel/tp_syst_contro/config_default/cmake/stm32cubemx/CMakeFiles/STM32_Drivers.dir/__/__/Drivers/STM32G0xx_HAL_Driver/Src/stm32g0xx_hal_tim_ex.c.obj
                                 0x44 (size before relaxing)
 .comment       0x00000043        0x0 C:/ST/STM32CubeIDE_2.0.0/STM32CubeIDE/plugins/com.st.stm32cube.ide.mcu.externaltools.gnu-tools-for-stm32.13.3.rel1.win32_1.0.100.202509120712/tools/bin/../lib/gcc/arm-none-eabi/13.3.1/../../../../arm-none-eabi/lib/thumb/v6-m/nofp\libg_nano.a(libc_a-memset.o)
                                 0x44 (size before relaxing)
 .comment       0x00000043        0x0 C:/ST/STM32CubeIDE_2.0.0/STM32CubeIDE/plugins/com.st.stm32cube.ide.mcu.externaltools.gnu-tools-for-stm32.13.3.rel1.win32_1.0.100.202509120712/tools/bin/../lib/gcc/arm-none-eabi/13.3.1/../../../../arm-none-eabi/lib/thumb/v6-m/nofp\libg_nano.a(libc_a-init.o)
                                 0x44 (size before relaxing)

.debug_info     0x00000000     0xc2e3
 .debug_info    0x00000000     0x1295 CMakeFiles/tp_syst_contro.dir/Core/Src/main.c.obj
 .debug_info    0x00001295      0xb29 CMakeFiles/tp_syst_contro.dir/Core/Src/stm32g0xx_it.c.obj
 .debug_info    0x00001dbe      0xf94 CMakeFiles/tp_syst_contro.dir/Core/Src/stm32g0xx_hal_msp.c.obj
 .debug_info    0x00002d52       0x30 CMakeFiles/tp_syst_contro.dir/startup_stm32g031xx.s.obj
 .debug_info    0x00002d82      0x316 C:/Users/Esther/Desktop/tpNoyauTempsReel/tp_syst_contro/config_default/cmake/stm32cubemx/CMakeFiles/STM32_Drivers.dir/__/__/Core/Src/system_stm32g0xx.c.obj
 .debug_info    0x00003098     0x155e C:/Users/Esther/Desktop/tpNoyauTempsReel/tp_syst_contro/config_default/cmake/stm32cubemx/CMakeFiles/STM32_Drivers.dir/__/__/Drivers/STM32G0xx_HAL_Driver/Src/stm32g0xx_hal_adc.c.obj
 .debug_info    0x000045f6      0xb2e C:/Users/Esther/Desktop/tpNoyauTempsReel/tp_syst_contro/config_default/cmake/stm32cubemx/CMakeFiles/STM32_Drivers.dir/__/__/Drivers/STM32G0xx_HAL_Driver/Src/stm32g0xx_hal_adc_ex.c.obj
 .debug_info    0x00005124      0xb34 C:/Users/Esther/Desktop/tpNoyauTempsReel/tp_syst_contro/config_default/cmake/stm32cubemx/CMakeFiles/STM32_Drivers.dir/__/__/Drivers/STM32G0xx_HAL_Driver/Src/stm32g0xx_hal_rcc.c.obj
 .debug_info    0x00005c58      0x5ac C:/Users/Esther/Desktop/tpNoyauTempsReel/tp_syst_contro/config_default/cmake/stm32cubemx/CMakeFiles/STM32_Drivers.dir/__/__/Drivers/STM32G0xx_HAL_Driver/Src/stm32g0xx_hal_gpio.c.obj
 .debug_info    0x00006204      0x782 C:/Users/Esther/Desktop/tpNoyauTempsReel/tp_syst_contro/config_default/cmake/stm32cubemx/CMakeFiles/STM32_Drivers.dir/__/__/Drivers/STM32G0xx_HAL_Driver/Src/stm32g0xx_hal_pwr_ex.c.obj
 .debug_info    0x00006986      0x8c7 C:/Users/Esther/Desktop/tpNoyauTempsReel/tp_syst_contro/config_default/cmake/stm32cubemx/CMakeFiles/STM32_Drivers.dir/__/__/Drivers/STM32G0xx_HAL_Driver/Src/stm32g0xx_hal_cortex.c.obj
 .debug_info    0x0000724d      0xa2f C:/Users/Esther/Desktop/tpNoyauTempsReel/tp_syst_contro/config_default/cmake/stm32cubemx/CMakeFiles/STM32_Drivers.dir/__/__/Drivers/STM32G0xx_HAL_Driver/Src/stm32g0xx_hal.c.obj
 .debug_info    0x00007c7c     0x2bc4 C:/Users/Esther/Desktop/tpNoyauTempsReel/tp_syst_contro/config_default/cmake/stm32cubemx/CMakeFiles/STM32_Drivers.dir/__/__/Drivers/STM32G0xx_HAL_Driver/Src/stm32g0xx_hal_tim.c.obj
 .debug_info    0x0000a840     0x18b8 C:/Users/Esther/Desktop/tpNoyauTempsReel/tp_syst_contro/config_default/cmake/stm32cubemx/CMakeFiles/STM32_Drivers.dir/__/__/Drivers/STM32G0xx_HAL_Driver/Src/stm32g0xx_hal_tim_ex.c.obj
 .debug_info    0x0000c0f8       0xe0 C:/ST/STM32CubeIDE_2.0.0/STM32CubeIDE/plugins/com.st.stm32cube.ide.mcu.externaltools.gnu-tools-for-stm32.13.3.rel1.win32_1.0.100.202509120712/tools/bin/../lib/gcc/arm-none-eabi/13.3.1/../../../../arm-none-eabi/lib/thumb/v6-m/nofp\libg_nano.a(libc_a-memset.o)
 .debug_info    0x0000c1d8      0x10b C:/ST/STM32CubeIDE_2.0.0/STM32CubeIDE/plugins/com.st.stm32cube.ide.mcu.externaltools.gnu-tools-for-stm32.13.3.rel1.win32_1.0.100.202509120712/tools/bin/../lib/gcc/arm-none-eabi/13.3.1/../../../../arm-none-eabi/lib/thumb/v6-m/nofp\libg_nano.a(libc_a-init.o)

.debug_abbrev   0x00000000     0x1e93
 .debug_abbrev  0x00000000      0x26c CMakeFiles/tp_syst_contro.dir/Core/Src/main.c.obj
 .debug_abbrev  0x0000026c      0x1be CMakeFiles/tp_syst_contro.dir/Core/Src/stm32g0xx_it.c.obj
 .debug_abbrev  0x0000042a      0x1dc CMakeFiles/tp_syst_contro.dir/Core/Src/stm32g0xx_hal_msp.c.obj
 .debug_abbrev  0x00000606       0x24 CMakeFiles/tp_syst_contro.dir/startup_stm32g031xx.s.obj
 .debug_abbrev  0x0000062a      0x119 C:/Users/Esther/Desktop/tpNoyauTempsReel/tp_syst_contro/config_default/cmake/stm32cubemx/CMakeFiles/STM32_Drivers.dir/__/__/Core/Src/system_stm32g0xx.c.obj
 .debug_abbrev  0x00000743      0x267 C:/Users/Esther/Desktop/tpNoyauTempsReel/tp_syst_contro/config_default/cmake/stm32cubemx/CMakeFiles/STM32_Drivers.dir/__/__/Drivers/STM32G0xx_HAL_Driver/Src/stm32g0xx_hal_adc.c.obj
 .debug_abbrev  0x000009aa      0x231 C:/Users/Esther/Desktop/tpNoyauTempsReel/tp_syst_contro/config_default/cmake/stm32cubemx/CMakeFiles/STM32_Drivers.dir/__/__/Drivers/STM32G0xx_HAL_Driver/Src/stm32g0xx_hal_adc_ex.c.obj
 .debug_abbrev  0x00000bdb      0x2a9 C:/Users/Esther/Desktop/tpNoyauTempsReel/tp_syst_contro/config_default/cmake/stm32cubemx/CMakeFiles/STM32_Drivers.dir/__/__/Drivers/STM32G0xx_HAL_Driver/Src/stm32g0xx_hal_rcc.c.obj
 .debug_abbrev  0x00000e84      0x1c3 C:/Users/Esther/Desktop/tpNoyauTempsReel/tp_syst_contro/config_default/cmake/stm32cubemx/CMakeFiles/STM32_Drivers.dir/__/__/Drivers/STM32G0xx_HAL_Driver/Src/stm32g0xx_hal_gpio.c.obj
 .debug_abbrev  0x00001047      0x237 C:/Users/Esther/Desktop/tpNoyauTempsReel/tp_syst_contro/config_default/cmake/stm32cubemx/CMakeFiles/STM32_Drivers.dir/__/__/Drivers/STM32G0xx_HAL_Driver/Src/stm32g0xx_hal_pwr_ex.c.obj
 .debug_abbrev  0x0000127e      0x2ab C:/Users/Esther/Desktop/tpNoyauTempsReel/tp_syst_contro/config_default/cmake/stm32cubemx/CMakeFiles/STM32_Drivers.dir/__/__/Drivers/STM32G0xx_HAL_Driver/Src/stm32g0xx_hal_cortex.c.obj
 .debug_abbrev  0x00001529      0x2b6 C:/Users/Esther/Desktop/tpNoyauTempsReel/tp_syst_contro/config_default/cmake/stm32cubemx/CMakeFiles/STM32_Drivers.dir/__/__/Drivers/STM32G0xx_HAL_Driver/Src/stm32g0xx_hal.c.obj
 .debug_abbrev  0x000017df      0x2a2 C:/Users/Esther/Desktop/tpNoyauTempsReel/tp_syst_contro/config_default/cmake/stm32cubemx/CMakeFiles/STM32_Drivers.dir/__/__/Drivers/STM32G0xx_HAL_Driver/Src/stm32g0xx_hal_tim.c.obj
 .debug_abbrev  0x00001a81      0x2ab C:/Users/Esther/Desktop/tpNoyauTempsReel/tp_syst_contro/config_default/cmake/stm32cubemx/CMakeFiles/STM32_Drivers.dir/__/__/Drivers/STM32G0xx_HAL_Driver/Src/stm32g0xx_hal_tim_ex.c.obj
 .debug_abbrev  0x00001d2c       0x9e C:/ST/STM32CubeIDE_2.0.0/STM32CubeIDE/plugins/com.st.stm32cube.ide.mcu.externaltools.gnu-tools-for-stm32.13.3.rel1.win32_1.0.100.202509120712/tools/bin/../lib/gcc/arm-none-eabi/13.3.1/../../../../arm-none-eabi/lib/thumb/v6-m/nofp\libg_nano.a(libc_a-memset.o)
 .debug_abbrev  0x00001dca       0xc9 C:/ST/STM32CubeIDE_2.0.0/STM32CubeIDE/plugins/com.st.stm32cube.ide.mcu.externaltools.gnu-tools-for-stm32.13.3.rel1.win32_1.0.100.202509120712/tools/bin/../lib/gcc/arm-none-eabi/13.3.1/../../../../arm-none-eabi/lib/thumb/v6-m/nofp\libg_nano.a(libc_a-init.o)

.debug_aranges  0x00000000      0xd80
 .debug_aranges
                0x00000000       0x48 CMakeFiles/tp_syst_contro.dir/Core/Src/main.c.obj
 .debug_aranges
                0x00000048       0x50 CMakeFiles/tp_syst_contro.dir/Core/Src/stm32g0xx_it.c.obj
 .debug_aranges
                0x00000098       0x40 CMakeFiles/tp_syst_contro.dir/Core/Src/stm32g0xx_hal_msp.c.obj
 .debug_aranges
                0x000000d8       0x28 CMakeFiles/tp_syst_contro.dir/startup_stm32g031xx.s.obj
 .debug_aranges
                0x00000100       0x28 C:/Users/Esther/Desktop/tpNoyauTempsReel/tp_syst_contro/config_default/cmake/stm32cubemx/CMakeFiles/STM32_Drivers.dir/__/__/Core/Src/system_stm32g0xx.c.obj
 .debug_aranges
                0x00000128      0x1f0 C:/Users/Esther/Desktop/tpNoyauTempsReel/tp_syst_contro/config_default/cmake/stm32cubemx/CMakeFiles/STM32_Drivers.dir/__/__/Drivers/STM32G0xx_HAL_Driver/Src/stm32g0xx_hal_adc.c.obj
 .debug_aranges
                0x00000318       0xb0 C:/Users/Esther/Desktop/tpNoyauTempsReel/tp_syst_contro/config_default/cmake/stm32cubemx/CMakeFiles/STM32_Drivers.dir/__/__/Drivers/STM32G0xx_HAL_Driver/Src/stm32g0xx_hal_adc_ex.c.obj
 .debug_aranges
                0x000003c8       0xa0 C:/Users/Esther/Desktop/tpNoyauTempsReel/tp_syst_contro/config_default/cmake/stm32cubemx/CMakeFiles/STM32_Drivers.dir/__/__/Drivers/STM32G0xx_HAL_Driver/Src/stm32g0xx_hal_rcc.c.obj
 .debug_aranges
                0x00000468       0x60 C:/Users/Esther/Desktop/tpNoyauTempsReel/tp_syst_contro/config_default/cmake/stm32cubemx/CMakeFiles/STM32_Drivers.dir/__/__/Drivers/STM32G0xx_HAL_Driver/Src/stm32g0xx_hal_gpio.c.obj
 .debug_aranges
                0x000004c8       0xf0 C:/Users/Esther/Desktop/tpNoyauTempsReel/tp_syst_contro/config_default/cmake/stm32cubemx/CMakeFiles/STM32_Drivers.dir/__/__/Drivers/STM32G0xx_HAL_Driver/Src/stm32g0xx_hal_pwr_ex.c.obj
 .debug_aranges
                0x000005b8       0xe8 C:/Users/Esther/Desktop/tpNoyauTempsReel/tp_syst_contro/config_default/cmake/stm32cubemx/CMakeFiles/STM32_Drivers.dir/__/__/Drivers/STM32G0xx_HAL_Driver/Src/stm32g0xx_hal_cortex.c.obj
 .debug_aranges
                0x000006a0      0x128 C:/Users/Esther/Desktop/tpNoyauTempsReel/tp_syst_contro/config_default/cmake/stm32cubemx/CMakeFiles/STM32_Drivers.dir/__/__/Drivers/STM32G0xx_HAL_Driver/Src/stm32g0xx_hal.c.obj
 .debug_aranges
                0x000007c8      0x3e0 C:/Users/Esther/Desktop/tpNoyauTempsReel/tp_syst_contro/config_default/cmake/stm32cubemx/CMakeFiles/STM32_Drivers.dir/__/__/Drivers/STM32G0xx_HAL_Driver/Src/stm32g0xx_hal_tim.c.obj
 .debug_aranges
                0x00000ba8      0x198 C:/Users/Esther/Desktop/tpNoyauTempsReel/tp_syst_contro/config_default/cmake/stm32cubemx/CMakeFiles/STM32_Drivers.dir/__/__/Drivers/STM32G0xx_HAL_Driver/Src/stm32g0xx_hal_tim_ex.c.obj
 .debug_aranges
                0x00000d40       0x20 C:/ST/STM32CubeIDE_2.0.0/STM32CubeIDE/plugins/com.st.stm32cube.ide.mcu.externaltools.gnu-tools-for-stm32.13.3.rel1.win32_1.0.100.202509120712/tools/bin/../lib/gcc/arm-none-eabi/13.3.1/../../../../arm-none-eabi/lib/thumb/v6-m/nofp\libg_nano.a(libc_a-memset.o)
 .debug_aranges
                0x00000d60       0x20 C:/ST/STM32CubeIDE_2.0.0/STM32CubeIDE/plugins/com.st.stm32cube.ide.mcu.externaltools.gnu-tools-for-stm32.13.3.rel1.win32_1.0.100.202509120712/tools/bin/../lib/gcc/arm-none-eabi/13.3.1/../../../../arm-none-eabi/lib/thumb/v6-m/nofp\libg_nano.a(libc_a-init.o)

.debug_rnglists
                0x00000000      0xa61
 .debug_rnglists
                0x00000000       0x35 CMakeFiles/tp_syst_contro.dir/Core/Src/main.c.obj
 .debug_rnglists
                0x00000035       0x37 CMakeFiles/tp_syst_contro.dir/Core/Src/stm32g0xx_it.c.obj
 .debug_rnglists
                0x0000006c       0x2c CMakeFiles/tp_syst_contro.dir/Core/Src/stm32g0xx_hal_msp.c.obj
 .debug_rnglists
                0x00000098       0x19 CMakeFiles/tp_syst_contro.dir/startup_stm32g031xx.s.obj
 .debug_rnglists
                0x000000b1       0x1a C:/Users/Esther/Desktop/tpNoyauTempsReel/tp_syst_contro/config_default/cmake/stm32cubemx/CMakeFiles/STM32_Drivers.dir/__/__/Core/Src/system_stm32g0xx.c.obj
 .debug_rnglists
                0x000000cb      0x17f C:/Users/Esther/Desktop/tpNoyauTempsReel/tp_syst_contro/config_default/cmake/stm32cubemx/CMakeFiles/STM32_Drivers.dir/__/__/Drivers/STM32G0xx_HAL_Driver/Src/stm32g0xx_hal_adc.c.obj
 .debug_rnglists
                0x0000024a       0x81 C:/Users/Esther/Desktop/tpNoyauTempsReel/tp_syst_contro/config_default/cmake/stm32cubemx/CMakeFiles/STM32_Drivers.dir/__/__/Drivers/STM32G0xx_HAL_Driver/Src/stm32g0xx_hal_adc_ex.c.obj
 .debug_rnglists
                0x000002cb       0x79 C:/Users/Esther/Desktop/tpNoyauTempsReel/tp_syst_contro/config_default/cmake/stm32cubemx/CMakeFiles/STM32_Drivers.dir/__/__/Drivers/STM32G0xx_HAL_Driver/Src/stm32g0xx_hal_rcc.c.obj
 .debug_rnglists
                0x00000344       0x45 C:/Users/Esther/Desktop/tpNoyauTempsReel/tp_syst_contro/config_default/cmake/stm32cubemx/CMakeFiles/STM32_Drivers.dir/__/__/Drivers/STM32G0xx_HAL_Driver/Src/stm32g0xx_hal_gpio.c.obj
 .debug_rnglists
                0x00000389       0xb5 C:/Users/Esther/Desktop/tpNoyauTempsReel/tp_syst_contro/config_default/cmake/stm32cubemx/CMakeFiles/STM32_Drivers.dir/__/__/Drivers/STM32G0xx_HAL_Driver/Src/stm32g0xx_hal_pwr_ex.c.obj
 .debug_rnglists
                0x0000043e       0xaa C:/Users/Esther/Desktop/tpNoyauTempsReel/tp_syst_contro/config_default/cmake/stm32cubemx/CMakeFiles/STM32_Drivers.dir/__/__/Drivers/STM32G0xx_HAL_Driver/Src/stm32g0xx_hal_cortex.c.obj
 .debug_rnglists
                0x000004e8       0xda C:/Users/Esther/Desktop/tpNoyauTempsReel/tp_syst_contro/config_default/cmake/stm32cubemx/CMakeFiles/STM32_Drivers.dir/__/__/Drivers/STM32G0xx_HAL_Driver/Src/stm32g0xx_hal.c.obj
 .debug_rnglists
                0x000005c2      0x32b C:/Users/Esther/Desktop/tpNoyauTempsReel/tp_syst_contro/config_default/cmake/stm32cubemx/CMakeFiles/STM32_Drivers.dir/__/__/Drivers/STM32G0xx_HAL_Driver/Src/stm32g0xx_hal_tim.c.obj
 .debug_rnglists
                0x000008ed      0x14e C:/Users/Esther/Desktop/tpNoyauTempsReel/tp_syst_contro/config_default/cmake/stm32cubemx/CMakeFiles/STM32_Drivers.dir/__/__/Drivers/STM32G0xx_HAL_Driver/Src/stm32g0xx_hal_tim_ex.c.obj
 .debug_rnglists
                0x00000a3b       0x13 C:/ST/STM32CubeIDE_2.0.0/STM32CubeIDE/plugins/com.st.stm32cube.ide.mcu.externaltools.gnu-tools-for-stm32.13.3.rel1.win32_1.0.100.202509120712/tools/bin/../lib/gcc/arm-none-eabi/13.3.1/../../../../arm-none-eabi/lib/thumb/v6-m/nofp\libg_nano.a(libc_a-memset.o)
 .debug_rnglists
                0x00000a4e       0x13 C:/ST/STM32CubeIDE_2.0.0/STM32CubeIDE/plugins/com.st.stm32cube.ide.mcu.externaltools.gnu-tools-for-stm32.13.3.rel1.win32_1.0.100.202509120712/tools/bin/../lib/gcc/arm-none-eabi/13.3.1/../../../../arm-none-eabi/lib/thumb/v6-m/nofp\libg_nano.a(libc_a-init.o)

.debug_macro    0x00000000    0x164b3
 .debug_macro   0x00000000      0x202 CMakeFiles/tp_syst_contro.dir/Core/Src/main.c.obj
 .debug_macro   0x00000202      0xaae CMakeFiles/tp_syst_contro.dir/Core/Src/main.c.obj
 .debug_macro   0x00000cb0      0x11d CMakeFiles/tp_syst_contro.dir/Core/Src/main.c.obj
 .debug_macro   0x00000dcd       0x2e CMakeFiles/tp_syst_contro.dir/Core/Src/main.c.obj
 .debug_macro   0x00000dfb       0x28 CMakeFiles/tp_syst_contro.dir/Core/Src/main.c.obj
 .debug_macro   0x00000e23       0x22 CMakeFiles/tp_syst_contro.dir/Core/Src/main.c.obj
 .debug_macro   0x00000e45       0x8e CMakeFiles/tp_syst_contro.dir/Core/Src/main.c.obj
 .debug_macro   0x00000ed3       0x51 CMakeFiles/tp_syst_contro.dir/Core/Src/main.c.obj
 .debug_macro   0x00000f24      0x103 CMakeFiles/tp_syst_contro.dir/Core/Src/main.c.obj
 .debug_macro   0x00001027       0x6a CMakeFiles/tp_syst_contro.dir/Core/Src/main.c.obj
 .debug_macro   0x00001091      0x1df CMakeFiles/tp_syst_contro.dir/Core/Src/main.c.obj
 .debug_macro   0x00001270       0x1c CMakeFiles/tp_syst_contro.dir/Core/Src/main.c.obj
 .debug_macro   0x0000128c       0x22 CMakeFiles/tp_syst_contro.dir/Core/Src/main.c.obj
 .debug_macro   0x000012ae       0xd1 CMakeFiles/tp_syst_contro.dir/Core/Src/main.c.obj
 .debug_macro   0x0000137f      0x4da CMakeFiles/tp_syst_contro.dir/Core/Src/main.c.obj
 .debug_macro   0x00001859      0x11f CMakeFiles/tp_syst_contro.dir/Core/Src/main.c.obj
 .debug_macro   0x00001978     0xac8e CMakeFiles/tp_syst_contro.dir/Core/Src/main.c.obj
 .debug_macro   0x0000c606       0x66 CMakeFiles/tp_syst_contro.dir/Core/Src/main.c.obj
 .debug_macro   0x0000c66c     0x3512 CMakeFiles/tp_syst_contro.dir/Core/Src/main.c.obj
 .debug_macro   0x0000fb7e      0x190 CMakeFiles/tp_syst_contro.dir/Core/Src/main.c.obj
 .debug_macro   0x0000fd0e       0x5c CMakeFiles/tp_syst_contro.dir/Core/Src/main.c.obj
 .debug_macro   0x0000fd6a      0x518 CMakeFiles/tp_syst_contro.dir/Core/Src/main.c.obj
 .debug_macro   0x00010282      0xf70 CMakeFiles/tp_syst_contro.dir/Core/Src/main.c.obj
 .debug_macro   0x000111f2      0x1d8 CMakeFiles/tp_syst_contro.dir/Core/Src/main.c.obj
 .debug_macro   0x000113ca      0x1cf CMakeFiles/tp_syst_contro.dir/Core/Src/main.c.obj
 .debug_macro   0x00011599      0x122 CMakeFiles/tp_syst_contro.dir/Core/Src/main.c.obj
 .debug_macro   0x000116bb      0x390 CMakeFiles/tp_syst_contro.dir/Core/Src/main.c.obj
 .debug_macro   0x00011a4b      0x202 CMakeFiles/tp_syst_contro.dir/Core/Src/main.c.obj
 .debug_macro   0x00011c4d      0x2ff CMakeFiles/tp_syst_contro.dir/Core/Src/main.c.obj
 .debug_macro   0x00011f4c      0x1b2 CMakeFiles/tp_syst_contro.dir/Core/Src/main.c.obj
 .debug_macro   0x000120fe       0x43 CMakeFiles/tp_syst_contro.dir/Core/Src/main.c.obj
 .debug_macro   0x00012141      0x1f1 CMakeFiles/tp_syst_contro.dir/Core/Src/main.c.obj
 .debug_macro   0x00012332      0x8a6 CMakeFiles/tp_syst_contro.dir/Core/Src/main.c.obj
 .debug_macro   0x00012bd8      0x5b4 CMakeFiles/tp_syst_contro.dir/Core/Src/main.c.obj
 .debug_macro   0x0001318c       0x2e CMakeFiles/tp_syst_contro.dir/Core/Src/main.c.obj
 .debug_macro   0x000131ba      0x1d6 CMakeFiles/tp_syst_contro.dir/Core/Src/main.c.obj
 .debug_macro   0x00013390      0x38a CMakeFiles/tp_syst_contro.dir/Core/Src/main.c.obj
 .debug_macro   0x0001371a       0x28 CMakeFiles/tp_syst_contro.dir/Core/Src/main.c.obj
 .debug_macro   0x00013742       0xe4 CMakeFiles/tp_syst_contro.dir/Core/Src/main.c.obj
 .debug_macro   0x00013826      0x10c CMakeFiles/tp_syst_contro.dir/Core/Src/main.c.obj
 .debug_macro   0x00013932      0x240 CMakeFiles/tp_syst_contro.dir/Core/Src/main.c.obj
 .debug_macro   0x00013b72      0xac2 CMakeFiles/tp_syst_contro.dir/Core/Src/main.c.obj
 .debug_macro   0x00014634      0x135 CMakeFiles/tp_syst_contro.dir/Core/Src/main.c.obj
 .debug_macro   0x00014769      0x49d CMakeFiles/tp_syst_contro.dir/Core/Src/main.c.obj
 .debug_macro   0x00014c06       0x4c CMakeFiles/tp_syst_contro.dir/Core/Src/main.c.obj
 .debug_macro   0x00014c52      0x20c CMakeFiles/tp_syst_contro.dir/Core/Src/stm32g0xx_it.c.obj
 .debug_macro   0x00014e5e      0x202 CMakeFiles/tp_syst_contro.dir/Core/Src/stm32g0xx_hal_msp.c.obj
 .debug_macro   0x00015060      0x1f3 C:/Users/Esther/Desktop/tpNoyauTempsReel/tp_syst_contro/config_default/cmake/stm32cubemx/CMakeFiles/STM32_Drivers.dir/__/__/Core/Src/system_stm32g0xx.c.obj
 .debug_macro   0x00015253      0x217 C:/Users/Esther/Desktop/tpNoyauTempsReel/tp_syst_contro/config_default/cmake/stm32cubemx/CMakeFiles/STM32_Drivers.dir/__/__/Drivers/STM32G0xx_HAL_Driver/Src/stm32g0xx_hal_adc.c.obj
 .debug_macro   0x0001546a      0x1ff C:/Users/Esther/Desktop/tpNoyauTempsReel/tp_syst_contro/config_default/cmake/stm32cubemx/CMakeFiles/STM32_Drivers.dir/__/__/Drivers/STM32G0xx_HAL_Driver/Src/stm32g0xx_hal_adc_ex.c.obj
 .debug_macro   0x00015669      0x235 C:/Users/Esther/Desktop/tpNoyauTempsReel/tp_syst_contro/config_default/cmake/stm32cubemx/CMakeFiles/STM32_Drivers.dir/__/__/Drivers/STM32G0xx_HAL_Driver/Src/stm32g0xx_hal_rcc.c.obj
 .debug_macro   0x0001589e      0x1fa C:/Users/Esther/Desktop/tpNoyauTempsReel/tp_syst_contro/config_default/cmake/stm32cubemx/CMakeFiles/STM32_Drivers.dir/__/__/Drivers/STM32G0xx_HAL_Driver/Src/stm32g0xx_hal_gpio.c.obj
 .debug_macro   0x00015a98      0x21d C:/Users/Esther/Desktop/tpNoyauTempsReel/tp_syst_contro/config_default/cmake/stm32cubemx/CMakeFiles/STM32_Drivers.dir/__/__/Drivers/STM32G0xx_HAL_Driver/Src/stm32g0xx_hal_pwr_ex.c.obj
 .debug_macro   0x00015cb5      0x1f3 C:/Users/Esther/Desktop/tpNoyauTempsReel/tp_syst_contro/config_default/cmake/stm32cubemx/CMakeFiles/STM32_Drivers.dir/__/__/Drivers/STM32G0xx_HAL_Driver/Src/stm32g0xx_hal_cortex.c.obj
 .debug_macro   0x00015ea8      0x217 C:/Users/Esther/Desktop/tpNoyauTempsReel/tp_syst_contro/config_default/cmake/stm32cubemx/CMakeFiles/STM32_Drivers.dir/__/__/Drivers/STM32G0xx_HAL_Driver/Src/stm32g0xx_hal.c.obj
 .debug_macro   0x000160bf      0x1fb C:/Users/Esther/Desktop/tpNoyauTempsReel/tp_syst_contro/config_default/cmake/stm32cubemx/CMakeFiles/STM32_Drivers.dir/__/__/Drivers/STM32G0xx_HAL_Driver/Src/stm32g0xx_hal_tim.c.obj
 .debug_macro   0x000162ba      0x1f9 C:/Users/Esther/Desktop/tpNoyauTempsReel/tp_syst_contro/config_default/cmake/stm32cubemx/CMakeFiles/STM32_Drivers.dir/__/__/Drivers/STM32G0xx_HAL_Driver/Src/stm32g0xx_hal_tim_ex.c.obj

.debug_line     0x00000000     0xf6dc
 .debug_line    0x00000000      0xae8 CMakeFiles/tp_syst_contro.dir/Core/Src/main.c.obj
 .debug_line    0x00000ae8      0x9e4 CMakeFiles/tp_syst_contro.dir/Core/Src/stm32g0xx_it.c.obj
 .debug_line    0x000014cc      0x9dc CMakeFiles/tp_syst_contro.dir/Core/Src/stm32g0xx_hal_msp.c.obj
 .debug_line    0x00001ea8       0x7b CMakeFiles/tp_syst_contro.dir/startup_stm32g031xx.s.obj
 .debug_line    0x00001f23      0x9ca C:/Users/Esther/Desktop/tpNoyauTempsReel/tp_syst_contro/config_default/cmake/stm32cubemx/CMakeFiles/STM32_Drivers.dir/__/__/Core/Src/system_stm32g0xx.c.obj
 .debug_line    0x000028ed     0x1b44 C:/Users/Esther/Desktop/tpNoyauTempsReel/tp_syst_contro/config_default/cmake/stm32cubemx/CMakeFiles/STM32_Drivers.dir/__/__/Drivers/STM32G0xx_HAL_Driver/Src/stm32g0xx_hal_adc.c.obj
 .debug_line    0x00004431      0xcbb C:/Users/Esther/Desktop/tpNoyauTempsReel/tp_syst_contro/config_default/cmake/stm32cubemx/CMakeFiles/STM32_Drivers.dir/__/__/Drivers/STM32G0xx_HAL_Driver/Src/stm32g0xx_hal_adc_ex.c.obj
 .debug_line    0x000050ec     0x11e1 C:/Users/Esther/Desktop/tpNoyauTempsReel/tp_syst_contro/config_default/cmake/stm32cubemx/CMakeFiles/STM32_Drivers.dir/__/__/Drivers/STM32G0xx_HAL_Driver/Src/stm32g0xx_hal_rcc.c.obj
 .debug_line    0x000062cd      0xd61 C:/Users/Esther/Desktop/tpNoyauTempsReel/tp_syst_contro/config_default/cmake/stm32cubemx/CMakeFiles/STM32_Drivers.dir/__/__/Drivers/STM32G0xx_HAL_Driver/Src/stm32g0xx_hal_gpio.c.obj
 .debug_line    0x0000702e      0xce9 C:/Users/Esther/Desktop/tpNoyauTempsReel/tp_syst_contro/config_default/cmake/stm32cubemx/CMakeFiles/STM32_Drivers.dir/__/__/Drivers/STM32G0xx_HAL_Driver/Src/stm32g0xx_hal_pwr_ex.c.obj
 .debug_line    0x00007d17      0xda5 C:/Users/Esther/Desktop/tpNoyauTempsReel/tp_syst_contro/config_default/cmake/stm32cubemx/CMakeFiles/STM32_Drivers.dir/__/__/Drivers/STM32G0xx_HAL_Driver/Src/stm32g0xx_hal_cortex.c.obj
 .debug_line    0x00008abc      0xd28 C:/Users/Esther/Desktop/tpNoyauTempsReel/tp_syst_contro/config_default/cmake/stm32cubemx/CMakeFiles/STM32_Drivers.dir/__/__/Drivers/STM32G0xx_HAL_Driver/Src/stm32g0xx_hal.c.obj
 .debug_line    0x000097e4     0x3e87 C:/Users/Esther/Desktop/tpNoyauTempsReel/tp_syst_contro/config_default/cmake/stm32cubemx/CMakeFiles/STM32_Drivers.dir/__/__/Drivers/STM32G0xx_HAL_Driver/Src/stm32g0xx_hal_tim.c.obj
 .debug_line    0x0000d66b     0x1d8d C:/Users/Esther/Desktop/tpNoyauTempsReel/tp_syst_contro/config_default/cmake/stm32cubemx/CMakeFiles/STM32_Drivers.dir/__/__/Drivers/STM32G0xx_HAL_Driver/Src/stm32g0xx_hal_tim_ex.c.obj
 .debug_line    0x0000f3f8      0x178 C:/ST/STM32CubeIDE_2.0.0/STM32CubeIDE/plugins/com.st.stm32cube.ide.mcu.externaltools.gnu-tools-for-stm32.13.3.rel1.win32_1.0.100.202509120712/tools/bin/../lib/gcc/arm-none-eabi/13.3.1/../../../../arm-none-eabi/lib/thumb/v6-m/nofp\libg_nano.a(libc_a-memset.o)
 .debug_line    0x0000f570      0x16c C:/ST/STM32CubeIDE_2.0.0/STM32CubeIDE/plugins/com.st.stm32cube.ide.mcu.externaltools.gnu-tools-for-stm32.13.3.rel1.win32_1.0.100.202509120712/tools/bin/../lib/gcc/arm-none-eabi/13.3.1/../../../../arm-none-eabi/lib/thumb/v6-m/nofp\libg_nano.a(libc_a-init.o)

.debug_str      0x00000000    0x93f94
 .debug_str     0x00000000    0x93f94 CMakeFiles/tp_syst_contro.dir/Core/Src/main.c.obj
                              0x90da6 (size before relaxing)
 .debug_str     0x00093f94        0x0 CMakeFiles/tp_syst_contro.dir/Core/Src/stm32g0xx_it.c.obj
                              0x90983 (size before relaxing)
 .debug_str     0x00093f94        0x0 CMakeFiles/tp_syst_contro.dir/Core/Src/stm32g0xx_hal_msp.c.obj
                              0x90c7b (size before relaxing)
 .debug_str     0x00093f94        0x0 CMakeFiles/tp_syst_contro.dir/startup_stm32g031xx.s.obj
                                 0xb1 (size before relaxing)
 .debug_str     0x00093f94        0x0 C:/Users/Esther/Desktop/tpNoyauTempsReel/tp_syst_contro/config_default/cmake/stm32cubemx/CMakeFiles/STM32_Drivers.dir/__/__/Core/Src/system_stm32g0xx.c.obj
                              0x900b0 (size before relaxing)
 .debug_str     0x00093f94        0x0 C:/Users/Esther/Desktop/tpNoyauTempsReel/tp_syst_contro/config_default/cmake/stm32cubemx/CMakeFiles/STM32_Drivers.dir/__/__/Drivers/STM32G0xx_HAL_Driver/Src/stm32g0xx_hal_adc.c.obj
                              0x90e6b (size before relaxing)
 .debug_str     0x00093f94        0x0 C:/Users/Esther/Desktop/tpNoyauTempsReel/tp_syst_contro/config_default/cmake/stm32cubemx/CMakeFiles/STM32_Drivers.dir/__/__/Drivers/STM32G0xx_HAL_Driver/Src/stm32g0xx_hal_adc_ex.c.obj
                              0x90847 (size before relaxing)
 .debug_str     0x00093f94        0x0 C:/Users/Esther/Desktop/tpNoyauTempsReel/tp_syst_contro/config_default/cmake/stm32cubemx/CMakeFiles/STM32_Drivers.dir/__/__/Drivers/STM32G0xx_HAL_Driver/Src/stm32g0xx_hal_rcc.c.obj
                              0x90806 (size before relaxing)
 .debug_str     0x00093f94        0x0 C:/Users/Esther/Desktop/tpNoyauTempsReel/tp_syst_contro/config_default/cmake/stm32cubemx/CMakeFiles/STM32_Drivers.dir/__/__/Drivers/STM32G0xx_HAL_Driver/Src/stm32g0xx_hal_gpio.c.obj
                              0x901e5 (size before relaxing)
 .debug_str     0x00093f94        0x0 C:/Users/Esther/Desktop/tpNoyauTempsReel/tp_syst_contro/config_default/cmake/stm32cubemx/CMakeFiles/STM32_Drivers.dir/__/__/Drivers/STM32G0xx_HAL_Driver/Src/stm32g0xx_hal_pwr_ex.c.obj
                              0x90529 (size before relaxing)
 .debug_str     0x00093f94        0x0 C:/Users/Esther/Desktop/tpNoyauTempsReel/tp_syst_contro/config_default/cmake/stm32cubemx/CMakeFiles/STM32_Drivers.dir/__/__/Drivers/STM32G0xx_HAL_Driver/Src/stm32g0xx_hal_cortex.c.obj
                              0x9053a (size before relaxing)
 .debug_str     0x00093f94        0x0 C:/Users/Esther/Desktop/tpNoyauTempsReel/tp_syst_contro/config_default/cmake/stm32cubemx/CMakeFiles/STM32_Drivers.dir/__/__/Drivers/STM32G0xx_HAL_Driver/Src/stm32g0xx_hal.c.obj
                              0x9088d (size before relaxing)
 .debug_str     0x00093f94        0x0 C:/Users/Esther/Desktop/tpNoyauTempsReel/tp_syst_contro/config_default/cmake/stm32cubemx/CMakeFiles/STM32_Drivers.dir/__/__/Drivers/STM32G0xx_HAL_Driver/Src/stm32g0xx_hal_tim.c.obj
                              0x915f8 (size before relaxing)
 .debug_str     0x00093f94        0x0 C:/Users/Esther/Desktop/tpNoyauTempsReel/tp_syst_contro/config_default/cmake/stm32cubemx/CMakeFiles/STM32_Drivers.dir/__/__/Drivers/STM32G0xx_HAL_Driver/Src/stm32g0xx_hal_tim_ex.c.obj
                              0x90f80 (size before relaxing)
 .debug_str     0x00093f94        0x0 C:/ST/STM32CubeIDE_2.0.0/STM32CubeIDE/plugins/com.st.stm32cube.ide.mcu.externaltools.gnu-tools-for-stm32.13.3.rel1.win32_1.0.100.202509120712/tools/bin/../lib/gcc/arm-none-eabi/13.3.1/../../../../arm-none-eabi/lib/thumb/v6-m/nofp\libg_nano.a(libc_a-memset.o)
                                0x20a (size before relaxing)
 .debug_str     0x00093f94        0x0 C:/ST/STM32CubeIDE_2.0.0/STM32CubeIDE/plugins/com.st.stm32cube.ide.mcu.externaltools.gnu-tools-for-stm32.13.3.rel1.win32_1.0.100.202509120712/tools/bin/../lib/gcc/arm-none-eabi/13.3.1/../../../../arm-none-eabi/lib/thumb/v6-m/nofp\libg_nano.a(libc_a-init.o)
                                0x26b (size before relaxing)

.debug_frame    0x00000000     0x3008
 .debug_frame   0x00000000       0xc8 CMakeFiles/tp_syst_contro.dir/Core/Src/main.c.obj
 .debug_frame   0x000000c8       0xd4 CMakeFiles/tp_syst_contro.dir/Core/Src/stm32g0xx_it.c.obj
 .debug_frame   0x0000019c       0xb0 CMakeFiles/tp_syst_contro.dir/Core/Src/stm32g0xx_hal_msp.c.obj
 .debug_frame   0x0000024c       0x4c C:/Users/Esther/Desktop/tpNoyauTempsReel/tp_syst_contro/config_default/cmake/stm32cubemx/CMakeFiles/STM32_Drivers.dir/__/__/Core/Src/system_stm32g0xx.c.obj
 .debug_frame   0x00000298      0x78c C:/Users/Esther/Desktop/tpNoyauTempsReel/tp_syst_contro/config_default/cmake/stm32cubemx/CMakeFiles/STM32_Drivers.dir/__/__/Drivers/STM32G0xx_HAL_Driver/Src/stm32g0xx_hal_adc.c.obj
 .debug_frame   0x00000a24      0x270 C:/Users/Esther/Desktop/tpNoyauTempsReel/tp_syst_contro/config_default/cmake/stm32cubemx/CMakeFiles/STM32_Drivers.dir/__/__/Drivers/STM32G0xx_HAL_Driver/Src/stm32g0xx_hal_adc_ex.c.obj
 .debug_frame   0x00000c94      0x214 C:/Users/Esther/Desktop/tpNoyauTempsReel/tp_syst_contro/config_default/cmake/stm32cubemx/CMakeFiles/STM32_Drivers.dir/__/__/Drivers/STM32G0xx_HAL_Driver/Src/stm32g0xx_hal_rcc.c.obj
 .debug_frame   0x00000ea8      0x130 C:/Users/Esther/Desktop/tpNoyauTempsReel/tp_syst_contro/config_default/cmake/stm32cubemx/CMakeFiles/STM32_Drivers.dir/__/__/Drivers/STM32G0xx_HAL_Driver/Src/stm32g0xx_hal_gpio.c.obj
 .debug_frame   0x00000fd8      0x32c C:/Users/Esther/Desktop/tpNoyauTempsReel/tp_syst_contro/config_default/cmake/stm32cubemx/CMakeFiles/STM32_Drivers.dir/__/__/Drivers/STM32G0xx_HAL_Driver/Src/stm32g0xx_hal_pwr_ex.c.obj
 .debug_frame   0x00001304      0x33c C:/Users/Esther/Desktop/tpNoyauTempsReel/tp_syst_contro/config_default/cmake/stm32cubemx/CMakeFiles/STM32_Drivers.dir/__/__/Drivers/STM32G0xx_HAL_Driver/Src/stm32g0xx_hal_cortex.c.obj
 .debug_frame   0x00001640      0x3fc C:/Users/Esther/Desktop/tpNoyauTempsReel/tp_syst_contro/config_default/cmake/stm32cubemx/CMakeFiles/STM32_Drivers.dir/__/__/Drivers/STM32G0xx_HAL_Driver/Src/stm32g0xx_hal.c.obj
 .debug_frame   0x00001a3c      0xf40 C:/Users/Esther/Desktop/tpNoyauTempsReel/tp_syst_contro/config_default/cmake/stm32cubemx/CMakeFiles/STM32_Drivers.dir/__/__/Drivers/STM32G0xx_HAL_Driver/Src/stm32g0xx_hal_tim.c.obj
 .debug_frame   0x0000297c      0x620 C:/Users/Esther/Desktop/tpNoyauTempsReel/tp_syst_contro/config_default/cmake/stm32cubemx/CMakeFiles/STM32_Drivers.dir/__/__/Drivers/STM32G0xx_HAL_Driver/Src/stm32g0xx_hal_tim_ex.c.obj
 .debug_frame   0x00002f9c       0x20 C:/ST/STM32CubeIDE_2.0.0/STM32CubeIDE/plugins/com.st.stm32cube.ide.mcu.externaltools.gnu-tools-for-stm32.13.3.rel1.win32_1.0.100.202509120712/tools/bin/../lib/gcc/arm-none-eabi/13.3.1/thumb/v6-m/nofp\libgcc.a(_udivsi3.o)
 .debug_frame   0x00002fbc       0x20 C:/ST/STM32CubeIDE_2.0.0/STM32CubeIDE/plugins/com.st.stm32cube.ide.mcu.externaltools.gnu-tools-for-stm32.13.3.rel1.win32_1.0.100.202509120712/tools/bin/../lib/gcc/arm-none-eabi/13.3.1/../../../../arm-none-eabi/lib/thumb/v6-m/nofp\libg_nano.a(libc_a-memset.o)
 .debug_frame   0x00002fdc       0x2c C:/ST/STM32CubeIDE_2.0.0/STM32CubeIDE/plugins/com.st.stm32cube.ide.mcu.externaltools.gnu-tools-for-stm32.13.3.rel1.win32_1.0.100.202509120712/tools/bin/../lib/gcc/arm-none-eabi/13.3.1/../../../../arm-none-eabi/lib/thumb/v6-m/nofp\libg_nano.a(libc_a-init.o)

.debug_line_str
                0x00000000       0x95
 .debug_line_str
                0x00000000       0x95 CMakeFiles/tp_syst_contro.dir/startup_stm32g031xx.s.obj

.debug_loclists
                0x00000000       0xc2
 .debug_loclists
                0x00000000       0x80 C:/ST/STM32CubeIDE_2.0.0/STM32CubeIDE/plugins/com.st.stm32cube.ide.mcu.externaltools.gnu-tools-for-stm32.13.3.rel1.win32_1.0.100.202509120712/tools/bin/../lib/gcc/arm-none-eabi/13.3.1/../../../../arm-none-eabi/lib/thumb/v6-m/nofp\libg_nano.a(libc_a-memset.o)
 .debug_loclists
                0x00000080       0x42 C:/ST/STM32CubeIDE_2.0.0/STM32CubeIDE/plugins/com.st.stm32cube.ide.mcu.externaltools.gnu-tools-for-stm32.13.3.rel1.win32_1.0.100.202509120712/tools/bin/../lib/gcc/arm-none-eabi/13.3.1/../../../../arm-none-eabi/lib/thumb/v6-m/nofp\libg_nano.a(libc_a-init.o)
