C:/Users/ZachariaFOFANA/Desktop/ENSEA/Projet_Laurent_Fiack/st3k/firmware/st3k/front/Core/Src/main.c:80:6:HAL_UART_RxCpltCallback	72	static
C:/Users/ZachariaFOFANA/Desktop/ENSEA/Projet_Laurent_Fiack/st3k/firmware/st3k/front/Core/Src/main.c:124:5:main	24	static
C:/Users/ZachariaFOFANA/Desktop/ENSEA/Projet_Laurent_Fiack/st3k/firmware/st3k/front/Core/Src/main.c:206:6:SystemClock_Config	88	static
C:/Users/ZachariaFOFANA/Desktop/ENSEA/Projet_Laurent_Fiack/st3k/firmware/st3k/front/Core/Src/main.c:249:13:MY_GPIO_Init	48	static
C:/Users/ZachariaFOFANA/Desktop/ENSEA/Projet_Laurent_Fiack/st3k/firmware/st3k/front/Core/Src/main.c:317:6:Error_Handler	8	static,ignoring_inline_asm
