Archive member included to satisfy reference by file (symbol)

C:/ST/STM32CubeIDE_1.19.0/STM32CubeIDE/plugins/com.st.stm32cube.ide.mcu.externaltools.gnu-tools-for-stm32.13.3.rel1.win32_1.0.100.202509120712/tools/bin/../lib/gcc/arm-none-eabi/13.3.1/thumb/v6-m/nofp\libgcc.a(_udivsi3.o)
                              CMakeFiles/front.dir/Core/Src/Neopixels.c.obj (__aeabi_uidiv)
C:/ST/STM32CubeIDE_1.19.0/STM32CubeIDE/plugins/com.st.stm32cube.ide.mcu.externaltools.gnu-tools-for-stm32.13.3.rel1.win32_1.0.100.202509120712/tools/bin/../lib/gcc/arm-none-eabi/13.3.1/thumb/v6-m/nofp\libgcc.a(_divsi3.o)
                              CMakeFiles/front.dir/Core/Src/Neopixels.c.obj (__aeabi_idiv)
C:/ST/STM32CubeIDE_1.19.0/STM32CubeIDE/plugins/com.st.stm32cube.ide.mcu.externaltools.gnu-tools-for-stm32.13.3.rel1.win32_1.0.100.202509120712/tools/bin/../lib/gcc/arm-none-eabi/13.3.1/thumb/v6-m/nofp\libgcc.a(_dvmd_tls.o)
                              C:/ST/STM32CubeIDE_1.19.0/STM32CubeIDE/plugins/com.st.stm32cube.ide.mcu.externaltools.gnu-tools-for-stm32.13.3.rel1.win32_1.0.100.202509120712/tools/bin/../lib/gcc/arm-none-eabi/13.3.1/thumb/v6-m/nofp\libgcc.a(_udivsi3.o) (__aeabi_idiv0)
C:/ST/STM32CubeIDE_1.19.0/STM32CubeIDE/plugins/com.st.stm32cube.ide.mcu.externaltools.gnu-tools-for-stm32.13.3.rel1.win32_1.0.100.202509120712/tools/bin/../lib/gcc/arm-none-eabi/13.3.1/thumb/v6-m/nofp\libgcc.a(_aeabi_uldivmod.o)
                              cmake/stm32cubemx/CMakeFiles/STM32_Drivers.dir/__/__/Drivers/STM32G0xx_HAL_Driver/Src/stm32g0xx_hal_uart.c.obj (__aeabi_uldivmod)
C:/ST/STM32CubeIDE_1.19.0/STM32CubeIDE/plugins/com.st.stm32cube.ide.mcu.externaltools.gnu-tools-for-stm32.13.3.rel1.win32_1.0.100.202509120712/tools/bin/../lib/gcc/arm-none-eabi/13.3.1/thumb/v6-m/nofp\libgcc.a(_udivmoddi4.o)
                              C:/ST/STM32CubeIDE_1.19.0/STM32CubeIDE/plugins/com.st.stm32cube.ide.mcu.externaltools.gnu-tools-for-stm32.13.3.rel1.win32_1.0.100.202509120712/tools/bin/../lib/gcc/arm-none-eabi/13.3.1/thumb/v6-m/nofp\libgcc.a(_aeabi_uldivmod.o) (__udivmoddi4)
C:/ST/STM32CubeIDE_1.19.0/STM32CubeIDE/plugins/com.st.stm32cube.ide.mcu.externaltools.gnu-tools-for-stm32.13.3.rel1.win32_1.0.100.202509120712/tools/bin/../lib/gcc/arm-none-eabi/13.3.1/thumb/v6-m/nofp\libgcc.a(_clzdi2.o)
                              C:/ST/STM32CubeIDE_1.19.0/STM32CubeIDE/plugins/com.st.stm32cube.ide.mcu.externaltools.gnu-tools-for-stm32.13.3.rel1.win32_1.0.100.202509120712/tools/bin/../lib/gcc/arm-none-eabi/13.3.1/thumb/v6-m/nofp\libgcc.a(_udivmoddi4.o) (__clzdi2)
C:/ST/STM32CubeIDE_1.19.0/STM32CubeIDE/plugins/com.st.stm32cube.ide.mcu.externaltools.gnu-tools-for-stm32.13.3.rel1.win32_1.0.100.202509120712/tools/bin/../lib/gcc/arm-none-eabi/13.3.1/thumb/v6-m/nofp\libgcc.a(_clzsi2.o)
                              C:/ST/STM32CubeIDE_1.19.0/STM32CubeIDE/plugins/com.st.stm32cube.ide.mcu.externaltools.gnu-tools-for-stm32.13.3.rel1.win32_1.0.100.202509120712/tools/bin/../lib/gcc/arm-none-eabi/13.3.1/thumb/v6-m/nofp\libgcc.a(_clzdi2.o) (__clzsi2)
C:/ST/STM32CubeIDE_1.19.0/STM32CubeIDE/plugins/com.st.stm32cube.ide.mcu.externaltools.gnu-tools-for-stm32.13.3.rel1.win32_1.0.100.202509120712/tools/bin/../lib/gcc/arm-none-eabi/13.3.1/../../../../arm-none-eabi/lib/thumb/v6-m/nofp\libg_nano.a(libc_a-exit.o)
                              C:/ST/STM32CubeIDE_1.19.0/STM32CubeIDE/plugins/com.st.stm32cube.ide.mcu.externaltools.gnu-tools-for-stm32.13.3.rel1.win32_1.0.100.202509120712/tools/bin/../lib/gcc/arm-none-eabi/13.3.1/../../../../arm-none-eabi/lib/thumb/v6-m/nofp/crt0.o (exit)
C:/ST/STM32CubeIDE_1.19.0/STM32CubeIDE/plugins/com.st.stm32cube.ide.mcu.externaltools.gnu-tools-for-stm32.13.3.rel1.win32_1.0.100.202509120712/tools/bin/../lib/gcc/arm-none-eabi/13.3.1/../../../../arm-none-eabi/lib/thumb/v6-m/nofp\libg_nano.a(libc_a-findfp.o)
                              C:/ST/STM32CubeIDE_1.19.0/STM32CubeIDE/plugins/com.st.stm32cube.ide.mcu.externaltools.gnu-tools-for-stm32.13.3.rel1.win32_1.0.100.202509120712/tools/bin/../lib/gcc/arm-none-eabi/13.3.1/../../../../arm-none-eabi/lib/thumb/v6-m/nofp\libg_nano.a(libc_a-exit.o) (__stdio_exit_handler)
C:/ST/STM32CubeIDE_1.19.0/STM32CubeIDE/plugins/com.st.stm32cube.ide.mcu.externaltools.gnu-tools-for-stm32.13.3.rel1.win32_1.0.100.202509120712/tools/bin/../lib/gcc/arm-none-eabi/13.3.1/../../../../arm-none-eabi/lib/thumb/v6-m/nofp\libg_nano.a(libc_a-fwalk.o)
                              C:/ST/STM32CubeIDE_1.19.0/STM32CubeIDE/plugins/com.st.stm32cube.ide.mcu.externaltools.gnu-tools-for-stm32.13.3.rel1.win32_1.0.100.202509120712/tools/bin/../lib/gcc/arm-none-eabi/13.3.1/../../../../arm-none-eabi/lib/thumb/v6-m/nofp\libg_nano.a(libc_a-findfp.o) (_fwalk_sglue)
C:/ST/STM32CubeIDE_1.19.0/STM32CubeIDE/plugins/com.st.stm32cube.ide.mcu.externaltools.gnu-tools-for-stm32.13.3.rel1.win32_1.0.100.202509120712/tools/bin/../lib/gcc/arm-none-eabi/13.3.1/../../../../arm-none-eabi/lib/thumb/v6-m/nofp\libg_nano.a(libc_a-stdio.o)
[...]
Memory Configuration

Name             Origin             Length             Attributes
RAM              0x20000000         0x00009000         xrw
FLASH            0x08000000         0x00020000         xr
*default*        0x00000000         0xffffffff

Linker script and memory map

LOAD C:/ST/STM32CubeIDE_1.19.0/STM32CubeIDE/plugins/com.st.stm32cube.ide.mcu.externaltools.gnu-tools-for-stm32.13.3.rel1.win32_1.0.100.202509120712/tools/bin/../lib/gcc/arm-none-eabi/13.3.1/thumb/v6-m/nofp/crti.o
LOAD C:/ST/STM32CubeIDE_1.19.0/STM32CubeIDE/plugins/com.st.stm32cube.ide.mcu.externaltools.gnu-tools-for-stm32.13.3.rel1.win32_1.0.100.202509120712/tools/bin/../lib/gcc/arm-none-eabi/13.3.1/thumb/v6-m/nofp/crtbegin.o
LOAD C:/ST/STM32CubeIDE_1.19.0/STM32CubeIDE/plugins/com.st.stm32cube.ide.mcu.externaltools.gnu-tools-for-stm32.13.3.rel1.win32_1.0.100.202509120712/tools/bin/../lib/gcc/arm-none-eabi/13.3.1/../../../../arm-none-eabi/lib/thumb/v6-m/nofp/crt0.o
LOAD CMakeFiles/front.dir/Core/Src/main.c.obj
LOAD CMakeFiles/front.dir/Core/Src/gpio.c.obj
LOAD CMakeFiles/front.dir/Core/Src/dma.c.obj
LOAD CMakeFiles/front.dir/Core/Src/lptim.c.obj
LOAD CMakeFiles/front.dir/Core/Src/spi.c.obj
LOAD CMakeFiles/front.dir/Core/Src/tim.c.obj
LOAD CMakeFiles/front.dir/Core/Src/usart.c.obj
LOAD CMakeFiles/front.dir/Core/Src/stm32g0xx_it.c.obj
LOAD CMakeFiles/front.dir/Core/Src/stm32g0xx_hal_msp.c.obj
LOAD CMakeFiles/front.dir/Core/Src/sysmem.c.obj
LOAD CMakeFiles/front.dir/Core/Src/syscalls.c.obj
LOAD CMakeFiles/front.dir/startup_stm32g071xx.s.obj
LOAD CMakeFiles/front.dir/Core/Src/KeyMatrix.c.obj
LOAD CMakeFiles/front.dir/Core/Src/Encoders.c.obj
LOAD CMakeFiles/front.dir/Core/Src/Neopixels.c.obj
LOAD cmake/stm32cubemx/CMakeFiles/STM32_Drivers.dir/__/__/Core/Src/system_stm32g0xx.c.obj
LOAD cmake/stm32cubemx/CMakeFiles/STM32_Drivers.dir/__/__/Drivers/STM32G0xx_HAL_Driver/Src/stm32g0xx_hal_lptim.c.obj
LOAD cmake/stm32cubemx/CMakeFiles/STM32_Drivers.dir/__/__/Drivers/STM32G0xx_HAL_Driver/Src/stm32g0xx_hal_rcc.c.obj
LOAD cmake/stm32cubemx/CMakeFiles/STM32_Drivers.dir/__/__/Drivers/STM32G0xx_HAL_Driver/Src/stm32g0xx_hal_rcc_ex.c.obj
LOAD cmake/stm32cubemx/CMakeFiles/STM32_Drivers.dir/__/__/Drivers/STM32G0xx_HAL_Driver/Src/stm32g0xx_ll_rcc.c.obj
LOAD cmake/stm32cubemx/CMakeFiles/STM32_Drivers.dir/__/__/Drivers/STM32G0xx_HAL_Driver/Src/stm32g0xx_hal_flash.c.obj
LOAD cmake/stm32cubemx/CMakeFiles/STM32_Drivers.dir/__/__/Drivers/STM32G0xx_HAL_Driver/Src/stm32g0xx_hal_flash_ex.c.obj
LOAD cmake/stm32cubemx/CMakeFiles/STM32_Drivers.dir/__/__/Drivers/STM32G0xx_HAL_Driver/Src/stm32g0xx_hal_gpio.c.obj
LOAD cmake/stm32cubemx/CMakeFiles/STM32_Drivers.dir/__/__/Drivers/STM32G0xx_HAL_Driver/Src/stm32g0xx_hal_dma.c.obj
LOAD cmake/stm32cubemx/CMakeFiles/STM32_Drivers.dir/__/__/Drivers/STM32G0xx_HAL_Driver/Src/stm32g0xx_hal_dma_ex.c.obj
LOAD cmake/stm32cubemx/CMakeFiles/STM32_Drivers.dir/__/__/Drivers/STM32G0xx_HAL_Driver/Src/stm32g0xx_hal_pwr.c.obj
LOAD cmake/stm32cubemx/CMakeFiles/STM32_Drivers.dir/__/__/Drivers/STM32G0xx_HAL_Driver/Src/stm32g0xx_hal_pwr_ex.c.obj
LOAD cmake/stm32cubemx/CMakeFiles/STM32_Drivers.dir/__/__/Drivers/STM32G0xx_HAL_Driver/Src/stm32g0xx_hal_cortex.c.obj
LOAD cmake/stm32cubemx/CMakeFiles/STM32_Drivers.dir/__/__/Drivers/STM32G0xx_HAL_Driver/Src/stm32g0xx_hal.c.obj
LOAD cmake/stm32cubemx/CMakeFiles/STM32_Drivers.dir/__/__/Drivers/STM32G0xx_HAL_Driver/Src/stm32g0xx_hal_exti.c.obj
LOAD cmake/stm32cubemx/CMakeFiles/STM32_Drivers.dir/__/__/Drivers/STM32G0xx_HAL_Driver/Src/stm32g0xx_hal_spi.c.obj
LOAD cmake/stm32cubemx/CMakeFiles/STM32_Drivers.dir/__/__/Drivers/STM32G0xx_HAL_Driver/Src/stm32g0xx_hal_spi_ex.c.obj
LOAD cmake/stm32cubemx/CMakeFiles/STM32_Drivers.dir/__/__/Drivers/STM32G0xx_HAL_Driver/Src/stm32g0xx_hal_tim.c.obj
LOAD cmake/stm32cubemx/CMakeFiles/STM32_Drivers.dir/__/__/Drivers/STM32G0xx_HAL_Driver/Src/stm32g0xx_hal_tim_ex.c.obj
LOAD cmake/stm32cubemx/CMakeFiles/STM32_Drivers.dir/__/__/Drivers/STM32G0xx_HAL_Driver/Src/stm32g0xx_hal_uart.c.obj
LOAD cmake/stm32cubemx/CMakeFiles/STM32_Drivers.dir/__/__/Drivers/STM32G0xx_HAL_Driver/Src/stm32g0xx_hal_uart_ex.c.obj
LOAD C:/ST/STM32CubeIDE_1.19.0/STM32CubeIDE/plugins/com.st.stm32cube.ide.mcu.externaltools.gnu-tools-for-stm32.13.3.rel1.win32_1.0.100.202509120712/tools/bin/../lib/gcc/arm-none-eabi/13.3.1/../../../../arm-none-eabi/lib/thumb/v6-m/nofp\libm.a
START GROUP
LOAD C:/ST/STM32CubeIDE_1.19.0/STM32CubeIDE/plugins/com.st.stm32cube.ide.mcu.externaltools.gnu-tools-for-stm32.13.3.rel1.win32_1.0.100.202509120712/tools/bin/../lib/gcc/arm-none-eabi/13.3.1/thumb/v6-m/nofp\libgcc.a
LOAD C:/ST/STM32CubeIDE_1.19.0/STM32CubeIDE/plugins/com.st.stm32cube.ide.mcu.externaltools.gnu-tools-for-stm32.13.3.rel1.win32_1.0.100.202509120712/tools/bin/../lib/gcc/arm-none-eabi/13.3.1/../../../../arm-none-eabi/lib/thumb/v6-m/nofp\libg_nano.a
LOAD C:/ST/STM32CubeIDE_1.19.0/STM32CubeIDE/plugins/com.st.stm32cube.ide.mcu.externaltools.gnu-tools-for-stm32.13.3.rel1.win32_1.0.100.202509120712/tools/bin/../lib/gcc/arm-none-eabi/13.3.1/../../../../arm-none-eabi/lib/thumb/v6-m/nofp\libc_nano.a
END GROUP
START GROUP
LOAD C:/ST/STM32CubeIDE_1.19.0/STM32CubeIDE/plugins/com.st.stm32cube.ide.mcu.externaltools.gnu-tools-for-stm32.13.3.rel1.win32_1.0.100.202509120712/tools/bin/../lib/gcc/arm-none-eabi/13.3.1/thumb/v6-m/nofp\libgcc.a
LOAD C:/ST/STM32CubeIDE_1.19.0/STM32CubeIDE/plugins/com.st.stm32cube.ide.mcu.externaltools.gnu-tools-for-stm32.13.3.rel1.win32_1.0.100.202509120712/tools/bin/../lib/gcc/arm-none-eabi/13.3.1/../../../../arm-none-eabi/lib/thumb/v6-m/nofp\libc_nano.a
END GROUP
LOAD C:/ST/STM32CubeIDE_1.19.0/STM32CubeIDE/plugins/com.st.stm32cube.ide.mcu.externaltools.gnu-tools-for-stm32.13.3.rel1.win32_1.0.100.202509120712/tools/bin/../lib/gcc/arm-none-eabi/13.3.1/thumb/v6-m/nofp/crtend.o
LOAD C:/ST/STM32CubeIDE_1.19.0/STM32CubeIDE/plugins/com.st.stm32cube.ide.mcu.externaltools.gnu-tools-for-stm32.13.3.rel1.win32_1.0.100.202509120712/tools/bin/../lib/gcc/arm-none-eabi/13.3.1/thumb/v6-m/nofp/crtn.o
                0x20009000                        _estack = (ORIGIN (RAM) + LENGTH (RAM))
                0x20008c00                        _sstack = (_estack - _Min_Stack_Size)
                0x00000200                        _Min_Heap_Size = 0x200
                0x00000400                        _Min_Stack_Size = 0x400

.isr_vector     0x08000000       0xbc
                0x08000000                        . = ALIGN (0x4)
 *(.isr_vector)
 .isr_vector    0x08000000       0xbc CMakeFiles/front.dir/startup_stm32g071xx.s.obj
                0x08000000                g_pfnVectors
                0x080000bc                        . = ALIGN (0x4)

.text           0x080000bc     0x6784
                0x080000bc                        . = ALIGN (0x4)
 *(.text)
 .text          0x080000bc       0x48 C:/ST/STM32CubeIDE_1.19.0/STM32CubeIDE/plugins/com.st.stm32cube.ide.mcu.externaltools.gnu-tools-for-stm32.13.3.rel1.win32_1.0.100.202509120712/tools/bin/../lib/gcc/arm-none-eabi/13.3.1/thumb/v6-m/nofp/crtbegin.o
 .text          0x08000104      0x114 C:/ST/STM32CubeIDE_1.19.0/STM32CubeIDE/plugins/com.st.stm32cube.ide.mcu.externaltools.gnu-tools-for-stm32.13.3.rel1.win32_1.0.100.202509120712/tools/bin/../lib/gcc/arm-none-eabi/13.3.1/thumb/v6-m/nofp\libgcc.a(_udivsi3.o)
                0x08000104                __aeabi_uidiv
                0x08000104                __udivsi3
                0x08000210                __aeabi_uidivmod
 .text          0x08000218      0x1d4 C:/ST/STM32CubeIDE_1.19.0/STM32CubeIDE/plugins/com.st.stm32cube.ide.mcu.externaltools.gnu-tools-for-stm32.13.3.rel1.win32_1.0.100.202509120712/tools/bin/../lib/gcc/arm-none-eabi/13.3.1/thumb/v6-m/nofp\libgcc.a(_divsi3.o)
                0x08000218                __divsi3
                0x08000218                __aeabi_idiv
                0x080003e4                __aeabi_idivmod
 .text          0x080003ec        0x4 C:/ST/STM32CubeIDE_1.19.0/STM32CubeIDE/plugins/com.st.stm32cube.ide.mcu.externaltools.gnu-tools-for-stm32.13.3.rel1.win32_1.0.100.202509120712/tools/bin/../lib/gcc/arm-none-eabi/13.3.1/thumb/v6-m/nofp\libgcc.a(_dvmd_tls.o)
                0x080003ec                __aeabi_idiv0
                0x080003ec                __aeabi_ldiv0
 .text          0x080003f0       0x40 C:/ST/STM32CubeIDE_1.19.0/STM32CubeIDE/plugins/com.st.stm32cube.ide.mcu.externaltools.gnu-tools-for-stm32.13.3.rel1.win32_1.0.100.202509120712/tools/bin/../lib/gcc/arm-none-eabi/13.3.1/thumb/v6-m/nofp\libgcc.a(_aeabi_uldivmod.o)
                0x080003f0                __aeabi_uldivmod
 .text          0x08000430      0x198 C:/ST/STM32CubeIDE_1.19.0/STM32CubeIDE/plugins/com.st.stm32cube.ide.mcu.externaltools.gnu-tools-for-stm32.13.3.rel1.win32_1.0.100.202509120712/tools/bin/../lib/gcc/arm-none-eabi/13.3.1/thumb/v6-m/nofp\libgcc.a(_udivmoddi4.o)
                0x08000430                __udivmoddi4
 .text          0x080005c8       0x18 C:/ST/STM32CubeIDE_1.19.0/STM32CubeIDE/plugins/com.st.stm32cube.ide.mcu.externaltools.gnu-tools-for-stm32.13.3.rel1.win32_1.0.100.202509120712/tools/bin/../lib/gcc/arm-none-eabi/13.3.1/thumb/v6-m/nofp\libgcc.a(_clzdi2.o)
                0x080005c8                __clzdi2
 .text          0x080005e0       0x3c C:/ST/STM32CubeIDE_1.19.0/STM32CubeIDE/plugins/com.st.stm32cube.ide.mcu.externaltools.gnu-tools-for-stm32.13.3.rel1.win32_1.0.100.202509120712/tools/bin/../lib/gcc/arm-none-eabi/13.3.1/thumb/v6-m/nofp\libgcc.a(_clzsi2.o)
                0x080005e0                __clzsi2
 *(.text*)
 .text.HAL_UART_RxCpltCallback
                0x0800061c      0x180 CMakeFiles/front.dir/Core/Src/main.c.obj
                0x0800061c                HAL_UART_RxCpltCallback
 .text.main     0x0800079c      0x144 CMakeFiles/front.dir/Core/Src/main.c.obj
                0x0800079c                main
 .text.SystemClock_Config
                0x080008e0       0xbc CMakeFiles/front.dir/Core/Src/main.c.obj
                0x080008e0                SystemClock_Config
 .text.MY_GPIO_Init
                0x0800099c      0x178 CMakeFiles/front.dir/Core/Src/main.c.obj
 .text.Error_Handler
                0x08000b14        0xc CMakeFiles/front.dir/Core/Src/main.c.obj
                0x08000b14                Error_Handler
 .text.MX_DMA_Init
                0x08000b20       0x4c CMakeFiles/front.dir/Core/Src/dma.c.obj
                0x08000b20                MX_DMA_Init
 .text.MX_LPTIM1_Init
                0x08000b6c       0x6c CMakeFiles/front.dir/Core/Src/lptim.c.obj
                0x08000b6c                MX_LPTIM1_Init
 .text.HAL_LPTIM_MspInit
                0x08000bd8       0xc4 CMakeFiles/front.dir/Core/Src/lptim.c.obj
                0x08000bd8                HAL_LPTIM_MspInit
 .text.MX_SPI2_Init
                0x08000c9c       0x7c CMakeFiles/front.dir/Core/Src/spi.c.obj
                0x08000c9c                MX_SPI2_Init
 .text.HAL_SPI_MspInit
                0x08000d18      0x108 CMakeFiles/front.dir/Core/Src/spi.c.obj
                0x08000d18                HAL_SPI_MspInit
 .text.MX_TIM1_Init
                0x08000e20       0xd4 CMakeFiles/front.dir/Core/Src/tim.c.obj
                0x08000e20                MX_TIM1_Init
 .text.MX_TIM2_Init
                0x08000ef4       0xc4 CMakeFiles/front.dir/Core/Src/tim.c.obj
                0x08000ef4                MX_TIM2_Init
 .text.MX_TIM3_Init
                0x08000fb8       0xc8 CMakeFiles/front.dir/Core/Src/tim.c.obj
                0x08000fb8                MX_TIM3_Init
 .text.HAL_TIM_Encoder_MspInit
                0x08001080      0x1a0 CMakeFiles/front.dir/Core/Src/tim.c.obj
                0x08001080                HAL_TIM_Encoder_MspInit
 .text.MX_USART2_UART_Init
                0x08001220       0xa4 CMakeFiles/front.dir/Core/Src/usart.c.obj
                0x08001220                MX_USART2_UART_Init
 .text.HAL_UART_MspInit
                0x080012c4      0x188 CMakeFiles/front.dir/Core/Src/usart.c.obj
                0x080012c4                HAL_UART_MspInit
 .text.NMI_Handler
                0x0800144c        0x8 CMakeFiles/front.dir/Core/Src/stm32g0xx_it.c.obj
                0x0800144c                NMI_Handler
 .text.HardFault_Handler
                0x08001454        0x8 CMakeFiles/front.dir/Core/Src/stm32g0xx_it.c.obj
                0x08001454                HardFault_Handler
 .text.SVC_Handler
                0x0800145c        0xa CMakeFiles/front.dir/Core/Src/stm32g0xx_it.c.obj
                0x0800145c                SVC_Handler
 .text.PendSV_Handler
                0x08001466        0xa CMakeFiles/front.dir/Core/Src/stm32g0xx_it.c.obj
                0x08001466                PendSV_Handler
 .text.SysTick_Handler
                0x08001470        0xe CMakeFiles/front.dir/Core/Src/stm32g0xx_it.c.obj
                0x08001470                SysTick_Handler
 *fill*         0x0800147e        0x2 
 .text.DMA1_Channel1_IRQHandler
                0x08001480       0x18 CMakeFiles/front.dir/Core/Src/stm32g0xx_it.c.obj
                0x08001480                DMA1_Channel1_IRQHandler
 .text.DMA1_Channel2_3_IRQHandler
                0x08001498       0x24 CMakeFiles/front.dir/Core/Src/stm32g0xx_it.c.obj
                0x08001498                DMA1_Channel2_3_IRQHandler
 .text.USART2_IRQHandler
                0x080014bc       0x18 CMakeFiles/front.dir/Core/Src/stm32g0xx_it.c.obj
                0x080014bc                USART2_IRQHandler
 .text.HAL_MspInit
                0x080014d4       0x48 CMakeFiles/front.dir/Core/Src/stm32g0xx_hal_msp.c.obj
                0x080014d4                HAL_MspInit
 .text.Reset_Handler
                0x0800151c       0x50 CMakeFiles/front.dir/startup_stm32g071xx.s.obj
                0x0800151c                Reset_Handler
 .text.Default_Handler
                0x0800156c        0x2 CMakeFiles/front.dir/startup_stm32g071xx.s.obj
                0x0800156c                USART3_4_LPUART1_IRQHandler
                0x0800156c                TIM1_CC_IRQHandler
                0x0800156c                ADC1_COMP_IRQHandler
                0x0800156c                PVD_IRQHandler
                0x0800156c                I2C1_IRQHandler
                0x0800156c                TIM7_LPTIM2_IRQHandler
                0x0800156c                RTC_TAMP_IRQHandler
                0x0800156c                SPI1_IRQHandler
                0x0800156c                EXTI2_3_IRQHandler
                0x0800156c                I2C2_IRQHandler
                0x0800156c                TIM17_IRQHandler
                0x0800156c                TIM16_IRQHandler
                0x0800156c                TIM3_IRQHandler
                0x0800156c                EXTI4_15_IRQHandler
                0x0800156c                RCC_IRQHandler
                0x0800156c                Default_Handler
                0x0800156c                CEC_IRQHandler
                0x0800156c                TIM14_IRQHandler
                0x0800156c                TIM15_IRQHandler
                0x0800156c                EXTI0_1_IRQHandler
                0x0800156c                SPI2_IRQHandler
                0x0800156c                TIM6_DAC_LPTIM1_IRQHandler
                0x0800156c                WWDG_IRQHandler
                0x0800156c                TIM2_IRQHandler
                0x0800156c                DMA1_Ch4_7_DMAMUX1_OVR_IRQHandler
                0x0800156c                UCPD1_2_IRQHandler
                0x0800156c                FLASH_IRQHandler
                0x0800156c                USART1_IRQHandler
                0x0800156c                TIM1_BRK_UP_TRG_COM_IRQHandler
 *fill*         0x0800156e        0x2 
 .text.on_key_pressed
                0x08001570       0x58 CMakeFiles/front.dir/Core/Src/KeyMatrix.c.obj
                0x08001570                on_key_pressed
 .text.on_key_released
                0x080015c8       0x4c CMakeFiles/front.dir/Core/Src/KeyMatrix.c.obj
                0x080015c8                on_key_released
 .text.read_row
                0x08001614       0x98 CMakeFiles/front.dir/Core/Src/KeyMatrix.c.obj
                0x08001614                read_row
 .text.matrix_process
                0x080016ac      0x128 CMakeFiles/front.dir/Core/Src/KeyMatrix.c.obj
                0x080016ac                matrix_process
 .text.activate_col
                0x080017d4       0xbc CMakeFiles/front.dir/Core/Src/KeyMatrix.c.obj
                0x080017d4                activate_col
 .text.deactivate_all_cols
                0x08001890       0x4c CMakeFiles/front.dir/Core/Src/KeyMatrix.c.obj
                0x08001890                deactivate_all_cols
 .text.buildSPIbuffer
                0x080018dc      0x148 CMakeFiles/front.dir/Core/Src/Neopixels.c.obj
 .text.show     0x08001a24       0x28 CMakeFiles/front.dir/Core/Src/Neopixels.c.obj
                0x08001a24                show
 .text.mul8     0x08001a4c       0x28 CMakeFiles/front.dir/Core/Src/Neopixels.c.obj
 .text.hsv_to_rgb_u8
                0x08001a74      0x1c8 CMakeFiles/front.dir/Core/Src/Neopixels.c.obj
                0x08001a74                hsv_to_rgb_u8
 .text.SystemInit
                0x08001c3c        0xa cmake/stm32cubemx/CMakeFiles/STM32_Drivers.dir/__/__/Core/Src/system_stm32g0xx.c.obj
                0x08001c3c                SystemInit
 *fill*         0x08001c46        0x2 
 .text.HAL_LPTIM_Init
                0x08001c48      0x144 cmake/stm32cubemx/CMakeFiles/STM32_Drivers.dir/__/__/Drivers/STM32G0xx_HAL_Driver/Src/stm32g0xx_hal_lptim.c.obj
                0x08001c48                HAL_LPTIM_Init
 .text.HAL_LPTIM_Encoder_Start
                0x08001d8c       0x9c cmake/stm32cubemx/CMakeFiles/STM32_Drivers.dir/__/__/Drivers/STM32G0xx_HAL_Driver/Src/stm32g0xx_hal_lptim.c.obj
                0x08001d8c                HAL_LPTIM_Encoder_Start
 .text.HAL_LPTIM_ReadCounter
                0x08001e28       0x16 cmake/stm32cubemx/CMakeFiles/STM32_Drivers.dir/__/__/Drivers/STM32G0xx_HAL_Driver/Src/stm32g0xx_hal_lptim.c.obj
                0x08001e28                HAL_LPTIM_ReadCounter
 *fill*         0x08001e3e        0x2 
 .text.LPTIM_WaitForFlag
                0x08001e40       0x70 cmake/stm32cubemx/CMakeFiles/STM32_Drivers.dir/__/__/Drivers/STM32G0xx_HAL_Driver/Src/stm32g0xx_hal_lptim.c.obj
 .text.LL_RCC_GetAPB1Prescaler
                0x08001eb0       0x18 cmake/stm32cubemx/CMakeFiles/STM32_Drivers.dir/__/__/Drivers/STM32G0xx_HAL_Driver/Src/stm32g0xx_hal_rcc.c.obj
 .text.HAL_RCC_OscConfig
                0x08001ec8      0x634 cmake/stm32cubemx/CMakeFiles/STM32_Drivers.dir/__/__/Drivers/STM32G0xx_HAL_Driver/Src/stm32g0xx_hal_rcc.c.obj
                0x08001ec8                HAL_RCC_OscConfig
 .text.HAL_RCC_ClockConfig
                0x080024fc      0x210 cmake/stm32cubemx/CMakeFiles/STM32_Drivers.dir/__/__/Drivers/STM32G0xx_HAL_Driver/Src/stm32g0xx_hal_rcc.c.obj
                0x080024fc                HAL_RCC_ClockConfig
 .text.HAL_RCC_GetSysClockFreq
                0x0800270c      0x104 cmake/stm32cubemx/CMakeFiles/STM32_Drivers.dir/__/__/Drivers/STM32G0xx_HAL_Driver/Src/stm32g0xx_hal_rcc.c.obj
                0x0800270c                HAL_RCC_GetSysClockFreq
 .text.HAL_RCC_GetHCLKFreq
                0x08002810       0x14 cmake/stm32cubemx/CMakeFiles/STM32_Drivers.dir/__/__/Drivers/STM32G0xx_HAL_Driver/Src/stm32g0xx_hal_rcc.c.obj
                0x08002810                HAL_RCC_GetHCLKFreq
 .text.HAL_RCC_GetPCLK1Freq
                0x08002824       0x2c cmake/stm32cubemx/CMakeFiles/STM32_Drivers.dir/__/__/Drivers/STM32G0xx_HAL_Driver/Src/stm32g0xx_hal_rcc.c.obj
                0x08002824                HAL_RCC_GetPCLK1Freq
 .text.HAL_RCCEx_PeriphCLKConfig
                0x08002850      0x370 cmake/stm32cubemx/CMakeFiles/STM32_Drivers.dir/__/__/Drivers/STM32G0xx_HAL_Driver/Src/stm32g0xx_hal_rcc_ex.c.obj
                0x08002850                HAL_RCCEx_PeriphCLKConfig
 .text.HAL_GPIO_Init
                0x08002bc0      0x2c8 cmake/stm32cubemx/CMakeFiles/STM32_Drivers.dir/__/__/Drivers/STM32G0xx_HAL_Driver/Src/stm32g0xx_hal_gpio.c.obj
                0x08002bc0                HAL_GPIO_Init
 .text.HAL_GPIO_ReadPin
                0x08002e88       0x3a cmake/stm32cubemx/CMakeFiles/STM32_Drivers.dir/__/__/Drivers/STM32G0xx_HAL_Driver/Src/stm32g0xx_hal_gpio.c.obj
                0x08002e88                HAL_GPIO_ReadPin
 .text.HAL_GPIO_WritePin
                0x08002ec2       0x3a cmake/stm32cubemx/CMakeFiles/STM32_Drivers.dir/__/__/Drivers/STM32G0xx_HAL_Driver/Src/stm32g0xx_hal_gpio.c.obj
                0x08002ec2                HAL_GPIO_WritePin
 .text.HAL_DMA_Init
                0x08002efc      0x114 cmake/stm32cubemx/CMakeFiles/STM32_Drivers.dir/__/__/Drivers/STM32G0xx_HAL_Driver/Src/stm32g0xx_hal_dma.c.obj
                0x08002efc                HAL_DMA_Init
 .text.HAL_DMA_Start_IT
                0x08003010      0x10c cmake/stm32cubemx/CMakeFiles/STM32_Drivers.dir/__/__/Drivers/STM32G0xx_HAL_Driver/Src/stm32g0xx_hal_dma.c.obj
                0x08003010                HAL_DMA_Start_IT
 .text.HAL_DMA_Abort
                0x0800311c       0xc4 cmake/stm32cubemx/CMakeFiles/STM32_Drivers.dir/__/__/Drivers/STM32G0xx_HAL_Driver/Src/stm32g0xx_hal_dma.c.obj
                0x0800311c                HAL_DMA_Abort
 .text.HAL_DMA_Abort_IT
                0x080031e0       0xd4 cmake/stm32cubemx/CMakeFiles/STM32_Drivers.dir/__/__/Drivers/STM32G0xx_HAL_Driver/Src/stm32g0xx_hal_dma.c.obj
                0x080031e0                HAL_DMA_Abort_IT
 .text.HAL_DMA_IRQHandler
                0x080032b4      0x164 cmake/stm32cubemx/CMakeFiles/STM32_Drivers.dir/__/__/Drivers/STM32G0xx_HAL_Driver/Src/stm32g0xx_hal_dma.c.obj
                0x080032b4                HAL_DMA_IRQHandler
 .text.DMA_SetConfig
                0x08003418       0x80 cmake/stm32cubemx/CMakeFiles/STM32_Drivers.dir/__/__/Drivers/STM32G0xx_HAL_Driver/Src/stm32g0xx_hal_dma.c.obj
 .text.DMA_CalcDMAMUXChannelBaseAndMask
                0x08003498       0x58 cmake/stm32cubemx/CMakeFiles/STM32_Drivers.dir/__/__/Drivers/STM32G0xx_HAL_Driver/Src/stm32g0xx_hal_dma.c.obj
 .text.DMA_CalcDMAMUXRequestGenBaseAndMask
                0x080034f0       0x48 cmake/stm32cubemx/CMakeFiles/STM32_Drivers.dir/__/__/Drivers/STM32G0xx_HAL_Driver/Src/stm32g0xx_hal_dma.c.obj
 .text.HAL_PWREx_ControlVoltageScaling
                0x08003538       0x80 cmake/stm32cubemx/CMakeFiles/STM32_Drivers.dir/__/__/Drivers/STM32G0xx_HAL_Driver/Src/stm32g0xx_hal_pwr_ex.c.obj
                0x08003538                HAL_PWREx_ControlVoltageScaling
 .text.__NVIC_EnableIRQ
                0x080035b8       0x34 cmake/stm32cubemx/CMakeFiles/STM32_Drivers.dir/__/__/Drivers/STM32G0xx_HAL_Driver/Src/stm32g0xx_hal_cortex.c.obj
 .text.__NVIC_SetPriority
                0x080035ec       0xdc cmake/stm32cubemx/CMakeFiles/STM32_Drivers.dir/__/__/Drivers/STM32G0xx_HAL_Driver/Src/stm32g0xx_hal_cortex.c.obj
 .text.SysTick_Config
                0x080036c8       0x48 cmake/stm32cubemx/CMakeFiles/STM32_Drivers.dir/__/__/Drivers/STM32G0xx_HAL_Driver/Src/stm32g0xx_hal_cortex.c.obj
 .text.HAL_NVIC_SetPriority
                0x08003710       0x2a cmake/stm32cubemx/CMakeFiles/STM32_Drivers.dir/__/__/Drivers/STM32G0xx_HAL_Driver/Src/stm32g0xx_hal_cortex.c.obj
                0x08003710                HAL_NVIC_SetPriority
 .text.HAL_NVIC_EnableIRQ
                0x0800373a       0x20 cmake/stm32cubemx/CMakeFiles/STM32_Drivers.dir/__/__/Drivers/STM32G0xx_HAL_Driver/Src/stm32g0xx_hal_cortex.c.obj
                0x0800373a                HAL_NVIC_EnableIRQ
 .text.HAL_SYSTICK_Config
                0x0800375a       0x1a cmake/stm32cubemx/CMakeFiles/STM32_Drivers.dir/__/__/Drivers/STM32G0xx_HAL_Driver/Src/stm32g0xx_hal_cortex.c.obj
                0x0800375a                HAL_SYSTICK_Config
 .text.HAL_Init
                0x08003774       0x40 cmake/stm32cubemx/CMakeFiles/STM32_Drivers.dir/__/__/Drivers/STM32G0xx_HAL_Driver/Src/stm32g0xx_hal.c.obj
                0x08003774                HAL_Init
 .text.HAL_InitTick
                0x080037b4       0x94 cmake/stm32cubemx/CMakeFiles/STM32_Drivers.dir/__/__/Drivers/STM32G0xx_HAL_Driver/Src/stm32g0xx_hal.c.obj
                0x080037b4                HAL_InitTick
 .text.HAL_IncTick
                0x08003848       0x24 cmake/stm32cubemx/CMakeFiles/STM32_Drivers.dir/__/__/Drivers/STM32G0xx_HAL_Driver/Src/stm32g0xx_hal.c.obj
                0x08003848                HAL_IncTick
 .text.HAL_GetTick
                0x0800386c       0x14 cmake/stm32cubemx/CMakeFiles/STM32_Drivers.dir/__/__/Drivers/STM32G0xx_HAL_Driver/Src/stm32g0xx_hal.c.obj
                0x0800386c                HAL_GetTick
 .text.HAL_Delay
                0x08003880       0x48 cmake/stm32cubemx/CMakeFiles/STM32_Drivers.dir/__/__/Drivers/STM32G0xx_HAL_Driver/Src/stm32g0xx_hal.c.obj
                0x08003880                HAL_Delay
 .text.HAL_SPI_Init
                0x080038c8      0x170 cmake/stm32cubemx/CMakeFiles/STM32_Drivers.dir/__/__/Drivers/STM32G0xx_HAL_Driver/Src/stm32g0xx_hal_spi.c.obj
                0x080038c8                HAL_SPI_Init
 .text.HAL_SPI_Transmit_DMA
                0x08003a38      0x1f0 cmake/stm32cubemx/CMakeFiles/STM32_Drivers.dir/__/__/Drivers/STM32G0xx_HAL_Driver/Src/stm32g0xx_hal_spi.c.obj
                0x08003a38                HAL_SPI_Transmit_DMA
 .text.HAL_SPI_TxCpltCallback
                0x08003c28       0x10 cmake/stm32cubemx/CMakeFiles/STM32_Drivers.dir/__/__/Drivers/STM32G0xx_HAL_Driver/Src/stm32g0xx_hal_spi.c.obj
                0x08003c28                HAL_SPI_TxCpltCallback
 .text.HAL_SPI_TxHalfCpltCallback
                0x08003c38       0x10 cmake/stm32cubemx/CMakeFiles/STM32_Drivers.dir/__/__/Drivers/STM32G0xx_HAL_Driver/Src/stm32g0xx_hal_spi.c.obj
                0x08003c38                HAL_SPI_TxHalfCpltCallback
 .text.HAL_SPI_ErrorCallback
                0x08003c48       0x10 cmake/stm32cubemx/CMakeFiles/STM32_Drivers.dir/__/__/Drivers/STM32G0xx_HAL_Driver/Src/stm32g0xx_hal_spi.c.obj
                0x08003c48                HAL_SPI_ErrorCallback
 .text.SPI_DMATransmitCplt
                0x08003c58       0xac cmake/stm32cubemx/CMakeFiles/STM32_Drivers.dir/__/__/Drivers/STM32G0xx_HAL_Driver/Src/stm32g0xx_hal_spi.c.obj
 .text.SPI_DMAHalfTransmitCplt
                0x08003d04       0x1e cmake/stm32cubemx/CMakeFiles/STM32_Drivers.dir/__/__/Drivers/STM32G0xx_HAL_Driver/Src/stm32g0xx_hal_spi.c.obj
 .text.SPI_DMAError
                0x08003d22       0x42 cmake/stm32cubemx/CMakeFiles/STM32_Drivers.dir/__/__/Drivers/STM32G0xx_HAL_Driver/Src/stm32g0xx_hal_spi.c.obj
 .text.SPI_WaitFlagStateUntilTimeout
                0x08003d64      0x11c cmake/stm32cubemx/CMakeFiles/STM32_Drivers.dir/__/__/Drivers/STM32G0xx_HAL_Driver/Src/stm32g0xx_hal_spi.c.obj
 .text.SPI_WaitFifoStateUntilTimeout
                0x08003e80      0x144 cmake/stm32cubemx/CMakeFiles/STM32_Drivers.dir/__/__/Drivers/STM32G0xx_HAL_Driver/Src/stm32g0xx_hal_spi.c.obj
 .text.SPI_EndRxTxTransaction
                0x08003fc4       0x8c cmake/stm32cubemx/CMakeFiles/STM32_Drivers.dir/__/__/Drivers/STM32G0xx_HAL_Driver/Src/stm32g0xx_hal_spi.c.obj
 .text.HAL_TIM_Encoder_Init
                0x08004050      0x150 cmake/stm32cubemx/CMakeFiles/STM32_Drivers.dir/__/__/Drivers/STM32G0xx_HAL_Driver/Src/stm32g0xx_hal_tim.c.obj
                0x08004050                HAL_TIM_Encoder_Init
 .text.HAL_TIM_Encoder_Start
                0x080041a0      0x148 cmake/stm32cubemx/CMakeFiles/STM32_Drivers.dir/__/__/Drivers/STM32G0xx_HAL_Driver/Src/stm32g0xx_hal_tim.c.obj
                0x080041a0                HAL_TIM_Encoder_Start
 .text.TIM_Base_SetConfig
                0x080042e8      0x114 cmake/stm32cubemx/CMakeFiles/STM32_Drivers.dir/__/__/Drivers/STM32G0xx_HAL_Driver/Src/stm32g0xx_hal_tim.c.obj
                0x080042e8                TIM_Base_SetConfig
 .text.TIM_CCxChannelCmd
                0x080043fc       0x46 cmake/stm32cubemx/CMakeFiles/STM32_Drivers.dir/__/__/Drivers/STM32G0xx_HAL_Driver/Src/stm32g0xx_hal_tim.c.obj
                0x080043fc                TIM_CCxChannelCmd
 *fill*         0x08004442        0x2 
 .text.HAL_TIMEx_MasterConfigSynchronization
                0x08004444       0xdc cmake/stm32cubemx/CMakeFiles/STM32_Drivers.dir/__/__/Drivers/STM32G0xx_HAL_Driver/Src/stm32g0xx_hal_tim_ex.c.obj
                0x08004444                HAL_TIMEx_MasterConfigSynchronization
 .text.HAL_UART_Init
                0x08004520       0xac cmake/stm32cubemx/CMakeFiles/STM32_Drivers.dir/__/__/Drivers/STM32G0xx_HAL_Driver/Src/stm32g0xx_hal_uart.c.obj
                0x08004520                HAL_UART_Init
 .text.HAL_UART_Transmit
                0x080045cc      0x15c cmake/stm32cubemx/CMakeFiles/STM32_Drivers.dir/__/__/Drivers/STM32G0xx_HAL_Driver/Src/stm32g0xx_hal_uart.c.obj
                0x080045cc                HAL_UART_Transmit
 .text.HAL_UART_Receive_IT
                0x08004728       0xbc cmake/stm32cubemx/CMakeFiles/STM32_Drivers.dir/__/__/Drivers/STM32G0xx_HAL_Driver/Src/stm32g0xx_hal_uart.c.obj
                0x08004728                HAL_UART_Receive_IT
 .text.HAL_UART_IRQHandler
                0x080047e4      0x68c cmake/stm32cubemx/CMakeFiles/STM32_Drivers.dir/__/__/Drivers/STM32G0xx_HAL_Driver/Src/stm32g0xx_hal_uart.c.obj
                0x080047e4                HAL_UART_IRQHandler
 .text.HAL_UART_TxCpltCallback
                0x08004e70       0x10 cmake/stm32cubemx/CMakeFiles/STM32_Drivers.dir/__/__/Drivers/STM32G0xx_HAL_Driver/Src/stm32g0xx_hal_uart.c.obj
                0x08004e70                HAL_UART_TxCpltCallback
 .text.HAL_UART_ErrorCallback
                0x08004e80       0x10 cmake/stm32cubemx/CMakeFiles/STM32_Drivers.dir/__/__/Drivers/STM32G0xx_HAL_Driver/Src/stm32g0xx_hal_uart.c.obj
                0x08004e80                HAL_UART_ErrorCallback
 .text.HAL_UARTEx_RxEventCallback
                0x08004e90       0x16 cmake/stm32cubemx/CMakeFiles/STM32_Drivers.dir/__/__/Drivers/STM32G0xx_HAL_Driver/Src/stm32g0xx_hal_uart.c.obj
                0x08004e90                HAL_UARTEx_RxEventCallback
 *fill*         0x08004ea6        0x2 
 .text.UART_SetConfig
                0x08004ea8      0x57c cmake/stm32cubemx/CMakeFiles/STM32_Drivers.dir/__/__/Drivers/STM32G0xx_HAL_Driver/Src/stm32g0xx_hal_uart.c.obj
                0x08004ea8                UART_SetConfig
 .text.UART_AdvFeatureConfig
                0x08005424      0x168 cmake/stm32cubemx/CMakeFiles/STM32_Drivers.dir/__/__/Drivers/STM32G0xx_HAL_Driver/Src/stm32g0xx_hal_uart.c.obj
                0x08005424                UART_AdvFeatureConfig
 .text.UART_CheckIdleState
                0x0800558c      0x154 cmake/stm32cubemx/CMakeFiles/STM32_Drivers.dir/__/__/Drivers/STM32G0xx_HAL_Driver/Src/stm32g0xx_hal_uart.c.obj
                0x0800558c                UART_CheckIdleState
 .text.UART_WaitOnFlagUntilTimeout
                0x080056e0       0xde cmake/stm32cubemx/CMakeFiles/STM32_Drivers.dir/__/__/Drivers/STM32G0xx_HAL_Driver/Src/stm32g0xx_hal_uart.c.obj
                0x080056e0                UART_WaitOnFlagUntilTimeout
 *fill*         0x080057be        0x2 
 .text.UART_Start_Receive_IT
                0x080057c0      0x248 cmake/stm32cubemx/CMakeFiles/STM32_Drivers.dir/__/__/Drivers/STM32G0xx_HAL_Driver/Src/stm32g0xx_hal_uart.c.obj
                0x080057c0                UART_Start_Receive_IT
 .text.UART_EndRxTransfer
                0x08005a08       0xcc cmake/stm32cubemx/CMakeFiles/STM32_Drivers.dir/__/__/Drivers/STM32G0xx_HAL_Driver/Src/stm32g0xx_hal_uart.c.obj
 .text.UART_DMAAbortOnError
                0x08005ad4       0x1e cmake/stm32cubemx/CMakeFiles/STM32_Drivers.dir/__/__/Drivers/STM32G0xx_HAL_Driver/Src/stm32g0xx_hal_uart.c.obj
 .text.UART_EndTransmit_IT
                0x08005af2       0x58 cmake/stm32cubemx/CMakeFiles/STM32_Drivers.dir/__/__/Drivers/STM32G0xx_HAL_Driver/Src/stm32g0xx_hal_uart.c.obj
 *fill*         0x08005b4a        0x2 
 .text.UART_RxISR_8BIT
                0x08005b4c      0x1c4 cmake/stm32cubemx/CMakeFiles/STM32_Drivers.dir/__/__/Drivers/STM32G0xx_HAL_Driver/Src/stm32g0xx_hal_uart.c.obj
 .text.UART_RxISR_16BIT
                0x08005d10      0x1c4 cmake/stm32cubemx/CMakeFiles/STM32_Drivers.dir/__/__/Drivers/STM32G0xx_HAL_Driver/Src/stm32g0xx_hal_uart.c.obj
 .text.UART_RxISR_8BIT_FIFOEN
                0x08005ed4      0x340 cmake/stm32cubemx/CMakeFiles/STM32_Drivers.dir/__/__/Drivers/STM32G0xx_HAL_Driver/Src/stm32g0xx_hal_uart.c.obj
 .text.UART_RxISR_16BIT_FIFOEN
                0x08006214      0x358 cmake/stm32cubemx/CMakeFiles/STM32_Drivers.dir/__/__/Drivers/STM32G0xx_HAL_Driver/Src/stm32g0xx_hal_uart.c.obj
 .text.HAL_UARTEx_WakeupCallback
                0x0800656c       0x10 cmake/stm32cubemx/CMakeFiles/STM32_Drivers.dir/__/__/Drivers/STM32G0xx_HAL_Driver/Src/stm32g0xx_hal_uart_ex.c.obj
                0x0800656c                HAL_UARTEx_WakeupCallback
 .text.HAL_UARTEx_RxFifoFullCallback
                0x0800657c       0x10 cmake/stm32cubemx/CMakeFiles/STM32_Drivers.dir/__/__/Drivers/STM32G0xx_HAL_Driver/Src/stm32g0xx_hal_uart_ex.c.obj
                0x0800657c                HAL_UARTEx_RxFifoFullCallback
 .text.HAL_UARTEx_TxFifoEmptyCallback
                0x0800658c       0x10 cmake/stm32cubemx/CMakeFiles/STM32_Drivers.dir/__/__/Drivers/STM32G0xx_HAL_Driver/Src/stm32g0xx_hal_uart_ex.c.obj
                0x0800658c                HAL_UARTEx_TxFifoEmptyCallback
 .text.HAL_UARTEx_DisableFifoMode
                0x0800659c       0x74 cmake/stm32cubemx/CMakeFiles/STM32_Drivers.dir/__/__/Drivers/STM32G0xx_HAL_Driver/Src/stm32g0xx_hal_uart_ex.c.obj
                0x0800659c                HAL_UARTEx_DisableFifoMode
 .text.HAL_UARTEx_SetTxFifoThreshold
                0x08006610       0x7e cmake/stm32cubemx/CMakeFiles/STM32_Drivers.dir/__/__/Drivers/STM32G0xx_HAL_Driver/Src/stm32g0xx_hal_uart_ex.c.obj
                0x08006610                HAL_UARTEx_SetTxFifoThreshold
 *fill*         0x0800668e        0x2 
 .text.HAL_UARTEx_SetRxFifoThreshold
                0x08006690       0x84 cmake/stm32cubemx/CMakeFiles/STM32_Drivers.dir/__/__/Drivers/STM32G0xx_HAL_Driver/Src/stm32g0xx_hal_uart_ex.c.obj
                0x08006690                HAL_UARTEx_SetRxFifoThreshold
 .text.UARTEx_SetNbDataToProcess
                0x08006714       0xbc cmake/stm32cubemx/CMakeFiles/STM32_Drivers.dir/__/__/Drivers/STM32G0xx_HAL_Driver/Src/stm32g0xx_hal_uart_ex.c.obj
 .text.memset   0x080067d0       0x10 C:/ST/STM32CubeIDE_1.19.0/STM32CubeIDE/plugins/com.st.stm32cube.ide.mcu.externaltools.gnu-tools-for-stm32.13.3.rel1.win32_1.0.100.202509120712/tools/bin/../lib/gcc/arm-none-eabi/13.3.1/../../../../arm-none-eabi/lib/thumb/v6-m/nofp\libg_nano.a(libc_a-memset.o)
                0x080067d0                memset
 .text.__libc_init_array
                0x080067e0       0x48 C:/ST/STM32CubeIDE_1.19.0/STM32CubeIDE/plugins/com.st.stm32cube.ide.mcu.externaltools.gnu-tools-for-stm32.13.3.rel1.win32_1.0.100.202509120712/tools/bin/../lib/gcc/arm-none-eabi/13.3.1/../../../../arm-none-eabi/lib/thumb/v6-m/nofp\libg_nano.a(libc_a-init.o)
                0x080067e0                __libc_init_array
 *(.glue_7)
 .glue_7        0x08006828        0x0 linker stubs
 *(.glue_7t)
 .glue_7t       0x08006828        0x0 linker stubs
 *(.eh_frame)
 .eh_frame      0x08006828        0x0 C:/ST/STM32CubeIDE_1.19.0/STM32CubeIDE/plugins/com.st.stm32cube.ide.mcu.externaltools.gnu-tools-for-stm32.13.3.rel1.win32_1.0.100.202509120712/tools/bin/../lib/gcc/arm-none-eabi/13.3.1/thumb/v6-m/nofp/crtbegin.o
 *(.init)
 .init          0x08006828        0x4 C:/ST/STM32CubeIDE_1.19.0/STM32CubeIDE/plugins/com.st.stm32cube.ide.mcu.externaltools.gnu-tools-for-stm32.13.3.rel1.win32_1.0.100.202509120712/tools/bin/../lib/gcc/arm-none-eabi/13.3.1/thumb/v6-m/nofp/crti.o
                0x08006828                _init
 .init          0x0800682c        0x8 C:/ST/STM32CubeIDE_1.19.0/STM32CubeIDE/plugins/com.st.stm32cube.ide.mcu.externaltools.gnu-tools-for-stm32.13.3.rel1.win32_1.0.100.202509120712/tools/bin/../lib/gcc/arm-none-eabi/13.3.1/thumb/v6-m/nofp/crtn.o
 *(.fini)
 .fini          0x08006834        0x4 C:/ST/STM32CubeIDE_1.19.0/STM32CubeIDE/plugins/com.st.stm32cube.ide.mcu.externaltools.gnu-tools-for-stm32.13.3.rel1.win32_1.0.100.202509120712/tools/bin/../lib/gcc/arm-none-eabi/13.3.1/thumb/v6-m/nofp/crti.o
                0x08006834                _fini
 .fini          0x08006838        0x8 C:/ST/STM32CubeIDE_1.19.0/STM32CubeIDE/plugins/com.st.stm32cube.ide.mcu.externaltools.gnu-tools-for-stm32.13.3.rel1.win32_1.0.100.202509120712/tools/bin/../lib/gcc/arm-none-eabi/13.3.1/thumb/v6-m/nofp/crtn.o
                0x08006840                        . = ALIGN (0x4)
                0x08006840                        _etext = .

.vfp11_veneer   0x08006840        0x0
 .vfp11_veneer  0x08006840        0x0 linker stubs

.v4_bx          0x08006840        0x0
 .v4_bx         0x08006840        0x0 linker stubs

.iplt           0x08006840        0x0
 .iplt          0x08006840        0x0 C:/ST/STM32CubeIDE_1.19.0/STM32CubeIDE/plugins/com.st.stm32cube.ide.mcu.externaltools.gnu-tools-for-stm32.13.3.rel1.win32_1.0.100.202509120712/tools/bin/../lib/gcc/arm-none-eabi/13.3.1/thumb/v6-m/nofp/crtbegin.o

.rodata         0x08006840       0xb4
                0x08006840                        . = ALIGN (0x4)
 *(.rodata)
 *(.rodata*)
 .rodata.read_row
                0x08006840       0x18 CMakeFiles/front.dir/Core/Src/KeyMatrix.c.obj
 .rodata.hsv_to_rgb_u8
                0x08006858       0x14 CMakeFiles/front.dir/Core/Src/Neopixels.c.obj
 .rodata.AHBPrescTable
                0x0800686c       0x40 cmake/stm32cubemx/CMakeFiles/STM32_Drivers.dir/__/__/Core/Src/system_stm32g0xx.c.obj
                0x0800686c                AHBPrescTable
 .rodata.APBPrescTable
                0x080068ac       0x20 cmake/stm32cubemx/CMakeFiles/STM32_Drivers.dir/__/__/Core/Src/system_stm32g0xx.c.obj
                0x080068ac                APBPrescTable
 .rodata.UARTPrescTable
                0x080068cc       0x18 cmake/stm32cubemx/CMakeFiles/STM32_Drivers.dir/__/__/Drivers/STM32G0xx_HAL_Driver/Src/stm32g0xx_hal_uart.c.obj
                0x080068cc                UARTPrescTable
 .rodata.numerator.1
                0x080068e4        0x8 cmake/stm32cubemx/CMakeFiles/STM32_Drivers.dir/__/__/Drivers/STM32G0xx_HAL_Driver/Src/stm32g0xx_hal_uart_ex.c.obj
 .rodata.denominator.0
                0x080068ec        0x8 cmake/stm32cubemx/CMakeFiles/STM32_Drivers.dir/__/__/Drivers/STM32G0xx_HAL_Driver/Src/stm32g0xx_hal_uart_ex.c.obj
                0x080068f4                        . = ALIGN (0x4)

.ARM.extab      0x080068f4        0x0
                0x080068f4                        . = ALIGN (0x4)
 *(.ARM.extab* .gnu.linkonce.armextab.*)
                0x080068f4                        . = ALIGN (0x4)

.ARM            0x080068f4        0x8
                0x080068f4                        . = ALIGN (0x4)
                0x080068f4                        __exidx_start = .
 *(.ARM.exidx*)
 .ARM.exidx     0x080068f4        0x8 C:/ST/STM32CubeIDE_1.19.0/STM32CubeIDE/plugins/com.st.stm32cube.ide.mcu.externaltools.gnu-tools-for-stm32.13.3.rel1.win32_1.0.100.202509120712/tools/bin/../lib/gcc/arm-none-eabi/13.3.1/thumb/v6-m/nofp\libgcc.a(_udivmoddi4.o)
                0x080068fc                        __exidx_end = .
                0x080068fc                        . = ALIGN (0x4)

.preinit_array  0x080068fc        0x0
                0x080068fc                        . = ALIGN (0x4)
                0x080068fc                        PROVIDE (__preinit_array_start = .)
 *(.preinit_array*)
                0x080068fc                        PROVIDE (__preinit_array_end = .)
                0x080068fc                        . = ALIGN (0x4)

.init_array     0x080068fc        0x4
                0x080068fc                        . = ALIGN (0x4)
                0x080068fc                        PROVIDE (__init_array_start = .)
 *(SORT_BY_NAME(.init_array.*))
 *(.init_array*)
 .init_array    0x080068fc        0x4 C:/ST/STM32CubeIDE_1.19.0/STM32CubeIDE/plugins/com.st.stm32cube.ide.mcu.externaltools.gnu-tools-for-stm32.13.3.rel1.win32_1.0.100.202509120712/tools/bin/../lib/gcc/arm-none-eabi/13.3.1/thumb/v6-m/nofp/crtbegin.o
                0x08006900                        PROVIDE (__init_array_end = .)
                0x08006900                        . = ALIGN (0x4)

.fini_array     0x08006900        0x4
                0x08006900                        . = ALIGN (0x4)
                [!provide]                        PROVIDE (__fini_array_start = .)
 *(SORT_BY_NAME(.fini_array.*))
 *(.fini_array*)
 .fini_array    0x08006900        0x4 C:/ST/STM32CubeIDE_1.19.0/STM32CubeIDE/plugins/com.st.stm32cube.ide.mcu.externaltools.gnu-tools-for-stm32.13.3.rel1.win32_1.0.100.202509120712/tools/bin/../lib/gcc/arm-none-eabi/13.3.1/thumb/v6-m/nofp/crtbegin.o
                [!provide]                        PROVIDE (__fini_array_end = .)
                0x08006904                        . = ALIGN (0x4)
                0x08006904                        _sidata = LOADADDR (.data)

.rel.dyn        0x08006904        0x0
 .rel.iplt      0x08006904        0x0 C:/ST/STM32CubeIDE_1.19.0/STM32CubeIDE/plugins/com.st.stm32cube.ide.mcu.externaltools.gnu-tools-for-stm32.13.3.rel1.win32_1.0.100.202509120712/tools/bin/../lib/gcc/arm-none-eabi/13.3.1/thumb/v6-m/nofp/crtbegin.o

.data           0x20000000       0x6c load address 0x08006904
                0x20000000                        . = ALIGN (0x4)
                0x20000000                        _sdata = .
 *(.data)
 *(.data*)
 .data.led_lut  0x20000000       0x60 CMakeFiles/front.dir/Core/Src/KeyMatrix.c.obj
                0x20000000                led_lut
 .data.SystemCoreClock
                0x20000060        0x4 cmake/stm32cubemx/CMakeFiles/STM32_Drivers.dir/__/__/Core/Src/system_stm32g0xx.c.obj
                0x20000060                SystemCoreClock
 .data.uwTickPrio
                0x20000064        0x4 cmake/stm32cubemx/CMakeFiles/STM32_Drivers.dir/__/__/Drivers/STM32G0xx_HAL_Driver/Src/stm32g0xx_hal.c.obj
                0x20000064                uwTickPrio
 .data.uwTickFreq
                0x20000068        0x1 cmake/stm32cubemx/CMakeFiles/STM32_Drivers.dir/__/__/Drivers/STM32G0xx_HAL_Driver/Src/stm32g0xx_hal.c.obj
                0x20000068                uwTickFreq
 *(.RamFunc)
 *(.RamFunc*)
                0x2000006c                        . = ALIGN (0x4)
 *fill*         0x20000069        0x3 

.igot.plt       0x2000006c        0x0 load address 0x08006970
 .igot.plt      0x2000006c        0x0 C:/ST/STM32CubeIDE_1.19.0/STM32CubeIDE/plugins/com.st.stm32cube.ide.mcu.externaltools.gnu-tools-for-stm32.13.3.rel1.win32_1.0.100.202509120712/tools/bin/../lib/gcc/arm-none-eabi/13.3.1/thumb/v6-m/nofp/crtbegin.o

.tdata          0x2000006c        0x0 load address 0x08006970
 *(.tdata .tdata.* .gnu.linkonce.td.*)
                0x2000006c                        . = ALIGN (0x4)
                0x2000006c                        _edata = .
                [!provide]                        PROVIDE (__data_end = .)
                [!provide]                        PROVIDE (__tdata_end = .)
                [!provide]                        PROVIDE (__tdata_start = ADDR (.tdata))
                [!provide]                        PROVIDE (__tdata_size = (__tdata_end - __tdata_start))
                [!provide]                        PROVIDE (__data_start = ADDR (.data))
                [!provide]                        PROVIDE (__data_size = (__data_end - __data_start))
                [!provide]                        PROVIDE (__tdata_source = LOADADDR (.tdata))
                [!provide]                        PROVIDE (__tdata_source_end = (LOADADDR (.tdata) + SIZEOF (.tdata)))
                [!provide]                        PROVIDE (__tdata_source_size = (__tdata_source_end - __tdata_source))
                [!provide]                        PROVIDE (__data_source = LOADADDR (.data))
                [!provide]                        PROVIDE (__data_source_end = __tdata_source_end)
                [!provide]                        PROVIDE (__data_source_size = (__data_source_end - __data_source))

.tbss           0x2000006c        0x0 load address 0x08006970
                0x2000006c                        _sbss = .
                0x2000006c                        __bss_start__ = _sbss
 *(.tbss .tbss.*)
                0x2000006c                        . = ALIGN (0x4)
                [!provide]                        PROVIDE (__tbss_end = .)
                [!provide]                        PROVIDE (__tbss_start = ADDR (.tbss))
                [!provide]                        PROVIDE (__tbss_size = (__tbss_end - __tbss_start))
                [!provide]                        PROVIDE (__tbss_offset = (ADDR (.tbss) - ADDR (.tdata)))
                [!provide]                        PROVIDE (__tls_base = __tdata_start)
                [!provide]                        PROVIDE (__tls_end = __tbss_end)
                [!provide]                        PROVIDE (__tls_size = (__tls_end - __tls_base))
                [!provide]                        PROVIDE (__tls_align = MAX (ALIGNOF (.tdata), ALIGNOF (.tbss)))
                [!provide]                        PROVIDE (__tls_size_align = (((__tls_size + __tls_align) - 0x1) & ~ ((__tls_align - 0x1))))
                [!provide]                        PROVIDE (__arm32_tls_tcb_offset = MAX (0x8, __tls_align))
                [!provide]                        PROVIDE (__arm64_tls_tcb_offset = MAX (0x10, __tls_align))

.bss            0x2000006c      0x584 load address 0x08006970
 *(.bss)
 .bss           0x2000006c       0x1c C:/ST/STM32CubeIDE_1.19.0/STM32CubeIDE/plugins/com.st.stm32cube.ide.mcu.externaltools.gnu-tools-for-stm32.13.3.rel1.win32_1.0.100.202509120712/tools/bin/../lib/gcc/arm-none-eabi/13.3.1/thumb/v6-m/nofp/crtbegin.o
 *(.bss*)
 .bss.rx_data   0x20000088        0x1 CMakeFiles/front.dir/Core/Src/main.c.obj
                0x20000088                rx_data
 *fill*         0x20000089        0x3 
 .bss.hlptim1   0x2000008c       0x38 CMakeFiles/front.dir/Core/Src/lptim.c.obj
                0x2000008c                hlptim1
 .bss.hspi2     0x200000c4       0x64 CMakeFiles/front.dir/Core/Src/spi.c.obj
                0x200000c4                hspi2
 .bss.hdma_spi2_tx
                0x20000128       0x5c CMakeFiles/front.dir/Core/Src/spi.c.obj
                0x20000128                hdma_spi2_tx
 .bss.htim1     0x20000184       0x4c CMakeFiles/front.dir/Core/Src/tim.c.obj
                0x20000184                htim1
 .bss.htim2     0x200001d0       0x4c CMakeFiles/front.dir/Core/Src/tim.c.obj
                0x200001d0                htim2
 .bss.htim3     0x2000021c       0x4c CMakeFiles/front.dir/Core/Src/tim.c.obj
                0x2000021c                htim3
 .bss.huart2    0x20000268       0x94 CMakeFiles/front.dir/Core/Src/usart.c.obj
                0x20000268                huart2
 .bss.hdma_usart2_rx
                0x200002fc       0x5c CMakeFiles/front.dir/Core/Src/usart.c.obj
                0x200002fc                hdma_usart2_rx
 .bss.hdma_usart2_tx
                0x20000358       0x5c CMakeFiles/front.dir/Core/Src/usart.c.obj
                0x20000358                hdma_usart2_tx
 .bss.key_matrix
                0x200003b4       0x30 CMakeFiles/front.dir/Core/Src/KeyMatrix.c.obj
 .bss.spiBuffer
                0x200003e4      0x1d0 CMakeFiles/front.dir/Core/Src/Neopixels.c.obj
                0x200003e4                spiBuffer
 .bss.ledBuffer
                0x200005b4       0x36 CMakeFiles/front.dir/Core/Src/Neopixels.c.obj
                0x200005b4                ledBuffer
 *fill*         0x200005ea        0x2 
 .bss.uwTick    0x200005ec        0x4 cmake/stm32cubemx/CMakeFiles/STM32_Drivers.dir/__/__/Drivers/STM32G0xx_HAL_Driver/Src/stm32g0xx_hal.c.obj
                0x200005ec                uwTick
 *(COMMON)
                0x200005f0                        . = ALIGN (0x4)
                0x200005f0                        _ebss = .
                0x200005f0                        __bss_end__ = _ebss
                [!provide]                        PROVIDE (__bss_end = .)
                [!provide]                        PROVIDE (__non_tls_bss_start = ADDR (.bss))
                [!provide]                        PROVIDE (__bss_start = __tbss_start)
                [!provide]                        PROVIDE (__bss_size = (__bss_end - __bss_start))

._user_heap_stack
                0x200005f0      0x600 load address 0x08006970
                0x200005f0                        . = ALIGN (0x8)
                [!provide]                        PROVIDE (end = .)
                0x200005f0                        PROVIDE (_end = .)
                0x200007f0                        . = (. + _Min_Heap_Size)
 *fill*         0x200005f0      0x200 
                0x20000bf0                        . = (. + _Min_Stack_Size)
 *fill*         0x200007f0      0x400 
                0x20000bf0                        . = ALIGN (0x8)

/DISCARD/
 libc.a:*(*)
 libm.a:*(*)
 libgcc.a:*(*)
OUTPUT(front.elf elf32-littlearm)
LOAD linker stubs

.ARM.attributes
                0x00000000       0x28
 .ARM.attributes
                0x00000000       0x1e C:/ST/STM32CubeIDE_1.19.0/STM32CubeIDE/plugins/com.st.stm32cube.ide.mcu.externaltools.gnu-tools-for-stm32.13.3.rel1.win32_1.0.100.202509120712/tools/bin/../lib/gcc/arm-none-eabi/13.3.1/thumb/v6-m/nofp/crti.o
 .ARM.attributes
                0x0000001e       0x2c C:/ST/STM32CubeIDE_1.19.0/STM32CubeIDE/plugins/com.st.stm32cube.ide.mcu.externaltools.gnu-tools-for-stm32.13.3.rel1.win32_1.0.100.202509120712/tools/bin/../lib/gcc/arm-none-eabi/13.3.1/thumb/v6-m/nofp/crtbegin.o
 .ARM.attributes
                0x0000004a       0x2c CMakeFiles/front.dir/Core/Src/main.c.obj
 .ARM.attributes
                0x00000076       0x2c CMakeFiles/front.dir/Core/Src/dma.c.obj
 .ARM.attributes
                0x000000a2       0x2c CMakeFiles/front.dir/Core/Src/lptim.c.obj
 .ARM.attributes
                0x000000ce       0x2c CMakeFiles/front.dir/Core/Src/spi.c.obj
 .ARM.attributes
                0x000000fa       0x2c CMakeFiles/front.dir/Core/Src/tim.c.obj
 .ARM.attributes
                0x00000126       0x2c CMakeFiles/front.dir/Core/Src/usart.c.obj
 .ARM.attributes
                0x00000152       0x2c CMakeFiles/front.dir/Core/Src/stm32g0xx_it.c.obj
 .ARM.attributes
                0x0000017e       0x2c CMakeFiles/front.dir/Core/Src/stm32g0xx_hal_msp.c.obj
 .ARM.attributes
                0x000001aa       0x22 CMakeFiles/front.dir/startup_stm32g071xx.s.obj
 .ARM.attributes
                0x000001cc       0x2c CMakeFiles/front.dir/Core/Src/KeyMatrix.c.obj
 .ARM.attributes
                0x000001f8       0x2c CMakeFiles/front.dir/Core/Src/Neopixels.c.obj
 .ARM.attributes
                0x00000224       0x2c cmake/stm32cubemx/CMakeFiles/STM32_Drivers.dir/__/__/Core/Src/system_stm32g0xx.c.obj
 .ARM.attributes
                0x00000250       0x2c cmake/stm32cubemx/CMakeFiles/STM32_Drivers.dir/__/__/Drivers/STM32G0xx_HAL_Driver/Src/stm32g0xx_hal_lptim.c.obj
 .ARM.attributes
                0x0000027c       0x2c cmake/stm32cubemx/CMakeFiles/STM32_Drivers.dir/__/__/Drivers/STM32G0xx_HAL_Driver/Src/stm32g0xx_hal_rcc.c.obj
 .ARM.attributes
                0x000002a8       0x2c cmake/stm32cubemx/CMakeFiles/STM32_Drivers.dir/__/__/Drivers/STM32G0xx_HAL_Driver/Src/stm32g0xx_hal_rcc_ex.c.obj
 .ARM.attributes
                0x000002d4       0x2c cmake/stm32cubemx/CMakeFiles/STM32_Drivers.dir/__/__/Drivers/STM32G0xx_HAL_Driver/Src/stm32g0xx_hal_gpio.c.obj
 .ARM.attributes
                0x00000300       0x2c cmake/stm32cubemx/CMakeFiles/STM32_Drivers.dir/__/__/Drivers/STM32G0xx_HAL_Driver/Src/stm32g0xx_hal_dma.c.obj
 .ARM.attributes
                0x0000032c       0x2c cmake/stm32cubemx/CMakeFiles/STM32_Drivers.dir/__/__/Drivers/STM32G0xx_HAL_Driver/Src/stm32g0xx_hal_pwr_ex.c.obj
 .ARM.attributes
                0x00000358       0x2c cmake/stm32cubemx/CMakeFiles/STM32_Drivers.dir/__/__/Drivers/STM32G0xx_HAL_Driver/Src/stm32g0xx_hal_cortex.c.obj
 .ARM.attributes
                0x00000384       0x2c cmake/stm32cubemx/CMakeFiles/STM32_Drivers.dir/__/__/Drivers/STM32G0xx_HAL_Driver/Src/stm32g0xx_hal.c.obj
 .ARM.attributes
                0x000003b0       0x2c cmake/stm32cubemx/CMakeFiles/STM32_Drivers.dir/__/__/Drivers/STM32G0xx_HAL_Driver/Src/stm32g0xx_hal_spi.c.obj
 .ARM.attributes
                0x000003dc       0x2c cmake/stm32cubemx/CMakeFiles/STM32_Drivers.dir/__/__/Drivers/STM32G0xx_HAL_Driver/Src/stm32g0xx_hal_tim.c.obj
 .ARM.attributes
                0x00000408       0x2c cmake/stm32cubemx/CMakeFiles/STM32_Drivers.dir/__/__/Drivers/STM32G0xx_HAL_Driver/Src/stm32g0xx_hal_tim_ex.c.obj
 .ARM.attributes
                0x00000434       0x2c cmake/stm32cubemx/CMakeFiles/STM32_Drivers.dir/__/__/Drivers/STM32G0xx_HAL_Driver/Src/stm32g0xx_hal_uart.c.obj
 .ARM.attributes
                0x00000460       0x2c cmake/stm32cubemx/CMakeFiles/STM32_Drivers.dir/__/__/Drivers/STM32G0xx_HAL_Driver/Src/stm32g0xx_hal_uart_ex.c.obj
 .ARM.attributes
                0x0000048c       0x1e C:/ST/STM32CubeIDE_1.19.0/STM32CubeIDE/plugins/com.st.stm32cube.ide.mcu.externaltools.gnu-tools-for-stm32.13.3.rel1.win32_1.0.100.202509120712/tools/bin/../lib/gcc/arm-none-eabi/13.3.1/thumb/v6-m/nofp\libgcc.a(_udivsi3.o)
 .ARM.attributes
                0x000004aa       0x1e C:/ST/STM32CubeIDE_1.19.0/STM32CubeIDE/plugins/com.st.stm32cube.ide.mcu.externaltools.gnu-tools-for-stm32.13.3.rel1.win32_1.0.100.202509120712/tools/bin/../lib/gcc/arm-none-eabi/13.3.1/thumb/v6-m/nofp\libgcc.a(_divsi3.o)
 .ARM.attributes
                0x000004c8       0x1e C:/ST/STM32CubeIDE_1.19.0/STM32CubeIDE/plugins/com.st.stm32cube.ide.mcu.externaltools.gnu-tools-for-stm32.13.3.rel1.win32_1.0.100.202509120712/tools/bin/../lib/gcc/arm-none-eabi/13.3.1/thumb/v6-m/nofp\libgcc.a(_dvmd_tls.o)
 .ARM.attributes
                0x000004e6       0x1e C:/ST/STM32CubeIDE_1.19.0/STM32CubeIDE/plugins/com.st.stm32cube.ide.mcu.externaltools.gnu-tools-for-stm32.13.3.rel1.win32_1.0.100.202509120712/tools/bin/../lib/gcc/arm-none-eabi/13.3.1/thumb/v6-m/nofp\libgcc.a(_aeabi_uldivmod.o)
 .ARM.attributes
                0x00000504       0x2c C:/ST/STM32CubeIDE_1.19.0/STM32CubeIDE/plugins/com.st.stm32cube.ide.mcu.externaltools.gnu-tools-for-stm32.13.3.rel1.win32_1.0.100.202509120712/tools/bin/../lib/gcc/arm-none-eabi/13.3.1/thumb/v6-m/nofp\libgcc.a(_udivmoddi4.o)
 .ARM.attributes
                0x00000530       0x1e C:/ST/STM32CubeIDE_1.19.0/STM32CubeIDE/plugins/com.st.stm32cube.ide.mcu.externaltools.gnu-tools-for-stm32.13.3.rel1.win32_1.0.100.202509120712/tools/bin/../lib/gcc/arm-none-eabi/13.3.1/thumb/v6-m/nofp\libgcc.a(_clzdi2.o)
 .ARM.attributes
                0x0000054e       0x1e C:/ST/STM32CubeIDE_1.19.0/STM32CubeIDE/plugins/com.st.stm32cube.ide.mcu.externaltools.gnu-tools-for-stm32.13.3.rel1.win32_1.0.100.202509120712/tools/bin/../lib/gcc/arm-none-eabi/13.3.1/thumb/v6-m/nofp\libgcc.a(_clzsi2.o)
 .ARM.attributes
                0x0000056c       0x2c C:/ST/STM32CubeIDE_1.19.0/STM32CubeIDE/plugins/com.st.stm32cube.ide.mcu.externaltools.gnu-tools-for-stm32.13.3.rel1.win32_1.0.100.202509120712/tools/bin/../lib/gcc/arm-none-eabi/13.3.1/../../../../arm-none-eabi/lib/thumb/v6-m/nofp\libg_nano.a(libc_a-memset.o)
 .ARM.attributes
                0x00000598       0x2c C:/ST/STM32CubeIDE_1.19.0/STM32CubeIDE/plugins/com.st.stm32cube.ide.mcu.externaltools.gnu-tools-for-stm32.13.3.rel1.win32_1.0.100.202509120712/tools/bin/../lib/gcc/arm-none-eabi/13.3.1/../../../../arm-none-eabi/lib/thumb/v6-m/nofp\libg_nano.a(libc_a-init.o)
 .ARM.attributes
                0x000005c4       0x1e C:/ST/STM32CubeIDE_1.19.0/STM32CubeIDE/plugins/com.st.stm32cube.ide.mcu.externaltools.gnu-tools-for-stm32.13.3.rel1.win32_1.0.100.202509120712/tools/bin/../lib/gcc/arm-none-eabi/13.3.1/thumb/v6-m/nofp/crtn.o

.comment        0x00000000       0x43
 .comment       0x00000000       0x43 CMakeFiles/front.dir/Core/Src/main.c.obj
                                 0x44 (size before relaxing)
 .comment       0x00000043        0x0 CMakeFiles/front.dir/Core/Src/dma.c.obj
                                 0x44 (size before relaxing)
 .comment       0x00000043        0x0 CMakeFiles/front.dir/Core/Src/lptim.c.obj
                                 0x44 (size before relaxing)
 .comment       0x00000043        0x0 CMakeFiles/front.dir/Core/Src/spi.c.obj
                                 0x44 (size before relaxing)
 .comment       0x00000043        0x0 CMakeFiles/front.dir/Core/Src/tim.c.obj
                                 0x44 (size before relaxing)
 .comment       0x00000043        0x0 CMakeFiles/front.dir/Core/Src/usart.c.obj
                                 0x44 (size before relaxing)
 .comment       0x00000043        0x0 CMakeFiles/front.dir/Core/Src/stm32g0xx_it.c.obj
                                 0x44 (size before relaxing)
 .comment       0x00000043        0x0 CMakeFiles/front.dir/Core/Src/stm32g0xx_hal_msp.c.obj
                                 0x44 (size before relaxing)
 .comment       0x00000043        0x0 CMakeFiles/front.dir/Core/Src/KeyMatrix.c.obj
                                 0x44 (size before relaxing)
 .comment       0x00000043        0x0 CMakeFiles/front.dir/Core/Src/Neopixels.c.obj
                                 0x44 (size before relaxing)
 .comment       0x00000043        0x0 cmake/stm32cubemx/CMakeFiles/STM32_Drivers.dir/__/__/Core/Src/system_stm32g0xx.c.obj
                                 0x44 (size before relaxing)
 .comment       0x00000043        0x0 cmake/stm32cubemx/CMakeFiles/STM32_Drivers.dir/__/__/Drivers/STM32G0xx_HAL_Driver/Src/stm32g0xx_hal_lptim.c.obj
                                 0x44 (size before relaxing)
 .comment       0x00000043        0x0 cmake/stm32cubemx/CMakeFiles/STM32_Drivers.dir/__/__/Drivers/STM32G0xx_HAL_Driver/Src/stm32g0xx_hal_rcc.c.obj
                                 0x44 (size before relaxing)
 .comment       0x00000043        0x0 cmake/stm32cubemx/CMakeFiles/STM32_Drivers.dir/__/__/Drivers/STM32G0xx_HAL_Driver/Src/stm32g0xx_hal_rcc_ex.c.obj
                                 0x44 (size before relaxing)
 .comment       0x00000043        0x0 cmake/stm32cubemx/CMakeFiles/STM32_Drivers.dir/__/__/Drivers/STM32G0xx_HAL_Driver/Src/stm32g0xx_hal_gpio.c.obj
                                 0x44 (size before relaxing)
 .comment       0x00000043        0x0 cmake/stm32cubemx/CMakeFiles/STM32_Drivers.dir/__/__/Drivers/STM32G0xx_HAL_Driver/Src/stm32g0xx_hal_dma.c.obj
                                 0x44 (size before relaxing)
 .comment       0x00000043        0x0 cmake/stm32cubemx/CMakeFiles/STM32_Drivers.dir/__/__/Drivers/STM32G0xx_HAL_Driver/Src/stm32g0xx_hal_pwr_ex.c.obj
                                 0x44 (size before relaxing)
 .comment       0x00000043        0x0 cmake/stm32cubemx/CMakeFiles/STM32_Drivers.dir/__/__/Drivers/STM32G0xx_HAL_Driver/Src/stm32g0xx_hal_cortex.c.obj
                                 0x44 (size before relaxing)
 .comment       0x00000043        0x0 cmake/stm32cubemx/CMakeFiles/STM32_Drivers.dir/__/__/Drivers/STM32G0xx_HAL_Driver/Src/stm32g0xx_hal.c.obj
                                 0x44 (size before relaxing)
 .comment       0x00000043        0x0 cmake/stm32cubemx/CMakeFiles/STM32_Drivers.dir/__/__/Drivers/STM32G0xx_HAL_Driver/Src/stm32g0xx_hal_spi.c.obj
                                 0x44 (size before relaxing)
 .comment       0x00000043        0x0 cmake/stm32cubemx/CMakeFiles/STM32_Drivers.dir/__/__/Drivers/STM32G0xx_HAL_Driver/Src/stm32g0xx_hal_tim.c.obj
                                 0x44 (size before relaxing)
 .comment       0x00000043        0x0 cmake/stm32cubemx/CMakeFiles/STM32_Drivers.dir/__/__/Drivers/STM32G0xx_HAL_Driver/Src/stm32g0xx_hal_tim_ex.c.obj
                                 0x44 (size before relaxing)
 .comment       0x00000043        0x0 cmake/stm32cubemx/CMakeFiles/STM32_Drivers.dir/__/__/Drivers/STM32G0xx_HAL_Driver/Src/stm32g0xx_hal_uart.c.obj
                                 0x44 (size before relaxing)
 .comment       0x00000043        0x0 cmake/stm32cubemx/CMakeFiles/STM32_Drivers.dir/__/__/Drivers/STM32G0xx_HAL_Driver/Src/stm32g0xx_hal_uart_ex.c.obj
                                 0x44 (size before relaxing)
 .comment       0x00000043        0x0 C:/ST/STM32CubeIDE_1.19.0/STM32CubeIDE/plugins/com.st.stm32cube.ide.mcu.externaltools.gnu-tools-for-stm32.13.3.rel1.win32_1.0.100.202509120712/tools/bin/../lib/gcc/arm-none-eabi/13.3.1/../../../../arm-none-eabi/lib/thumb/v6-m/nofp\libg_nano.a(libc_a-memset.o)
                                 0x44 (size before relaxing)
 .comment       0x00000043        0x0 C:/ST/STM32CubeIDE_1.19.0/STM32CubeIDE/plugins/com.st.stm32cube.ide.mcu.externaltools.gnu-tools-for-stm32.13.3.rel1.win32_1.0.100.202509120712/tools/bin/../lib/gcc/arm-none-eabi/13.3.1/../../../../arm-none-eabi/lib/thumb/v6-m/nofp\libg_nano.a(libc_a-init.o)
                                 0x44 (size before relaxing)

.debug_info     0x00000000    0x16c60
 .debug_info    0x00000000     0x1893 CMakeFiles/front.dir/Core/Src/main.c.obj
 .debug_info    0x00001893      0x365 CMakeFiles/front.dir/Core/Src/dma.c.obj
 .debug_info    0x00001bf8      0x7b9 CMakeFiles/front.dir/Core/Src/lptim.c.obj
 .debug_info    0x000023b1      0xa7d CMakeFiles/front.dir/Core/Src/spi.c.obj
 .debug_info    0x00002e2e      0xe58 CMakeFiles/front.dir/Core/Src/tim.c.obj
 .debug_info    0x00003c86      0xdcd CMakeFiles/front.dir/Core/Src/usart.c.obj
 .debug_info    0x00004a53      0x83d CMakeFiles/front.dir/Core/Src/stm32g0xx_it.c.obj
 .debug_info    0x00005290      0x265 CMakeFiles/front.dir/Core/Src/stm32g0xx_hal_msp.c.obj
 .debug_info    0x000054f5       0x30 CMakeFiles/front.dir/startup_stm32g071xx.s.obj
 .debug_info    0x00005525      0xb27 CMakeFiles/front.dir/Core/Src/KeyMatrix.c.obj
 .debug_info    0x0000604c      0x910 CMakeFiles/front.dir/Core/Src/Neopixels.c.obj
 .debug_info    0x0000695c      0x316 cmake/stm32cubemx/CMakeFiles/STM32_Drivers.dir/__/__/Core/Src/system_stm32g0xx.c.obj
 .debug_info    0x00006c72      0xefb cmake/stm32cubemx/CMakeFiles/STM32_Drivers.dir/__/__/Drivers/STM32G0xx_HAL_Driver/Src/stm32g0xx_hal_lptim.c.obj
 .debug_info    0x00007b6d      0xb34 cmake/stm32cubemx/CMakeFiles/STM32_Drivers.dir/__/__/Drivers/STM32G0xx_HAL_Driver/Src/stm32g0xx_hal_rcc.c.obj
 .debug_info    0x000086a1      0x792 cmake/stm32cubemx/CMakeFiles/STM32_Drivers.dir/__/__/Drivers/STM32G0xx_HAL_Driver/Src/stm32g0xx_hal_rcc_ex.c.obj
 .debug_info    0x00008e33      0x5c8 cmake/stm32cubemx/CMakeFiles/STM32_Drivers.dir/__/__/Drivers/STM32G0xx_HAL_Driver/Src/stm32g0xx_hal_gpio.c.obj
 .debug_info    0x000093fb      0x860 cmake/stm32cubemx/CMakeFiles/STM32_Drivers.dir/__/__/Drivers/STM32G0xx_HAL_Driver/Src/stm32g0xx_hal_dma.c.obj
 .debug_info    0x00009c5b      0x7c6 cmake/stm32cubemx/CMakeFiles/STM32_Drivers.dir/__/__/Drivers/STM32G0xx_HAL_Driver/Src/stm32g0xx_hal_pwr_ex.c.obj
 .debug_info    0x0000a421      0x8d9 cmake/stm32cubemx/CMakeFiles/STM32_Drivers.dir/__/__/Drivers/STM32G0xx_HAL_Driver/Src/stm32g0xx_hal_cortex.c.obj
 .debug_info    0x0000acfa      0xa34 cmake/stm32cubemx/CMakeFiles/STM32_Drivers.dir/__/__/Drivers/STM32G0xx_HAL_Driver/Src/stm32g0xx_hal.c.obj
 .debug_info    0x0000b72e     0x1650 cmake/stm32cubemx/CMakeFiles/STM32_Drivers.dir/__/__/Drivers/STM32G0xx_HAL_Driver/Src/stm32g0xx_hal_spi.c.obj
 .debug_info    0x0000cd7e     0x2be6 cmake/stm32cubemx/CMakeFiles/STM32_Drivers.dir/__/__/Drivers/STM32G0xx_HAL_Driver/Src/stm32g0xx_hal_tim.c.obj
 .debug_info    0x0000f964     0x18da cmake/stm32cubemx/CMakeFiles/STM32_Drivers.dir/__/__/Drivers/STM32G0xx_HAL_Driver/Src/stm32g0xx_hal_tim_ex.c.obj
 .debug_info    0x0001123e     0x488f cmake/stm32cubemx/CMakeFiles/STM32_Drivers.dir/__/__/Drivers/STM32G0xx_HAL_Driver/Src/stm32g0xx_hal_uart.c.obj
 .debug_info    0x00015acd      0xfa8 cmake/stm32cubemx/CMakeFiles/STM32_Drivers.dir/__/__/Drivers/STM32G0xx_HAL_Driver/Src/stm32g0xx_hal_uart_ex.c.obj
 .debug_info    0x00016a75       0xe0 C:/ST/STM32CubeIDE_1.19.0/STM32CubeIDE/plugins/com.st.stm32cube.ide.mcu.externaltools.gnu-tools-for-stm32.13.3.rel1.win32_1.0.100.202509120712/tools/bin/../lib/gcc/arm-none-eabi/13.3.1/../../../../arm-none-eabi/lib/thumb/v6-m/nofp\libg_nano.a(libc_a-memset.o)
 .debug_info    0x00016b55      0x10b C:/ST/STM32CubeIDE_1.19.0/STM32CubeIDE/plugins/com.st.stm32cube.ide.mcu.externaltools.gnu-tools-for-stm32.13.3.rel1.win32_1.0.100.202509120712/tools/bin/../lib/gcc/arm-none-eabi/13.3.1/../../../../arm-none-eabi/lib/thumb/v6-m/nofp\libg_nano.a(libc_a-init.o)

.debug_abbrev   0x00000000     0x3617
 .debug_abbrev  0x00000000      0x2b4 CMakeFiles/front.dir/Core/Src/main.c.obj
 .debug_abbrev  0x000002b4      0x115 CMakeFiles/front.dir/Core/Src/dma.c.obj
 .debug_abbrev  0x000003c9      0x1d6 CMakeFiles/front.dir/Core/Src/lptim.c.obj
 .debug_abbrev  0x0000059f      0x208 CMakeFiles/front.dir/Core/Src/spi.c.obj
 .debug_abbrev  0x000007a7      0x238 CMakeFiles/front.dir/Core/Src/tim.c.obj
 .debug_abbrev  0x000009df      0x241 CMakeFiles/front.dir/Core/Src/usart.c.obj
 .debug_abbrev  0x00000c20      0x1a6 CMakeFiles/front.dir/Core/Src/stm32g0xx_it.c.obj
 .debug_abbrev  0x00000dc6       0xdd CMakeFiles/front.dir/Core/Src/stm32g0xx_hal_msp.c.obj
 .debug_abbrev  0x00000ea3       0x24 CMakeFiles/front.dir/startup_stm32g071xx.s.obj
 .debug_abbrev  0x00000ec7      0x21a CMakeFiles/front.dir/Core/Src/KeyMatrix.c.obj
 .debug_abbrev  0x000010e1      0x212 CMakeFiles/front.dir/Core/Src/Neopixels.c.obj
 .debug_abbrev  0x000012f3      0x119 cmake/stm32cubemx/CMakeFiles/STM32_Drivers.dir/__/__/Core/Src/system_stm32g0xx.c.obj
 .debug_abbrev  0x0000140c      0x27b cmake/stm32cubemx/CMakeFiles/STM32_Drivers.dir/__/__/Drivers/STM32G0xx_HAL_Driver/Src/stm32g0xx_hal_lptim.c.obj
 .debug_abbrev  0x00001687      0x2aa cmake/stm32cubemx/CMakeFiles/STM32_Drivers.dir/__/__/Drivers/STM32G0xx_HAL_Driver/Src/stm32g0xx_hal_rcc.c.obj
 .debug_abbrev  0x00001931      0x22b cmake/stm32cubemx/CMakeFiles/STM32_Drivers.dir/__/__/Drivers/STM32G0xx_HAL_Driver/Src/stm32g0xx_hal_rcc_ex.c.obj
 .debug_abbrev  0x00001b5c      0x1c8 cmake/stm32cubemx/CMakeFiles/STM32_Drivers.dir/__/__/Drivers/STM32G0xx_HAL_Driver/Src/stm32g0xx_hal_gpio.c.obj
 .debug_abbrev  0x00001d24      0x22b cmake/stm32cubemx/CMakeFiles/STM32_Drivers.dir/__/__/Drivers/STM32G0xx_HAL_Driver/Src/stm32g0xx_hal_dma.c.obj
 .debug_abbrev  0x00001f4f      0x238 cmake/stm32cubemx/CMakeFiles/STM32_Drivers.dir/__/__/Drivers/STM32G0xx_HAL_Driver/Src/stm32g0xx_hal_pwr_ex.c.obj
 .debug_abbrev  0x00002187      0x2ab cmake/stm32cubemx/CMakeFiles/STM32_Drivers.dir/__/__/Drivers/STM32G0xx_HAL_Driver/Src/stm32g0xx_hal_cortex.c.obj
 .debug_abbrev  0x00002432      0x2b2 cmake/stm32cubemx/CMakeFiles/STM32_Drivers.dir/__/__/Drivers/STM32G0xx_HAL_Driver/Src/stm32g0xx_hal.c.obj
 .debug_abbrev  0x000026e4      0x27f cmake/stm32cubemx/CMakeFiles/STM32_Drivers.dir/__/__/Drivers/STM32G0xx_HAL_Driver/Src/stm32g0xx_hal_spi.c.obj
 .debug_abbrev  0x00002963      0x29f cmake/stm32cubemx/CMakeFiles/STM32_Drivers.dir/__/__/Drivers/STM32G0xx_HAL_Driver/Src/stm32g0xx_hal_tim.c.obj
 .debug_abbrev  0x00002c02      0x2a8 cmake/stm32cubemx/CMakeFiles/STM32_Drivers.dir/__/__/Drivers/STM32G0xx_HAL_Driver/Src/stm32g0xx_hal_tim_ex.c.obj
 .debug_abbrev  0x00002eaa      0x322 cmake/stm32cubemx/CMakeFiles/STM32_Drivers.dir/__/__/Drivers/STM32G0xx_HAL_Driver/Src/stm32g0xx_hal_uart.c.obj
 .debug_abbrev  0x000031cc      0x2e4 cmake/stm32cubemx/CMakeFiles/STM32_Drivers.dir/__/__/Drivers/STM32G0xx_HAL_Driver/Src/stm32g0xx_hal_uart_ex.c.obj
 .debug_abbrev  0x000034b0       0x9e C:/ST/STM32CubeIDE_1.19.0/STM32CubeIDE/plugins/com.st.stm32cube.ide.mcu.externaltools.gnu-tools-for-stm32.13.3.rel1.win32_1.0.100.202509120712/tools/bin/../lib/gcc/arm-none-eabi/13.3.1/../../../../arm-none-eabi/lib/thumb/v6-m/nofp\libg_nano.a(libc_a-memset.o)
 .debug_abbrev  0x0000354e       0xc9 C:/ST/STM32CubeIDE_1.19.0/STM32CubeIDE/plugins/com.st.stm32cube.ide.mcu.externaltools.gnu-tools-for-stm32.13.3.rel1.win32_1.0.100.202509120712/tools/bin/../lib/gcc/arm-none-eabi/13.3.1/../../../../arm-none-eabi/lib/thumb/v6-m/nofp\libg_nano.a(libc_a-init.o)

.debug_aranges  0x00000000     0x1330
 .debug_aranges
                0x00000000       0x40 CMakeFiles/front.dir/Core/Src/main.c.obj
 .debug_aranges
                0x00000040       0x20 CMakeFiles/front.dir/Core/Src/dma.c.obj
 .debug_aranges
                0x00000060       0x30 CMakeFiles/front.dir/Core/Src/lptim.c.obj
 .debug_aranges
                0x00000090       0x30 CMakeFiles/front.dir/Core/Src/spi.c.obj
 .debug_aranges
                0x000000c0       0x40 CMakeFiles/front.dir/Core/Src/tim.c.obj
 .debug_aranges
                0x00000100       0x30 CMakeFiles/front.dir/Core/Src/usart.c.obj
 .debug_aranges
                0x00000130       0x58 CMakeFiles/front.dir/Core/Src/stm32g0xx_it.c.obj
 .debug_aranges
                0x00000188       0x20 CMakeFiles/front.dir/Core/Src/stm32g0xx_hal_msp.c.obj
 .debug_aranges
                0x000001a8       0x28 CMakeFiles/front.dir/startup_stm32g071xx.s.obj
 .debug_aranges
                0x000001d0       0x48 CMakeFiles/front.dir/Core/Src/KeyMatrix.c.obj
 .debug_aranges
                0x00000218       0x40 CMakeFiles/front.dir/Core/Src/Neopixels.c.obj
 .debug_aranges
                0x00000258       0x28 cmake/stm32cubemx/CMakeFiles/STM32_Drivers.dir/__/__/Core/Src/system_stm32g0xx.c.obj
 .debug_aranges
                0x00000280      0x168 cmake/stm32cubemx/CMakeFiles/STM32_Drivers.dir/__/__/Drivers/STM32G0xx_HAL_Driver/Src/stm32g0xx_hal_lptim.c.obj
 .debug_aranges
                0x000003e8       0xa0 cmake/stm32cubemx/CMakeFiles/STM32_Drivers.dir/__/__/Drivers/STM32G0xx_HAL_Driver/Src/stm32g0xx_hal_rcc.c.obj
 .debug_aranges
                0x00000488       0x40 cmake/stm32cubemx/CMakeFiles/STM32_Drivers.dir/__/__/Drivers/STM32G0xx_HAL_Driver/Src/stm32g0xx_hal_rcc_ex.c.obj
 .debug_aranges
                0x000004c8       0x60 cmake/stm32cubemx/CMakeFiles/STM32_Drivers.dir/__/__/Drivers/STM32G0xx_HAL_Driver/Src/stm32g0xx_hal_gpio.c.obj
 .debug_aranges
                0x00000528       0x90 cmake/stm32cubemx/CMakeFiles/STM32_Drivers.dir/__/__/Drivers/STM32G0xx_HAL_Driver/Src/stm32g0xx_hal_dma.c.obj
 .debug_aranges
                0x000005b8       0xf0 cmake/stm32cubemx/CMakeFiles/STM32_Drivers.dir/__/__/Drivers/STM32G0xx_HAL_Driver/Src/stm32g0xx_hal_pwr_ex.c.obj
 .debug_aranges
                0x000006a8       0xe8 cmake/stm32cubemx/CMakeFiles/STM32_Drivers.dir/__/__/Drivers/STM32G0xx_HAL_Driver/Src/stm32g0xx_hal_cortex.c.obj
 .debug_aranges
                0x00000790      0x120 cmake/stm32cubemx/CMakeFiles/STM32_Drivers.dir/__/__/Drivers/STM32G0xx_HAL_Driver/Src/stm32g0xx_hal.c.obj
 .debug_aranges
                0x000008b0      0x1d8 cmake/stm32cubemx/CMakeFiles/STM32_Drivers.dir/__/__/Drivers/STM32G0xx_HAL_Driver/Src/stm32g0xx_hal_spi.c.obj
 .debug_aranges
                0x00000a88      0x3e0 cmake/stm32cubemx/CMakeFiles/STM32_Drivers.dir/__/__/Drivers/STM32G0xx_HAL_Driver/Src/stm32g0xx_hal_tim.c.obj
 .debug_aranges
                0x00000e68      0x198 cmake/stm32cubemx/CMakeFiles/STM32_Drivers.dir/__/__/Drivers/STM32G0xx_HAL_Driver/Src/stm32g0xx_hal_tim_ex.c.obj
 .debug_aranges
                0x00001000      0x248 cmake/stm32cubemx/CMakeFiles/STM32_Drivers.dir/__/__/Drivers/STM32G0xx_HAL_Driver/Src/stm32g0xx_hal_uart.c.obj
 .debug_aranges
                0x00001248       0xa8 cmake/stm32cubemx/CMakeFiles/STM32_Drivers.dir/__/__/Drivers/STM32G0xx_HAL_Driver/Src/stm32g0xx_hal_uart_ex.c.obj
 .debug_aranges
                0x000012f0       0x20 C:/ST/STM32CubeIDE_1.19.0/STM32CubeIDE/plugins/com.st.stm32cube.ide.mcu.externaltools.gnu-tools-for-stm32.13.3.rel1.win32_1.0.100.202509120712/tools/bin/../lib/gcc/arm-none-eabi/13.3.1/../../../../arm-none-eabi/lib/thumb/v6-m/nofp\libg_nano.a(libc_a-memset.o)
 .debug_aranges
                0x00001310       0x20 C:/ST/STM32CubeIDE_1.19.0/STM32CubeIDE/plugins/com.st.stm32cube.ide.mcu.externaltools.gnu-tools-for-stm32.13.3.rel1.win32_1.0.100.202509120712/tools/bin/../lib/gcc/arm-none-eabi/13.3.1/../../../../arm-none-eabi/lib/thumb/v6-m/nofp\libg_nano.a(libc_a-init.o)

.debug_rnglists
                0x00000000      0xef8
 .debug_rnglists
                0x00000000       0x2f CMakeFiles/front.dir/Core/Src/main.c.obj
 .debug_rnglists
                0x0000002f       0x13 CMakeFiles/front.dir/Core/Src/dma.c.obj
 .debug_rnglists
                0x00000042       0x20 CMakeFiles/front.dir/Core/Src/lptim.c.obj
 .debug_rnglists
                0x00000062       0x20 CMakeFiles/front.dir/Core/Src/spi.c.obj
 .debug_rnglists
                0x00000082       0x30 CMakeFiles/front.dir/Core/Src/tim.c.obj
 .debug_rnglists
                0x000000b2       0x21 CMakeFiles/front.dir/Core/Src/usart.c.obj
 .debug_rnglists
                0x000000d3       0x3d CMakeFiles/front.dir/Core/Src/stm32g0xx_it.c.obj
 .debug_rnglists
                0x00000110       0x13 CMakeFiles/front.dir/Core/Src/stm32g0xx_hal_msp.c.obj
 .debug_rnglists
                0x00000123       0x19 CMakeFiles/front.dir/startup_stm32g071xx.s.obj
 .debug_rnglists
                0x0000013c       0x34 CMakeFiles/front.dir/Core/Src/KeyMatrix.c.obj
 .debug_rnglists
                0x00000170       0x2d CMakeFiles/front.dir/Core/Src/Neopixels.c.obj
 .debug_rnglists
                0x0000019d       0x1a cmake/stm32cubemx/CMakeFiles/STM32_Drivers.dir/__/__/Core/Src/system_stm32g0xx.c.obj
 .debug_rnglists
                0x000001b7      0x11d cmake/stm32cubemx/CMakeFiles/STM32_Drivers.dir/__/__/Drivers/STM32G0xx_HAL_Driver/Src/stm32g0xx_hal_lptim.c.obj
 .debug_rnglists
                0x000002d4       0x79 cmake/stm32cubemx/CMakeFiles/STM32_Drivers.dir/__/__/Drivers/STM32G0xx_HAL_Driver/Src/stm32g0xx_hal_rcc.c.obj
 .debug_rnglists
                0x0000034d       0x30 cmake/stm32cubemx/CMakeFiles/STM32_Drivers.dir/__/__/Drivers/STM32G0xx_HAL_Driver/Src/stm32g0xx_hal_rcc_ex.c.obj
 .debug_rnglists
                0x0000037d       0x45 cmake/stm32cubemx/CMakeFiles/STM32_Drivers.dir/__/__/Drivers/STM32G0xx_HAL_Driver/Src/stm32g0xx_hal_gpio.c.obj
 .debug_rnglists
                0x000003c2       0x72 cmake/stm32cubemx/CMakeFiles/STM32_Drivers.dir/__/__/Drivers/STM32G0xx_HAL_Driver/Src/stm32g0xx_hal_dma.c.obj
 .debug_rnglists
                0x00000434       0xb5 cmake/stm32cubemx/CMakeFiles/STM32_Drivers.dir/__/__/Drivers/STM32G0xx_HAL_Driver/Src/stm32g0xx_hal_pwr_ex.c.obj
 .debug_rnglists
                0x000004e9       0xaa cmake/stm32cubemx/CMakeFiles/STM32_Drivers.dir/__/__/Drivers/STM32G0xx_HAL_Driver/Src/stm32g0xx_hal_cortex.c.obj
 .debug_rnglists
                0x00000593       0xd4 cmake/stm32cubemx/CMakeFiles/STM32_Drivers.dir/__/__/Drivers/STM32G0xx_HAL_Driver/Src/stm32g0xx_hal.c.obj
 .debug_rnglists
                0x00000667      0x179 cmake/stm32cubemx/CMakeFiles/STM32_Drivers.dir/__/__/Drivers/STM32G0xx_HAL_Driver/Src/stm32g0xx_hal_spi.c.obj
 .debug_rnglists
                0x000007e0      0x32b cmake/stm32cubemx/CMakeFiles/STM32_Drivers.dir/__/__/Drivers/STM32G0xx_HAL_Driver/Src/stm32g0xx_hal_tim.c.obj
 .debug_rnglists
                0x00000b0b      0x14e cmake/stm32cubemx/CMakeFiles/STM32_Drivers.dir/__/__/Drivers/STM32G0xx_HAL_Driver/Src/stm32g0xx_hal_tim_ex.c.obj
 .debug_rnglists
                0x00000c59      0x1f9 cmake/stm32cubemx/CMakeFiles/STM32_Drivers.dir/__/__/Drivers/STM32G0xx_HAL_Driver/Src/stm32g0xx_hal_uart.c.obj
 .debug_rnglists
                0x00000e52       0x80 cmake/stm32cubemx/CMakeFiles/STM32_Drivers.dir/__/__/Drivers/STM32G0xx_HAL_Driver/Src/stm32g0xx_hal_uart_ex.c.obj
 .debug_rnglists
                0x00000ed2       0x13 C:/ST/STM32CubeIDE_1.19.0/STM32CubeIDE/plugins/com.st.stm32cube.ide.mcu.externaltools.gnu-tools-for-stm32.13.3.rel1.win32_1.0.100.202509120712/tools/bin/../lib/gcc/arm-none-eabi/13.3.1/../../../../arm-none-eabi/lib/thumb/v6-m/nofp\libg_nano.a(libc_a-memset.o)
 .debug_rnglists
                0x00000ee5       0x13 C:/ST/STM32CubeIDE_1.19.0/STM32CubeIDE/plugins/com.st.stm32cube.ide.mcu.externaltools.gnu-tools-for-stm32.13.3.rel1.win32_1.0.100.202509120712/tools/bin/../lib/gcc/arm-none-eabi/13.3.1/../../../../arm-none-eabi/lib/thumb/v6-m/nofp\libg_nano.a(libc_a-init.o)

.debug_macro    0x00000000    0x19df0
 .debug_macro   0x00000000      0x273 CMakeFiles/front.dir/Core/Src/main.c.obj
 .debug_macro   0x00000273      0xaae CMakeFiles/front.dir/Core/Src/main.c.obj
 .debug_macro   0x00000d21      0x129 CMakeFiles/front.dir/Core/Src/main.c.obj
 .debug_macro   0x00000e4a       0x2e CMakeFiles/front.dir/Core/Src/main.c.obj
 .debug_macro   0x00000e78       0x28 CMakeFiles/front.dir/Core/Src/main.c.obj
 .debug_macro   0x00000ea0       0x22 CMakeFiles/front.dir/Core/Src/main.c.obj
 .debug_macro   0x00000ec2       0x8e CMakeFiles/front.dir/Core/Src/main.c.obj
 .debug_macro   0x00000f50       0x51 CMakeFiles/front.dir/Core/Src/main.c.obj
 .debug_macro   0x00000fa1      0x103 CMakeFiles/front.dir/Core/Src/main.c.obj
 .debug_macro   0x000010a4       0x6a CMakeFiles/front.dir/Core/Src/main.c.obj
 .debug_macro   0x0000110e      0x1df CMakeFiles/front.dir/Core/Src/main.c.obj
 .debug_macro   0x000012ed       0x1c CMakeFiles/front.dir/Core/Src/main.c.obj
 .debug_macro   0x00001309       0x22 CMakeFiles/front.dir/Core/Src/main.c.obj
 .debug_macro   0x0000132b       0xd1 CMakeFiles/front.dir/Core/Src/main.c.obj
 .debug_macro   0x000013fc      0x4da CMakeFiles/front.dir/Core/Src/main.c.obj
 .debug_macro   0x000018d6      0x11f CMakeFiles/front.dir/Core/Src/main.c.obj
 .debug_macro   0x000019f5     0xc7b5 CMakeFiles/front.dir/Core/Src/main.c.obj
 .debug_macro   0x0000e1aa       0x66 CMakeFiles/front.dir/Core/Src/main.c.obj
 .debug_macro   0x0000e210     0x3512 CMakeFiles/front.dir/Core/Src/main.c.obj
 .debug_macro   0x00011722      0x190 CMakeFiles/front.dir/Core/Src/main.c.obj
 .debug_macro   0x000118b2       0x5c CMakeFiles/front.dir/Core/Src/main.c.obj
 .debug_macro   0x0001190e      0x56c CMakeFiles/front.dir/Core/Src/main.c.obj
 .debug_macro   0x00011e7a     0x1122 CMakeFiles/front.dir/Core/Src/main.c.obj
 .debug_macro   0x00012f9c      0x264 CMakeFiles/front.dir/Core/Src/main.c.obj
 .debug_macro   0x00013200      0x1cf CMakeFiles/front.dir/Core/Src/main.c.obj
 .debug_macro   0x000133cf      0x1d8 CMakeFiles/front.dir/Core/Src/main.c.obj
 .debug_macro   0x000135a7      0x426 CMakeFiles/front.dir/Core/Src/main.c.obj
 .debug_macro   0x000139cd      0x280 CMakeFiles/front.dir/Core/Src/main.c.obj
 .debug_macro   0x00013c4d      0x3a7 CMakeFiles/front.dir/Core/Src/main.c.obj
 .debug_macro   0x00013ff4      0x1b2 CMakeFiles/front.dir/Core/Src/main.c.obj
 .debug_macro   0x000141a6       0x43 CMakeFiles/front.dir/Core/Src/main.c.obj
 .debug_macro   0x000141e9      0x1f1 CMakeFiles/front.dir/Core/Src/main.c.obj
 .debug_macro   0x000143da      0x1d6 CMakeFiles/front.dir/Core/Src/main.c.obj
 .debug_macro   0x000145b0      0x38a CMakeFiles/front.dir/Core/Src/main.c.obj
 .debug_macro   0x0001493a       0x28 CMakeFiles/front.dir/Core/Src/main.c.obj
 .debug_macro   0x00014962       0xe4 CMakeFiles/front.dir/Core/Src/main.c.obj
 .debug_macro   0x00014a46      0x2bd CMakeFiles/front.dir/Core/Src/main.c.obj
 .debug_macro   0x00014d03      0x125 CMakeFiles/front.dir/Core/Src/main.c.obj
 .debug_macro   0x00014e28      0x240 CMakeFiles/front.dir/Core/Src/main.c.obj
 .debug_macro   0x00015068      0x305 CMakeFiles/front.dir/Core/Src/main.c.obj
 .debug_macro   0x0001536d      0xad0 CMakeFiles/front.dir/Core/Src/main.c.obj
 .debug_macro   0x00015e3d      0x1a1 CMakeFiles/front.dir/Core/Src/main.c.obj
 .debug_macro   0x00015fde      0x693 CMakeFiles/front.dir/Core/Src/main.c.obj
 .debug_macro   0x00016671       0xa6 CMakeFiles/front.dir/Core/Src/main.c.obj
 .debug_macro   0x00016717      0x4f2 CMakeFiles/front.dir/Core/Src/main.c.obj
 .debug_macro   0x00016c09      0x100 CMakeFiles/front.dir/Core/Src/main.c.obj
 .debug_macro   0x00016d09       0x46 CMakeFiles/front.dir/Core/Src/main.c.obj
 .debug_macro   0x00016d4f       0x1c CMakeFiles/front.dir/Core/Src/main.c.obj
 .debug_macro   0x00016d6b      0x217 CMakeFiles/front.dir/Core/Src/dma.c.obj
 .debug_macro   0x00016f82      0x217 CMakeFiles/front.dir/Core/Src/lptim.c.obj
 .debug_macro   0x00017199      0x217 CMakeFiles/front.dir/Core/Src/spi.c.obj
 .debug_macro   0x000173b0      0x217 CMakeFiles/front.dir/Core/Src/tim.c.obj
 .debug_macro   0x000175c7      0x217 CMakeFiles/front.dir/Core/Src/usart.c.obj
 .debug_macro   0x000177de      0x217 CMakeFiles/front.dir/Core/Src/stm32g0xx_it.c.obj
 .debug_macro   0x000179f5      0x20d CMakeFiles/front.dir/Core/Src/stm32g0xx_hal_msp.c.obj
 .debug_macro   0x00017c02      0x258 CMakeFiles/front.dir/Core/Src/KeyMatrix.c.obj
 .debug_macro   0x00017e5a       0x40 CMakeFiles/front.dir/Core/Src/KeyMatrix.c.obj
 .debug_macro   0x00017e9a      0x260 CMakeFiles/front.dir/Core/Src/Neopixels.c.obj
 .debug_macro   0x000180fa      0x1fe cmake/stm32cubemx/CMakeFiles/STM32_Drivers.dir/__/__/Core/Src/system_stm32g0xx.c.obj
 .debug_macro   0x000182f8      0x214 cmake/stm32cubemx/CMakeFiles/STM32_Drivers.dir/__/__/Drivers/STM32G0xx_HAL_Driver/Src/stm32g0xx_hal_lptim.c.obj
 .debug_macro   0x0001850c      0x240 cmake/stm32cubemx/CMakeFiles/STM32_Drivers.dir/__/__/Drivers/STM32G0xx_HAL_Driver/Src/stm32g0xx_hal_rcc.c.obj
 .debug_macro   0x0001874c      0x216 cmake/stm32cubemx/CMakeFiles/STM32_Drivers.dir/__/__/Drivers/STM32G0xx_HAL_Driver/Src/stm32g0xx_hal_rcc_ex.c.obj
 .debug_macro   0x00018962      0x205 cmake/stm32cubemx/CMakeFiles/STM32_Drivers.dir/__/__/Drivers/STM32G0xx_HAL_Driver/Src/stm32g0xx_hal_gpio.c.obj
 .debug_macro   0x00018b67      0x1fe cmake/stm32cubemx/CMakeFiles/STM32_Drivers.dir/__/__/Drivers/STM32G0xx_HAL_Driver/Src/stm32g0xx_hal_dma.c.obj
 .debug_macro   0x00018d65      0x228 cmake/stm32cubemx/CMakeFiles/STM32_Drivers.dir/__/__/Drivers/STM32G0xx_HAL_Driver/Src/stm32g0xx_hal_pwr_ex.c.obj
 .debug_macro   0x00018f8d      0x1fe cmake/stm32cubemx/CMakeFiles/STM32_Drivers.dir/__/__/Drivers/STM32G0xx_HAL_Driver/Src/stm32g0xx_hal_cortex.c.obj
 .debug_macro   0x0001918b      0x222 cmake/stm32cubemx/CMakeFiles/STM32_Drivers.dir/__/__/Drivers/STM32G0xx_HAL_Driver/Src/stm32g0xx_hal.c.obj
 .debug_macro   0x000193ad      0x206 cmake/stm32cubemx/CMakeFiles/STM32_Drivers.dir/__/__/Drivers/STM32G0xx_HAL_Driver/Src/stm32g0xx_hal_spi.c.obj
 .debug_macro   0x000195b3      0x206 cmake/stm32cubemx/CMakeFiles/STM32_Drivers.dir/__/__/Drivers/STM32G0xx_HAL_Driver/Src/stm32g0xx_hal_tim.c.obj
 .debug_macro   0x000197b9      0x204 cmake/stm32cubemx/CMakeFiles/STM32_Drivers.dir/__/__/Drivers/STM32G0xx_HAL_Driver/Src/stm32g0xx_hal_tim_ex.c.obj
 .debug_macro   0x000199bd      0x229 cmake/stm32cubemx/CMakeFiles/STM32_Drivers.dir/__/__/Drivers/STM32G0xx_HAL_Driver/Src/stm32g0xx_hal_uart.c.obj
 .debug_macro   0x00019be6      0x20a cmake/stm32cubemx/CMakeFiles/STM32_Drivers.dir/__/__/Drivers/STM32G0xx_HAL_Driver/Src/stm32g0xx_hal_uart_ex.c.obj

.debug_line     0x00000000    0x1cb31
 .debug_line    0x00000000      0xc34 CMakeFiles/front.dir/Core/Src/main.c.obj
 .debug_line    0x00000c34      0xa37 CMakeFiles/front.dir/Core/Src/dma.c.obj
 .debug_line    0x0000166b      0xac2 CMakeFiles/front.dir/Core/Src/lptim.c.obj
 .debug_line    0x0000212d      0xae4 CMakeFiles/front.dir/Core/Src/spi.c.obj
 .debug_line    0x00002c11      0xc08 CMakeFiles/front.dir/Core/Src/tim.c.obj
 .debug_line    0x00003819      0xb46 CMakeFiles/front.dir/Core/Src/usart.c.obj
 .debug_line    0x0000435f      0xadf CMakeFiles/front.dir/Core/Src/stm32g0xx_it.c.obj
 .debug_line    0x00004e3e      0xa39 CMakeFiles/front.dir/Core/Src/stm32g0xx_hal_msp.c.obj
 .debug_line    0x00005877       0x7b CMakeFiles/front.dir/startup_stm32g071xx.s.obj
 .debug_line    0x000058f2      0xbcf CMakeFiles/front.dir/Core/Src/KeyMatrix.c.obj
 .debug_line    0x000064c1      0xc46 CMakeFiles/front.dir/Core/Src/Neopixels.c.obj
 .debug_line    0x00007107      0xaac cmake/stm32cubemx/CMakeFiles/STM32_Drivers.dir/__/__/Core/Src/system_stm32g0xx.c.obj
 .debug_line    0x00007bb3     0x1553 cmake/stm32cubemx/CMakeFiles/STM32_Drivers.dir/__/__/Drivers/STM32G0xx_HAL_Driver/Src/stm32g0xx_hal_lptim.c.obj
 .debug_line    0x00009106     0x12c3 cmake/stm32cubemx/CMakeFiles/STM32_Drivers.dir/__/__/Drivers/STM32G0xx_HAL_Driver/Src/stm32g0xx_hal_rcc.c.obj
 .debug_line    0x0000a3c9     0x104d cmake/stm32cubemx/CMakeFiles/STM32_Drivers.dir/__/__/Drivers/STM32G0xx_HAL_Driver/Src/stm32g0xx_hal_rcc_ex.c.obj
 .debug_line    0x0000b416      0xe43 cmake/stm32cubemx/CMakeFiles/STM32_Drivers.dir/__/__/Drivers/STM32G0xx_HAL_Driver/Src/stm32g0xx_hal_gpio.c.obj
 .debug_line    0x0000c259     0x106e cmake/stm32cubemx/CMakeFiles/STM32_Drivers.dir/__/__/Drivers/STM32G0xx_HAL_Driver/Src/stm32g0xx_hal_dma.c.obj
 .debug_line    0x0000d2c7      0xdcb cmake/stm32cubemx/CMakeFiles/STM32_Drivers.dir/__/__/Drivers/STM32G0xx_HAL_Driver/Src/stm32g0xx_hal_pwr_ex.c.obj
 .debug_line    0x0000e092      0xe87 cmake/stm32cubemx/CMakeFiles/STM32_Drivers.dir/__/__/Drivers/STM32G0xx_HAL_Driver/Src/stm32g0xx_hal_cortex.c.obj
 .debug_line    0x0000ef19      0xdf2 cmake/stm32cubemx/CMakeFiles/STM32_Drivers.dir/__/__/Drivers/STM32G0xx_HAL_Driver/Src/stm32g0xx_hal.c.obj
 .debug_line    0x0000fd0b     0x227a cmake/stm32cubemx/CMakeFiles/STM32_Drivers.dir/__/__/Drivers/STM32G0xx_HAL_Driver/Src/stm32g0xx_hal_spi.c.obj
 .debug_line    0x00011f85     0x403a cmake/stm32cubemx/CMakeFiles/STM32_Drivers.dir/__/__/Drivers/STM32G0xx_HAL_Driver/Src/stm32g0xx_hal_tim.c.obj
 .debug_line    0x00015fbf     0x1ebc cmake/stm32cubemx/CMakeFiles/STM32_Drivers.dir/__/__/Drivers/STM32G0xx_HAL_Driver/Src/stm32g0xx_hal_tim_ex.c.obj
 .debug_line    0x00017e7b     0x39cd cmake/stm32cubemx/CMakeFiles/STM32_Drivers.dir/__/__/Drivers/STM32G0xx_HAL_Driver/Src/stm32g0xx_hal_uart.c.obj
 .debug_line    0x0001b848     0x1005 cmake/stm32cubemx/CMakeFiles/STM32_Drivers.dir/__/__/Drivers/STM32G0xx_HAL_Driver/Src/stm32g0xx_hal_uart_ex.c.obj
 .debug_line    0x0001c84d      0x178 C:/ST/STM32CubeIDE_1.19.0/STM32CubeIDE/plugins/com.st.stm32cube.ide.mcu.externaltools.gnu-tools-for-stm32.13.3.rel1.win32_1.0.100.202509120712/tools/bin/../lib/gcc/arm-none-eabi/13.3.1/../../../../arm-none-eabi/lib/thumb/v6-m/nofp\libg_nano.a(libc_a-memset.o)
 .debug_line    0x0001c9c5      0x16c C:/ST/STM32CubeIDE_1.19.0/STM32CubeIDE/plugins/com.st.stm32cube.ide.mcu.externaltools.gnu-tools-for-stm32.13.3.rel1.win32_1.0.100.202509120712/tools/bin/../lib/gcc/arm-none-eabi/13.3.1/../../../../arm-none-eabi/lib/thumb/v6-m/nofp\libg_nano.a(libc_a-init.o)

.debug_str      0x00000000    0xa3584
 .debug_str     0x00000000    0xa3584 CMakeFiles/front.dir/Core/Src/main.c.obj
                              0x9e84d (size before relaxing)
 .debug_str     0x000a3584        0x0 CMakeFiles/front.dir/Core/Src/dma.c.obj
                              0x9d977 (size before relaxing)
 .debug_str     0x000a3584        0x0 CMakeFiles/front.dir/Core/Src/lptim.c.obj
                              0x9dbb8 (size before relaxing)
 .debug_str     0x000a3584        0x0 CMakeFiles/front.dir/Core/Src/spi.c.obj
                              0x9dd4f (size before relaxing)
 .debug_str     0x000a3584        0x0 CMakeFiles/front.dir/Core/Src/tim.c.obj
                              0x9e0ee (size before relaxing)
 .debug_str     0x000a3584        0x0 CMakeFiles/front.dir/Core/Src/usart.c.obj
                              0x9e1b4 (size before relaxing)
 .debug_str     0x000a3584        0x0 CMakeFiles/front.dir/Core/Src/stm32g0xx_it.c.obj
                              0x9dcc2 (size before relaxing)
 .debug_str     0x000a3584        0x0 CMakeFiles/front.dir/Core/Src/stm32g0xx_hal_msp.c.obj
                              0x9d758 (size before relaxing)
 .debug_str     0x000a3584        0x0 CMakeFiles/front.dir/startup_stm32g071xx.s.obj
                                 0xe9 (size before relaxing)
 .debug_str     0x000a3584        0x0 CMakeFiles/front.dir/Core/Src/KeyMatrix.c.obj
                              0x9de65 (size before relaxing)
 .debug_str     0x000a3584        0x0 CMakeFiles/front.dir/Core/Src/Neopixels.c.obj
                              0x9dcba (size before relaxing)
 .debug_str     0x000a3584        0x0 cmake/stm32cubemx/CMakeFiles/STM32_Drivers.dir/__/__/Core/Src/system_stm32g0xx.c.obj
                              0x9d46e (size before relaxing)
 .debug_str     0x000a3584        0x0 cmake/stm32cubemx/CMakeFiles/STM32_Drivers.dir/__/__/Drivers/STM32G0xx_HAL_Driver/Src/stm32g0xx_hal_lptim.c.obj
                              0x9dc9c (size before relaxing)
 .debug_str     0x000a3584        0x0 cmake/stm32cubemx/CMakeFiles/STM32_Drivers.dir/__/__/Drivers/STM32G0xx_HAL_Driver/Src/stm32g0xx_hal_rcc.c.obj
                              0x9dbc4 (size before relaxing)
 .debug_str     0x000a3584        0x0 cmake/stm32cubemx/CMakeFiles/STM32_Drivers.dir/__/__/Drivers/STM32G0xx_HAL_Driver/Src/stm32g0xx_hal_rcc_ex.c.obj
                              0x9d838 (size before relaxing)
 .debug_str     0x000a3584        0x0 cmake/stm32cubemx/CMakeFiles/STM32_Drivers.dir/__/__/Drivers/STM32G0xx_HAL_Driver/Src/stm32g0xx_hal_gpio.c.obj
                              0x9d5b7 (size before relaxing)
 .debug_str     0x000a3584        0x0 cmake/stm32cubemx/CMakeFiles/STM32_Drivers.dir/__/__/Drivers/STM32G0xx_HAL_Driver/Src/stm32g0xx_hal_dma.c.obj
                              0x9d908 (size before relaxing)
 .debug_str     0x000a3584        0x0 cmake/stm32cubemx/CMakeFiles/STM32_Drivers.dir/__/__/Drivers/STM32G0xx_HAL_Driver/Src/stm32g0xx_hal_pwr_ex.c.obj
                              0x9d8fb (size before relaxing)
 .debug_str     0x000a3584        0x0 cmake/stm32cubemx/CMakeFiles/STM32_Drivers.dir/__/__/Drivers/STM32G0xx_HAL_Driver/Src/stm32g0xx_hal_cortex.c.obj
                              0x9d935 (size before relaxing)
 .debug_str     0x000a3584        0x0 cmake/stm32cubemx/CMakeFiles/STM32_Drivers.dir/__/__/Drivers/STM32G0xx_HAL_Driver/Src/stm32g0xx_hal.c.obj
                              0x9dc72 (size before relaxing)
 .debug_str     0x000a3584        0x0 cmake/stm32cubemx/CMakeFiles/STM32_Drivers.dir/__/__/Drivers/STM32G0xx_HAL_Driver/Src/stm32g0xx_hal_spi.c.obj
                              0x9de4e (size before relaxing)
 .debug_str     0x000a3584        0x0 cmake/stm32cubemx/CMakeFiles/STM32_Drivers.dir/__/__/Drivers/STM32G0xx_HAL_Driver/Src/stm32g0xx_hal_tim.c.obj
                              0x9e9b6 (size before relaxing)
 .debug_str     0x000a3584        0x0 cmake/stm32cubemx/CMakeFiles/STM32_Drivers.dir/__/__/Drivers/STM32G0xx_HAL_Driver/Src/stm32g0xx_hal_tim_ex.c.obj
                              0x9e33e (size before relaxing)
 .debug_str     0x000a3584        0x0 cmake/stm32cubemx/CMakeFiles/STM32_Drivers.dir/__/__/Drivers/STM32G0xx_HAL_Driver/Src/stm32g0xx_hal_uart.c.obj
                              0x9e439 (size before relaxing)
 .debug_str     0x000a3584        0x0 cmake/stm32cubemx/CMakeFiles/STM32_Drivers.dir/__/__/Drivers/STM32G0xx_HAL_Driver/Src/stm32g0xx_hal_uart_ex.c.obj
                              0x9dcf8 (size before relaxing)
 .debug_str     0x000a3584        0x0 C:/ST/STM32CubeIDE_1.19.0/STM32CubeIDE/plugins/com.st.stm32cube.ide.mcu.externaltools.gnu-tools-for-stm32.13.3.rel1.win32_1.0.100.202509120712/tools/bin/../lib/gcc/arm-none-eabi/13.3.1/../../../../arm-none-eabi/lib/thumb/v6-m/nofp\libg_nano.a(libc_a-memset.o)
                                0x20a (size before relaxing)
 .debug_str     0x000a3584        0x0 C:/ST/STM32CubeIDE_1.19.0/STM32CubeIDE/plugins/com.st.stm32cube.ide.mcu.externaltools.gnu-tools-for-stm32.13.3.rel1.win32_1.0.100.202509120712/tools/bin/../lib/gcc/arm-none-eabi/13.3.1/../../../../arm-none-eabi/lib/thumb/v6-m/nofp\libg_nano.a(libc_a-init.o)
                                0x26b (size before relaxing)

.debug_frame    0x00000000     0x43a4
 .debug_frame   0x00000000       0xb0 CMakeFiles/front.dir/Core/Src/main.c.obj
 .debug_frame   0x000000b0       0x30 CMakeFiles/front.dir/Core/Src/dma.c.obj
 .debug_frame   0x000000e0       0x6c CMakeFiles/front.dir/Core/Src/lptim.c.obj
 .debug_frame   0x0000014c       0x6c CMakeFiles/front.dir/Core/Src/spi.c.obj
 .debug_frame   0x000001b8       0xb0 CMakeFiles/front.dir/Core/Src/tim.c.obj
 .debug_frame   0x00000268       0x6c CMakeFiles/front.dir/Core/Src/usart.c.obj
 .debug_frame   0x000002d4       0xf0 CMakeFiles/front.dir/Core/Src/stm32g0xx_it.c.obj
 .debug_frame   0x000003c4       0x30 CMakeFiles/front.dir/Core/Src/stm32g0xx_hal_msp.c.obj
 .debug_frame   0x000003f4       0xcc CMakeFiles/front.dir/Core/Src/KeyMatrix.c.obj
 .debug_frame   0x000004c0       0xb4 CMakeFiles/front.dir/Core/Src/Neopixels.c.obj
 .debug_frame   0x00000574       0x4c cmake/stm32cubemx/CMakeFiles/STM32_Drivers.dir/__/__/Core/Src/system_stm32g0xx.c.obj
 .debug_frame   0x000005c0      0x550 cmake/stm32cubemx/CMakeFiles/STM32_Drivers.dir/__/__/Drivers/STM32G0xx_HAL_Driver/Src/stm32g0xx_hal_lptim.c.obj
 .debug_frame   0x00000b10      0x214 cmake/stm32cubemx/CMakeFiles/STM32_Drivers.dir/__/__/Drivers/STM32G0xx_HAL_Driver/Src/stm32g0xx_hal_rcc.c.obj
 .debug_frame   0x00000d24       0xb4 cmake/stm32cubemx/CMakeFiles/STM32_Drivers.dir/__/__/Drivers/STM32G0xx_HAL_Driver/Src/stm32g0xx_hal_rcc_ex.c.obj
 .debug_frame   0x00000dd8      0x130 cmake/stm32cubemx/CMakeFiles/STM32_Drivers.dir/__/__/Drivers/STM32G0xx_HAL_Driver/Src/stm32g0xx_hal_gpio.c.obj
 .debug_frame   0x00000f08      0x1f0 cmake/stm32cubemx/CMakeFiles/STM32_Drivers.dir/__/__/Drivers/STM32G0xx_HAL_Driver/Src/stm32g0xx_hal_dma.c.obj
 .debug_frame   0x000010f8      0x32c cmake/stm32cubemx/CMakeFiles/STM32_Drivers.dir/__/__/Drivers/STM32G0xx_HAL_Driver/Src/stm32g0xx_hal_pwr_ex.c.obj
 .debug_frame   0x00001424      0x33c cmake/stm32cubemx/CMakeFiles/STM32_Drivers.dir/__/__/Drivers/STM32G0xx_HAL_Driver/Src/stm32g0xx_hal_cortex.c.obj
 .debug_frame   0x00001760      0x3dc cmake/stm32cubemx/CMakeFiles/STM32_Drivers.dir/__/__/Drivers/STM32G0xx_HAL_Driver/Src/stm32g0xx_hal.c.obj
 .debug_frame   0x00001b3c      0x710 cmake/stm32cubemx/CMakeFiles/STM32_Drivers.dir/__/__/Drivers/STM32G0xx_HAL_Driver/Src/stm32g0xx_hal_spi.c.obj
 .debug_frame   0x0000224c      0xf40 cmake/stm32cubemx/CMakeFiles/STM32_Drivers.dir/__/__/Drivers/STM32G0xx_HAL_Driver/Src/stm32g0xx_hal_tim.c.obj
 .debug_frame   0x0000318c      0x620 cmake/stm32cubemx/CMakeFiles/STM32_Drivers.dir/__/__/Drivers/STM32G0xx_HAL_Driver/Src/stm32g0xx_hal_tim_ex.c.obj
 .debug_frame   0x000037ac      0x8d8 cmake/stm32cubemx/CMakeFiles/STM32_Drivers.dir/__/__/Drivers/STM32G0xx_HAL_Driver/Src/stm32g0xx_hal_uart.c.obj
 .debug_frame   0x00004084      0x258 cmake/stm32cubemx/CMakeFiles/STM32_Drivers.dir/__/__/Drivers/STM32G0xx_HAL_Driver/Src/stm32g0xx_hal_uart_ex.c.obj